<!doctype html public "-//w3c//dtd html 4.0 transitional//en">
<html><head>
<title>Static Call Graph - [.\Objects\ibm1391401.axf]</title></head>
<body><HR>
<H1>Static Call Graph for image .\Objects\ibm1391401.axf</H1><HR>
<BR><P>#&#060CALLGRAPH&#062# ARM Linker, 5060422: Last Updated: Tue May 02 11:02:15 2017
<BR><P>
<H3>Maximum Stack Usage =        288 bytes + Unknown(Cycles, Untraceable Function Pointers)</H3><H3>
Call chain for Maximum Stack Depth:</H3>
USBD0_Core_Thread &rArr; USBD_Core_Thread &rArr; USBD_Core &rArr; USBD_Endpoint0 &rArr; USBD_ReqSetInterface &rArr; USBD_EndpointStart &rArr; USBD_HID_EndpointStart &rArr; USBD_DriverEndpointTransfer &rArr; USBD_DriverEndpointTransferAbort &rArr; USBD_SemaphoreRelease &rArr; osSemaphoreRelease &rArr; isrSemaphoreRelease &rArr; isr_sem_send &rArr; rt_psq_enq
<P>
<H3>
Mutually Recursive functions
</H3> <LI><a href="#[35]">rt_alloc_box</a>&nbsp;&nbsp;&nbsp;&rArr;&nbsp;&nbsp;&nbsp;<a href="#[35]">rt_alloc_box</a><BR>
 <LI><a href="#[1]">NMI_Handler</a>&nbsp;&nbsp;&nbsp;&rArr;&nbsp;&nbsp;&nbsp;<a href="#[1]">NMI_Handler</a><BR>
 <LI><a href="#[2]">HardFault_Handler</a>&nbsp;&nbsp;&nbsp;&rArr;&nbsp;&nbsp;&nbsp;<a href="#[2]">HardFault_Handler</a><BR>
 <LI><a href="#[3]">MemManage_Handler</a>&nbsp;&nbsp;&nbsp;&rArr;&nbsp;&nbsp;&nbsp;<a href="#[3]">MemManage_Handler</a><BR>
 <LI><a href="#[4]">BusFault_Handler</a>&nbsp;&nbsp;&nbsp;&rArr;&nbsp;&nbsp;&nbsp;<a href="#[4]">BusFault_Handler</a><BR>
 <LI><a href="#[5]">UsageFault_Handler</a>&nbsp;&nbsp;&nbsp;&rArr;&nbsp;&nbsp;&nbsp;<a href="#[5]">UsageFault_Handler</a><BR>
 <LI><a href="#[7]">DebugMon_Handler</a>&nbsp;&nbsp;&nbsp;&rArr;&nbsp;&nbsp;&nbsp;<a href="#[7]">DebugMon_Handler</a><BR>
 <LI><a href="#[1c]">ADC1_2_IRQHandler</a>&nbsp;&nbsp;&nbsp;&rArr;&nbsp;&nbsp;&nbsp;<a href="#[1c]">ADC1_2_IRQHandler</a><BR>
</UL>
<P>
<H3>
Function Pointers
</H3><UL>
 <LI><a href="#[1c]">ADC1_2_IRQHandler</a> from startup_stm32f10x_md.o(.text) referenced from startup_stm32f10x_md.o(RESET)
 <LI><a href="#[4]">BusFault_Handler</a> from startup_stm32f10x_md.o(.text) referenced from startup_stm32f10x_md.o(RESET)
 <LI><a href="#[1f]">CAN1_RX1_IRQHandler</a> from startup_stm32f10x_md.o(.text) referenced from startup_stm32f10x_md.o(RESET)
 <LI><a href="#[20]">CAN1_SCE_IRQHandler</a> from startup_stm32f10x_md.o(.text) referenced from startup_stm32f10x_md.o(RESET)
 <LI><a href="#[15]">DMA1_Channel1_IRQHandler</a> from dma_stm32f10x.o(i.DMA1_Channel1_IRQHandler) referenced from startup_stm32f10x_md.o(RESET)
 <LI><a href="#[16]">DMA1_Channel2_IRQHandler</a> from dma_stm32f10x.o(i.DMA1_Channel2_IRQHandler) referenced from startup_stm32f10x_md.o(RESET)
 <LI><a href="#[17]">DMA1_Channel3_IRQHandler</a> from dma_stm32f10x.o(i.DMA1_Channel3_IRQHandler) referenced from startup_stm32f10x_md.o(RESET)
 <LI><a href="#[18]">DMA1_Channel4_IRQHandler</a> from dma_stm32f10x.o(i.DMA1_Channel4_IRQHandler) referenced from startup_stm32f10x_md.o(RESET)
 <LI><a href="#[19]">DMA1_Channel5_IRQHandler</a> from dma_stm32f10x.o(i.DMA1_Channel5_IRQHandler) referenced from startup_stm32f10x_md.o(RESET)
 <LI><a href="#[1a]">DMA1_Channel6_IRQHandler</a> from dma_stm32f10x.o(i.DMA1_Channel6_IRQHandler) referenced from startup_stm32f10x_md.o(RESET)
 <LI><a href="#[1b]">DMA1_Channel7_IRQHandler</a> from dma_stm32f10x.o(i.DMA1_Channel7_IRQHandler) referenced from startup_stm32f10x_md.o(RESET)
 <LI><a href="#[7]">DebugMon_Handler</a> from startup_stm32f10x_md.o(.text) referenced from startup_stm32f10x_md.o(RESET)
 <LI><a href="#[10]">EXTI0_IRQHandler</a> from startup_stm32f10x_md.o(.text) referenced from startup_stm32f10x_md.o(RESET)
 <LI><a href="#[32]">EXTI15_10_IRQHandler</a> from startup_stm32f10x_md.o(.text) referenced from startup_stm32f10x_md.o(RESET)
 <LI><a href="#[11]">EXTI1_IRQHandler</a> from startup_stm32f10x_md.o(.text) referenced from startup_stm32f10x_md.o(RESET)
 <LI><a href="#[12]">EXTI2_IRQHandler</a> from startup_stm32f10x_md.o(.text) referenced from startup_stm32f10x_md.o(RESET)
 <LI><a href="#[13]">EXTI3_IRQHandler</a> from startup_stm32f10x_md.o(.text) referenced from startup_stm32f10x_md.o(RESET)
 <LI><a href="#[14]">EXTI4_IRQHandler</a> from startup_stm32f10x_md.o(.text) referenced from startup_stm32f10x_md.o(RESET)
 <LI><a href="#[21]">EXTI9_5_IRQHandler</a> from startup_stm32f10x_md.o(.text) referenced from startup_stm32f10x_md.o(RESET)
 <LI><a href="#[e]">FLASH_IRQHandler</a> from startup_stm32f10x_md.o(.text) referenced from startup_stm32f10x_md.o(RESET)
 <LI><a href="#[2]">HardFault_Handler</a> from startup_stm32f10x_md.o(.text) referenced from startup_stm32f10x_md.o(RESET)
 <LI><a href="#[2a]">I2C1_ER_IRQHandler</a> from startup_stm32f10x_md.o(.text) referenced from startup_stm32f10x_md.o(RESET)
 <LI><a href="#[29]">I2C1_EV_IRQHandler</a> from startup_stm32f10x_md.o(.text) referenced from startup_stm32f10x_md.o(RESET)
 <LI><a href="#[2c]">I2C2_ER_IRQHandler</a> from startup_stm32f10x_md.o(.text) referenced from startup_stm32f10x_md.o(RESET)
 <LI><a href="#[2b]">I2C2_EV_IRQHandler</a> from startup_stm32f10x_md.o(.text) referenced from startup_stm32f10x_md.o(RESET)
 <LI><a href="#[3]">MemManage_Handler</a> from startup_stm32f10x_md.o(.text) referenced from startup_stm32f10x_md.o(RESET)
 <LI><a href="#[1]">NMI_Handler</a> from startup_stm32f10x_md.o(.text) referenced from startup_stm32f10x_md.o(RESET)
 <LI><a href="#[b]">PVD_IRQHandler</a> from startup_stm32f10x_md.o(.text) referenced from startup_stm32f10x_md.o(RESET)
 <LI><a href="#[8]">PendSV_Handler</a> from hal_cm3.o(.emb_text) referenced from startup_stm32f10x_md.o(RESET)
 <LI><a href="#[f]">RCC_IRQHandler</a> from startup_stm32f10x_md.o(.text) referenced from startup_stm32f10x_md.o(RESET)
 <LI><a href="#[33]">RTCAlarm_IRQHandler</a> from startup_stm32f10x_md.o(.text) referenced from startup_stm32f10x_md.o(RESET)
 <LI><a href="#[d]">RTC_IRQHandler</a> from startup_stm32f10x_md.o(.text) referenced from startup_stm32f10x_md.o(RESET)
 <LI><a href="#[78]">Reset_Handler</a> from startup_stm32f10x_md.o(.text) referenced from startup_stm32f10x_md.o(RESET)
 <LI><a href="#[2d]">SPI1_IRQHandler</a> from startup_stm32f10x_md.o(.text) referenced from startup_stm32f10x_md.o(RESET)
 <LI><a href="#[2e]">SPI2_IRQHandler</a> from startup_stm32f10x_md.o(.text) referenced from startup_stm32f10x_md.o(RESET)
 <LI><a href="#[6]">SVC_Handler</a> from hal_cm3.o(.emb_text) referenced from startup_stm32f10x_md.o(RESET)
 <LI><a href="#[9]">SysTick_Handler</a> from hal_cm3.o(.emb_text) referenced from startup_stm32f10x_md.o(RESET)
 <LI><a href="#[37]">SystemInit</a> from system_stm32f10x.o(i.SystemInit) referenced from startup_stm32f10x_md.o(.text)
 <LI><a href="#[c]">TAMPER_IRQHandler</a> from startup_stm32f10x_md.o(.text) referenced from startup_stm32f10x_md.o(RESET)
 <LI><a href="#[22]">TIM1_BRK_IRQHandler</a> from startup_stm32f10x_md.o(.text) referenced from startup_stm32f10x_md.o(RESET)
 <LI><a href="#[25]">TIM1_CC_IRQHandler</a> from startup_stm32f10x_md.o(.text) referenced from startup_stm32f10x_md.o(RESET)
 <LI><a href="#[24]">TIM1_TRG_COM_IRQHandler</a> from startup_stm32f10x_md.o(.text) referenced from startup_stm32f10x_md.o(RESET)
 <LI><a href="#[23]">TIM1_UP_IRQHandler</a> from startup_stm32f10x_md.o(.text) referenced from startup_stm32f10x_md.o(RESET)
 <LI><a href="#[26]">TIM2_IRQHandler</a> from startup_stm32f10x_md.o(.text) referenced from startup_stm32f10x_md.o(RESET)
 <LI><a href="#[27]">TIM3_IRQHandler</a> from startup_stm32f10x_md.o(.text) referenced from startup_stm32f10x_md.o(RESET)
 <LI><a href="#[28]">TIM4_IRQHandler</a> from startup_stm32f10x_md.o(.text) referenced from startup_stm32f10x_md.o(RESET)
 <LI><a href="#[2f]">USART1_IRQHandler</a> from startup_stm32f10x_md.o(.text) referenced from startup_stm32f10x_md.o(RESET)
 <LI><a href="#[30]">USART2_IRQHandler</a> from startup_stm32f10x_md.o(.text) referenced from startup_stm32f10x_md.o(RESET)
 <LI><a href="#[31]">USART3_IRQHandler</a> from startup_stm32f10x_md.o(.text) referenced from startup_stm32f10x_md.o(RESET)
 <LI><a href="#[5f]">USBD0_Core_Thread</a> from usbd_lib_core.o(i.USBD0_Core_Thread) referenced from usbd_config_0.o(.constdata)
 <LI><a href="#[62]">USBD0_SignalDeviceEvent</a> from usbd_config_0.o(i.USBD0_SignalDeviceEvent) referenced from usbd_config_0.o(.constdata)
 <LI><a href="#[63]">USBD0_SignalEndpointEvent</a> from usbd_config_0.o(i.USBD0_SignalEndpointEvent) referenced from usbd_config_0.o(.constdata)
 <LI><a href="#[71]">USBD_Device0_ConfigurationChanged</a> from usbd_config_0.o(i.USBD_Device0_ConfigurationChanged) referenced from usbd_config_0.o(.constdata)
 <LI><a href="#[73]">USBD_Device0_DisableRemoteWakeup</a> from usbd_config_0.o(i.USBD_Device0_DisableRemoteWakeup) referenced from usbd_config_0.o(.constdata)
 <LI><a href="#[72]">USBD_Device0_EnableRemoteWakeup</a> from usbd_config_0.o(i.USBD_Device0_EnableRemoteWakeup) referenced from usbd_config_0.o(.constdata)
 <LI><a href="#[77]">USBD_Device0_Endpoint0_InDataSent</a> from usbd_config_0.o(i.USBD_Device0_Endpoint0_InDataSent) referenced from usbd_config_0.o(.constdata)
 <LI><a href="#[76]">USBD_Device0_Endpoint0_OutDataReceived</a> from usbd_config_0.o(i.USBD_Device0_Endpoint0_OutDataReceived) referenced from usbd_config_0.o(.constdata)
 <LI><a href="#[75]">USBD_Device0_Endpoint0_SetupPacketProcessed</a> from usbd_config_0.o(i.USBD_Device0_Endpoint0_SetupPacketProcessed) referenced from usbd_config_0.o(.constdata)
 <LI><a href="#[74]">USBD_Device0_Endpoint0_SetupPacketReceived</a> from usbd_config_0.o(i.USBD_Device0_Endpoint0_SetupPacketReceived) referenced from usbd_config_0.o(.constdata)
 <LI><a href="#[6e]">USBD_Device0_HighSpeedActivated</a> from usbd_config_0.o(i.USBD_Device0_HighSpeedActivated) referenced from usbd_config_0.o(.constdata)
 <LI><a href="#[6a]">USBD_Device0_Initialize</a> from usbd_config_0.o(i.USBD_Device0_Initialize) referenced from usbd_config_0.o(.constdata)
 <LI><a href="#[6d]">USBD_Device0_Reset</a> from usbd_config_0.o(i.USBD_Device0_Reset) referenced from usbd_config_0.o(.constdata)
 <LI><a href="#[70]">USBD_Device0_Resumed</a> from usbd_config_0.o(i.USBD_Device0_Resumed) referenced from usbd_config_0.o(.constdata)
 <LI><a href="#[6f]">USBD_Device0_Suspended</a> from usbd_config_0.o(i.USBD_Device0_Suspended) referenced from usbd_config_0.o(.constdata)
 <LI><a href="#[6b]">USBD_Device0_Uninitialize</a> from usbd_config_0.o(i.USBD_Device0_Uninitialize) referenced from usbd_config_0.o(.constdata)
 <LI><a href="#[6c]">USBD_Device0_VbusChanged</a> from usbd_config_0.o(i.USBD_Device0_VbusChanged) referenced from usbd_config_0.o(.constdata)
 <LI><a href="#[52]">USBD_DeviceConnect</a> from usbd_stm32f10x.o(i.USBD_DeviceConnect) referenced from usbd_stm32f10x.o(.constdata)
 <LI><a href="#[53]">USBD_DeviceDisconnect</a> from usbd_stm32f10x.o(i.USBD_DeviceDisconnect) referenced from usbd_stm32f10x.o(.constdata)
 <LI><a href="#[54]">USBD_DeviceGetState</a> from usbd_stm32f10x.o(i.USBD_DeviceGetState) referenced from usbd_stm32f10x.o(.constdata)
 <LI><a href="#[55]">USBD_DeviceRemoteWakeup</a> from usbd_stm32f10x.o(i.USBD_DeviceRemoteWakeup) referenced from usbd_stm32f10x.o(.constdata)
 <LI><a href="#[56]">USBD_DeviceSetAddress</a> from usbd_stm32f10x.o(i.USBD_DeviceSetAddress) referenced from usbd_stm32f10x.o(.constdata)
 <LI><a href="#[58]">USBD_EndpointConfigure</a> from usbd_stm32f10x.o(i.USBD_EndpointConfigure) referenced from usbd_stm32f10x.o(.constdata)
 <LI><a href="#[5a]">USBD_EndpointStall</a> from usbd_stm32f10x.o(i.USBD_EndpointStall) referenced from usbd_stm32f10x.o(.constdata)
 <LI><a href="#[5b]">USBD_EndpointTransfer</a> from usbd_stm32f10x.o(i.USBD_EndpointTransfer) referenced from usbd_stm32f10x.o(.constdata)
 <LI><a href="#[5d]">USBD_EndpointTransferAbort</a> from usbd_stm32f10x.o(i.USBD_EndpointTransferAbort) referenced from usbd_stm32f10x.o(.constdata)
 <LI><a href="#[5c]">USBD_EndpointTransferGetResult</a> from usbd_stm32f10x.o(i.USBD_EndpointTransferGetResult) referenced from usbd_stm32f10x.o(.constdata)
 <LI><a href="#[59]">USBD_EndpointUnconfigure</a> from usbd_stm32f10x.o(i.USBD_EndpointUnconfigure) referenced from usbd_stm32f10x.o(.constdata)
 <LI><a href="#[4e]">USBD_GetCapabilities</a> from usbd_stm32f10x.o(i.USBD_GetCapabilities) referenced from usbd_stm32f10x.o(.constdata)
 <LI><a href="#[5e]">USBD_GetFrameNumber</a> from usbd_stm32f10x.o(i.USBD_GetFrameNumber) referenced from usbd_stm32f10x.o(.constdata)
 <LI><a href="#[4d]">USBD_GetVersion</a> from usbd_stm32f10x.o(i.USBD_GetVersion) referenced from usbd_stm32f10x.o(.constdata)
 <LI><a href="#[68]">USBD_HID0_GetProtocol</a> from usbd_config_0.o(i.USBD_HID0_GetProtocol) referenced from usbd_config_0.o(.constdata)
 <LI><a href="#[66]">USBD_HID0_GetReport</a> from usbd_config_0.o(i.USBD_HID0_GetReport) referenced from usbd_config_0.o(.constdata)
 <LI><a href="#[64]">USBD_HID0_Initialize</a> from usbd_config_0.o(i.USBD_HID0_Initialize) referenced from usbd_config_0.o(.constdata)
 <LI><a href="#[69]">USBD_HID0_SetProtocol</a> from usbd_config_0.o(i.USBD_HID0_SetProtocol) referenced from usbd_config_0.o(.constdata)
 <LI><a href="#[67]">USBD_HID0_SetReport</a> from usbd_config_0.o(i.USBD_HID0_SetReport) referenced from usbd_config_0.o(.constdata)
 <LI><a href="#[60]">USBD_HID0_Thread</a> from usbd_lib_hid.o(i.USBD_HID0_Thread) referenced from usbd_config_0.o(.constdata)
 <LI><a href="#[65]">USBD_HID0_Uninitialize</a> from usbd_config_0.o(i.USBD_HID0_Uninitialize) referenced from usbd_config_0.o(.constdata)
 <LI><a href="#[61]">USBD_HID_Timer</a> from usbd_lib_hid.o(i.USBD_HID_Timer) referenced from usbd_config_0.o(.constdata)
 <LI><a href="#[4f]">USBD_Initialize</a> from usbd_stm32f10x.o(i.USBD_Initialize) referenced from usbd_stm32f10x.o(.constdata)
 <LI><a href="#[51]">USBD_PowerControl</a> from usbd_stm32f10x.o(i.USBD_PowerControl) referenced from usbd_stm32f10x.o(.constdata)
 <LI><a href="#[57]">USBD_ReadSetupPacket</a> from usbd_stm32f10x.o(i.USBD_ReadSetupPacket) referenced from usbd_stm32f10x.o(.constdata)
 <LI><a href="#[50]">USBD_Uninitialize</a> from usbd_stm32f10x.o(i.USBD_Uninitialize) referenced from usbd_stm32f10x.o(.constdata)
 <LI><a href="#[34]">USBWakeUp_IRQHandler</a> from startup_stm32f10x_md.o(.text) referenced from startup_stm32f10x_md.o(RESET)
 <LI><a href="#[1d]">USB_HP_CAN1_TX_IRQHandler</a> from startup_stm32f10x_md.o(.text) referenced from startup_stm32f10x_md.o(RESET)
 <LI><a href="#[1e]">USB_LP_CAN1_RX0_IRQHandler</a> from usbd_stm32f10x.o(i.USB_LP_CAN1_RX0_IRQHandler) referenced from startup_stm32f10x_md.o(RESET)
 <LI><a href="#[5]">UsageFault_Handler</a> from startup_stm32f10x_md.o(.text) referenced from startup_stm32f10x_md.o(RESET)
 <LI><a href="#[a]">WWDG_IRQHandler</a> from startup_stm32f10x_md.o(.text) referenced from startup_stm32f10x_md.o(RESET)
 <LI><a href="#[38]">__main</a> from entry.o(.ARM.Collect$$$$00000000) referenced from startup_stm32f10x_md.o(.text)
 <LI><a href="#[4c]">main</a> from main.o(i.main) referenced from rtx_conf_cm.o(.constdata)
 <LI><a href="#[4a]">osThreadExit</a> from rt_cmsis.o(i.osThreadExit) referenced from rt_cmsis.o(i.svcThreadCreate)
 <LI><a href="#[4b]">osTimerThread</a> from rt_cmsis.o(i.osTimerThread) referenced from rtx_conf_cm.o(.constdata)
 <LI><a href="#[49]">os_idle_demon</a> from rtx_conf_cm.o(i.os_idle_demon) referenced from rt_task.o(i.rt_sys_init)
 <LI><a href="#[35]">rt_alloc_box</a> from rt_membox.o(i.rt_alloc_box) referenced from hal_cm3.o(.emb_text)
 <LI><a href="#[36]">rt_free_box</a> from rt_membox.o(i.rt_free_box) referenced from hal_cm3.o(.emb_text)
 <LI><a href="#[39]">svcDelay</a> from rt_cmsis.o(i.svcDelay) referenced from rt_cmsis.o(i.osDelay)
 <LI><a href="#[3a]">svcKernelInitialize</a> from rt_cmsis.o(i.svcKernelInitialize) referenced from rt_cmsis.o(i.osKernelInitialize)
 <LI><a href="#[3b]">svcKernelStart</a> from rt_cmsis.o(i.svcKernelStart) referenced from rt_cmsis.o(i.osKernelStart)
 <LI><a href="#[3c]">svcMessageGet</a> from rt_cmsis.o(i.svcMessageGet) referenced from rt_cmsis.o(i.osMessageGet)
 <LI><a href="#[3d]">svcSemaphoreCreate</a> from rt_cmsis.o(i.svcSemaphoreCreate) referenced from rt_cmsis.o(i.osSemaphoreCreate)
 <LI><a href="#[3e]">svcSemaphoreRelease</a> from rt_cmsis.o(i.svcSemaphoreRelease) referenced from rt_cmsis.o(i.osSemaphoreRelease)
 <LI><a href="#[3f]">svcSemaphoreWait</a> from rt_cmsis.o(i.svcSemaphoreWait) referenced from rt_cmsis.o(i.osSemaphoreWait)
 <LI><a href="#[40]">svcSignalSet</a> from rt_cmsis.o(i.svcSignalSet) referenced from rt_cmsis.o(i.osSignalSet)
 <LI><a href="#[41]">svcSignalWait</a> from rt_cmsis.o(i.svcSignalWait) referenced from rt_cmsis.o(i.osSignalWait)
 <LI><a href="#[42]">svcThreadCreate</a> from rt_cmsis.o(i.svcThreadCreate) referenced from rt_cmsis.o(i.osThreadCreate)
 <LI><a href="#[43]">svcThreadGetId</a> from rt_cmsis.o(i.svcThreadGetId) referenced from rt_cmsis.o(i.osThreadExit)
 <LI><a href="#[44]">svcThreadTerminate</a> from rt_cmsis.o(i.svcThreadTerminate) referenced from rt_cmsis.o(i.osThreadExit)
 <LI><a href="#[45]">svcTimerCall</a> from rt_cmsis.o(i.svcTimerCall) referenced from rt_cmsis.o(i.osTimerCall)
 <LI><a href="#[46]">svcTimerCreate</a> from rt_cmsis.o(i.svcTimerCreate) referenced from rt_cmsis.o(i.osTimerCreate)
 <LI><a href="#[47]">svcTimerStart</a> from rt_cmsis.o(i.svcTimerStart) referenced from rt_cmsis.o(i.osTimerStart)
 <LI><a href="#[48]">svcTimerStop</a> from rt_cmsis.o(i.svcTimerStop) referenced from rt_cmsis.o(i.osTimerStop)
</UL>
<P>
<H3>
Global Symbols
</H3>
<P><STRONG><a name="[38]"></a>__main</STRONG> (Thumb, 0 bytes, Stack size unknown bytes, entry.o(.ARM.Collect$$$$00000000))
<BR>[Address Reference Count : 1]<UL><LI> startup_stm32f10x_md.o(.text)
</UL>
<P><STRONG><a name="[148]"></a>_main_stk</STRONG> (Thumb, 0 bytes, Stack size unknown bytes, entry2.o(.ARM.Collect$$$$00000001))

<P><STRONG><a name="[79]"></a>_main_scatterload</STRONG> (Thumb, 0 bytes, Stack size unknown bytes, entry5.o(.ARM.Collect$$$$00000004))
<BR><BR>[Calls]<UL><LI><a href="#[7a]">&gt;&gt;</a>&nbsp;&nbsp;&nbsp;__scatterload
</UL>

<P><STRONG><a name="[8a]"></a>__main_after_scatterload</STRONG> (Thumb, 0 bytes, Stack size 0 bytes, entry5.o(.ARM.Collect$$$$00000004))
<BR><BR>[Called By]<UL><LI><a href="#[7a]">&gt;&gt;</a>&nbsp;&nbsp;&nbsp;__scatterload
</UL>

<P><STRONG><a name="[149]"></a>__rt_final_cpp</STRONG> (Thumb, 0 bytes, Stack size 0 bytes, entry10a.o(.ARM.Collect$$$$0000000D))

<P><STRONG><a name="[14a]"></a>__rt_final_exit</STRONG> (Thumb, 0 bytes, Stack size 0 bytes, entry11a.o(.ARM.Collect$$$$0000000F))

<P><STRONG><a name="[14b]"></a>_main_clock</STRONG> (Thumb, 0 bytes, Stack size 0 bytes, entry7b.o(.ARM.Collect$$$$00000008))

<P><STRONG><a name="[14c]"></a>_main_cpp_init</STRONG> (Thumb, 0 bytes, Stack size 0 bytes, entry8b.o(.ARM.Collect$$$$0000000A))

<P><STRONG><a name="[7b]"></a>_main_init</STRONG> (Thumb, 18 bytes, Stack size 0 bytes, rtx_conf_cm.o(.ARM.Collect$$$$000000FF))
<BR><BR>[Stack]<UL><LI>Max Depth = 80<LI>Call Chain = _main_init &rArr; osKernelInitialize &rArr; svcKernelInitialize &rArr; svcThreadCreate &rArr; rt_tsk_create &rArr; rt_init_context &rArr; rt_init_stack
</UL>
<BR>[Calls]<UL><LI><a href="#[7d]">&gt;&gt;</a>&nbsp;&nbsp;&nbsp;osThreadCreate
<LI><a href="#[7e]">&gt;&gt;</a>&nbsp;&nbsp;&nbsp;osKernelStart
<LI><a href="#[7c]">&gt;&gt;</a>&nbsp;&nbsp;&nbsp;osKernelInitialize
</UL>

<P><STRONG><a name="[14d]"></a>rt_set_PSP</STRONG> (Thumb, 6 bytes, Stack size 0 bytes, hal_cm3.o(.emb_text), UNUSED)

<P><STRONG><a name="[13c]"></a>rt_get_PSP</STRONG> (Thumb, 6 bytes, Stack size 0 bytes, hal_cm3.o(.emb_text))
<BR><BR>[Called By]<UL><LI><a href="#[13b]">&gt;&gt;</a>&nbsp;&nbsp;&nbsp;rt_tsk_delete
</UL>

<P><STRONG><a name="[14e]"></a>os_set_env</STRONG> (Thumb, 24 bytes, Stack size 0 bytes, hal_cm3.o(.emb_text), UNUSED)

<P><STRONG><a name="[14f]"></a>_alloc_box</STRONG> (Thumb, 28 bytes, Stack size 0 bytes, hal_cm3.o(.emb_text), UNUSED)

<P><STRONG><a name="[150]"></a>_free_box</STRONG> (Thumb, 28 bytes, Stack size 0 bytes, hal_cm3.o(.emb_text), UNUSED)

<P><STRONG><a name="[6]"></a>SVC_Handler</STRONG> (Thumb, 108 bytes, Stack size 0 bytes, hal_cm3.o(.emb_text))
<BR><BR>[Calls]<UL><LI><a href="#[7f]">&gt;&gt;</a>&nbsp;&nbsp;&nbsp;rt_stk_check
</UL>
<BR>[Address Reference Count : 1]<UL><LI> startup_stm32f10x_md.o(RESET)
</UL>
<P><STRONG><a name="[8]"></a>PendSV_Handler</STRONG> (Thumb, 56 bytes, Stack size 0 bytes, hal_cm3.o(.emb_text))
<BR><BR>[Stack]<UL><LI>Max Depth = 52<LI>Call Chain = PendSV_Handler &rArr; rt_pop_req &rArr; rt_mbx_psh &rArr; rt_put_prio
</UL>
<BR>[Calls]<UL><LI><a href="#[80]">&gt;&gt;</a>&nbsp;&nbsp;&nbsp;rt_pop_req
<LI><a href="#[7f]">&gt;&gt;</a>&nbsp;&nbsp;&nbsp;rt_stk_check
</UL>
<BR>[Address Reference Count : 1]<UL><LI> startup_stm32f10x_md.o(RESET)
</UL>
<P><STRONG><a name="[9]"></a>SysTick_Handler</STRONG> (Thumb, 8 bytes, Stack size 0 bytes, hal_cm3.o(.emb_text))
<BR><BR>[Stack]<UL><LI>Max Depth = 72<LI>Call Chain = SysTick_Handler &rArr; rt_systick &rArr; sysTimerTick &rArr; isrMessagePut &rArr; isr_mbx_send &rArr; rt_psq_enq
</UL>
<BR>[Calls]<UL><LI><a href="#[81]">&gt;&gt;</a>&nbsp;&nbsp;&nbsp;rt_systick
</UL>
<BR>[Address Reference Count : 1]<UL><LI> startup_stm32f10x_md.o(RESET)
</UL>
<P><STRONG><a name="[82]"></a>OS_Tick_Handler</STRONG> (Thumb, 12 bytes, Stack size 0 bytes, hal_cm3.o(.emb_text), UNUSED)
<BR><BR>[Calls]<UL><LI><a href="#[83]">&gt;&gt;</a>&nbsp;&nbsp;&nbsp;os_tick_irqack
<LI><a href="#[81]">&gt;&gt;</a>&nbsp;&nbsp;&nbsp;rt_systick
</UL>

<P><STRONG><a name="[78]"></a>Reset_Handler</STRONG> (Thumb, 8 bytes, Stack size 0 bytes, startup_stm32f10x_md.o(.text))

<P><STRONG><a name="[1]"></a>NMI_Handler</STRONG> (Thumb, 2 bytes, Stack size 0 bytes, startup_stm32f10x_md.o(.text))
<BR><BR>[Calls]<UL><LI><a href="#[1]">&gt;&gt;</a>&nbsp;&nbsp;&nbsp;NMI_Handler
</UL>
<BR>[Called By]<UL><LI><a href="#[1]">&gt;&gt;</a>&nbsp;&nbsp;&nbsp;NMI_Handler
</UL>
<BR>[Address Reference Count : 1]<UL><LI> startup_stm32f10x_md.o(RESET)
</UL>
<P><STRONG><a name="[2]"></a>HardFault_Handler</STRONG> (Thumb, 2 bytes, Stack size 0 bytes, startup_stm32f10x_md.o(.text))
<BR><BR>[Calls]<UL><LI><a href="#[2]">&gt;&gt;</a>&nbsp;&nbsp;&nbsp;HardFault_Handler
</UL>
<BR>[Called By]<UL><LI><a href="#[2]">&gt;&gt;</a>&nbsp;&nbsp;&nbsp;HardFault_Handler
</UL>
<BR>[Address Reference Count : 1]<UL><LI> startup_stm32f10x_md.o(RESET)
</UL>
<P><STRONG><a name="[3]"></a>MemManage_Handler</STRONG> (Thumb, 2 bytes, Stack size 0 bytes, startup_stm32f10x_md.o(.text))
<BR><BR>[Calls]<UL><LI><a href="#[3]">&gt;&gt;</a>&nbsp;&nbsp;&nbsp;MemManage_Handler
</UL>
<BR>[Called By]<UL><LI><a href="#[3]">&gt;&gt;</a>&nbsp;&nbsp;&nbsp;MemManage_Handler
</UL>
<BR>[Address Reference Count : 1]<UL><LI> startup_stm32f10x_md.o(RESET)
</UL>
<P><STRONG><a name="[4]"></a>BusFault_Handler</STRONG> (Thumb, 2 bytes, Stack size 0 bytes, startup_stm32f10x_md.o(.text))
<BR><BR>[Calls]<UL><LI><a href="#[4]">&gt;&gt;</a>&nbsp;&nbsp;&nbsp;BusFault_Handler
</UL>
<BR>[Called By]<UL><LI><a href="#[4]">&gt;&gt;</a>&nbsp;&nbsp;&nbsp;BusFault_Handler
</UL>
<BR>[Address Reference Count : 1]<UL><LI> startup_stm32f10x_md.o(RESET)
</UL>
<P><STRONG><a name="[5]"></a>UsageFault_Handler</STRONG> (Thumb, 2 bytes, Stack size 0 bytes, startup_stm32f10x_md.o(.text))
<BR><BR>[Calls]<UL><LI><a href="#[5]">&gt;&gt;</a>&nbsp;&nbsp;&nbsp;UsageFault_Handler
</UL>
<BR>[Called By]<UL><LI><a href="#[5]">&gt;&gt;</a>&nbsp;&nbsp;&nbsp;UsageFault_Handler
</UL>
<BR>[Address Reference Count : 1]<UL><LI> startup_stm32f10x_md.o(RESET)
</UL>
<P><STRONG><a name="[7]"></a>DebugMon_Handler</STRONG> (Thumb, 2 bytes, Stack size 0 bytes, startup_stm32f10x_md.o(.text))
<BR><BR>[Calls]<UL><LI><a href="#[7]">&gt;&gt;</a>&nbsp;&nbsp;&nbsp;DebugMon_Handler
</UL>
<BR>[Called By]<UL><LI><a href="#[7]">&gt;&gt;</a>&nbsp;&nbsp;&nbsp;DebugMon_Handler
</UL>
<BR>[Address Reference Count : 1]<UL><LI> startup_stm32f10x_md.o(RESET)
</UL>
<P><STRONG><a name="[1c]"></a>ADC1_2_IRQHandler</STRONG> (Thumb, 0 bytes, Stack size 0 bytes, startup_stm32f10x_md.o(.text))
<BR><BR>[Calls]<UL><LI><a href="#[1c]">&gt;&gt;</a>&nbsp;&nbsp;&nbsp;ADC1_2_IRQHandler
</UL>
<BR>[Called By]<UL><LI><a href="#[1c]">&gt;&gt;</a>&nbsp;&nbsp;&nbsp;ADC1_2_IRQHandler
</UL>
<BR>[Address Reference Count : 1]<UL><LI> startup_stm32f10x_md.o(RESET)
</UL>
<P><STRONG><a name="[1f]"></a>CAN1_RX1_IRQHandler</STRONG> (Thumb, 0 bytes, Stack size 0 bytes, startup_stm32f10x_md.o(.text))
<BR>[Address Reference Count : 1]<UL><LI> startup_stm32f10x_md.o(RESET)
</UL>
<P><STRONG><a name="[20]"></a>CAN1_SCE_IRQHandler</STRONG> (Thumb, 0 bytes, Stack size 0 bytes, startup_stm32f10x_md.o(.text))
<BR>[Address Reference Count : 1]<UL><LI> startup_stm32f10x_md.o(RESET)
</UL>
<P><STRONG><a name="[10]"></a>EXTI0_IRQHandler</STRONG> (Thumb, 0 bytes, Stack size 0 bytes, startup_stm32f10x_md.o(.text))
<BR>[Address Reference Count : 1]<UL><LI> startup_stm32f10x_md.o(RESET)
</UL>
<P><STRONG><a name="[32]"></a>EXTI15_10_IRQHandler</STRONG> (Thumb, 0 bytes, Stack size 0 bytes, startup_stm32f10x_md.o(.text))
<BR>[Address Reference Count : 1]<UL><LI> startup_stm32f10x_md.o(RESET)
</UL>
<P><STRONG><a name="[11]"></a>EXTI1_IRQHandler</STRONG> (Thumb, 0 bytes, Stack size 0 bytes, startup_stm32f10x_md.o(.text))
<BR>[Address Reference Count : 1]<UL><LI> startup_stm32f10x_md.o(RESET)
</UL>
<P><STRONG><a name="[12]"></a>EXTI2_IRQHandler</STRONG> (Thumb, 0 bytes, Stack size 0 bytes, startup_stm32f10x_md.o(.text))
<BR>[Address Reference Count : 1]<UL><LI> startup_stm32f10x_md.o(RESET)
</UL>
<P><STRONG><a name="[13]"></a>EXTI3_IRQHandler</STRONG> (Thumb, 0 bytes, Stack size 0 bytes, startup_stm32f10x_md.o(.text))
<BR>[Address Reference Count : 1]<UL><LI> startup_stm32f10x_md.o(RESET)
</UL>
<P><STRONG><a name="[14]"></a>EXTI4_IRQHandler</STRONG> (Thumb, 0 bytes, Stack size 0 bytes, startup_stm32f10x_md.o(.text))
<BR>[Address Reference Count : 1]<UL><LI> startup_stm32f10x_md.o(RESET)
</UL>
<P><STRONG><a name="[21]"></a>EXTI9_5_IRQHandler</STRONG> (Thumb, 0 bytes, Stack size 0 bytes, startup_stm32f10x_md.o(.text))
<BR>[Address Reference Count : 1]<UL><LI> startup_stm32f10x_md.o(RESET)
</UL>
<P><STRONG><a name="[e]"></a>FLASH_IRQHandler</STRONG> (Thumb, 0 bytes, Stack size 0 bytes, startup_stm32f10x_md.o(.text))
<BR>[Address Reference Count : 1]<UL><LI> startup_stm32f10x_md.o(RESET)
</UL>
<P><STRONG><a name="[2a]"></a>I2C1_ER_IRQHandler</STRONG> (Thumb, 0 bytes, Stack size 0 bytes, startup_stm32f10x_md.o(.text))
<BR>[Address Reference Count : 1]<UL><LI> startup_stm32f10x_md.o(RESET)
</UL>
<P><STRONG><a name="[29]"></a>I2C1_EV_IRQHandler</STRONG> (Thumb, 0 bytes, Stack size 0 bytes, startup_stm32f10x_md.o(.text))
<BR>[Address Reference Count : 1]<UL><LI> startup_stm32f10x_md.o(RESET)
</UL>
<P><STRONG><a name="[2c]"></a>I2C2_ER_IRQHandler</STRONG> (Thumb, 0 bytes, Stack size 0 bytes, startup_stm32f10x_md.o(.text))
<BR>[Address Reference Count : 1]<UL><LI> startup_stm32f10x_md.o(RESET)
</UL>
<P><STRONG><a name="[2b]"></a>I2C2_EV_IRQHandler</STRONG> (Thumb, 0 bytes, Stack size 0 bytes, startup_stm32f10x_md.o(.text))
<BR>[Address Reference Count : 1]<UL><LI> startup_stm32f10x_md.o(RESET)
</UL>
<P><STRONG><a name="[b]"></a>PVD_IRQHandler</STRONG> (Thumb, 0 bytes, Stack size 0 bytes, startup_stm32f10x_md.o(.text))
<BR>[Address Reference Count : 1]<UL><LI> startup_stm32f10x_md.o(RESET)
</UL>
<P><STRONG><a name="[f]"></a>RCC_IRQHandler</STRONG> (Thumb, 0 bytes, Stack size 0 bytes, startup_stm32f10x_md.o(.text))
<BR>[Address Reference Count : 1]<UL><LI> startup_stm32f10x_md.o(RESET)
</UL>
<P><STRONG><a name="[33]"></a>RTCAlarm_IRQHandler</STRONG> (Thumb, 0 bytes, Stack size 0 bytes, startup_stm32f10x_md.o(.text))
<BR>[Address Reference Count : 1]<UL><LI> startup_stm32f10x_md.o(RESET)
</UL>
<P><STRONG><a name="[d]"></a>RTC_IRQHandler</STRONG> (Thumb, 0 bytes, Stack size 0 bytes, startup_stm32f10x_md.o(.text))
<BR>[Address Reference Count : 1]<UL><LI> startup_stm32f10x_md.o(RESET)
</UL>
<P><STRONG><a name="[2d]"></a>SPI1_IRQHandler</STRONG> (Thumb, 0 bytes, Stack size 0 bytes, startup_stm32f10x_md.o(.text))
<BR>[Address Reference Count : 1]<UL><LI> startup_stm32f10x_md.o(RESET)
</UL>
<P><STRONG><a name="[2e]"></a>SPI2_IRQHandler</STRONG> (Thumb, 0 bytes, Stack size 0 bytes, startup_stm32f10x_md.o(.text))
<BR>[Address Reference Count : 1]<UL><LI> startup_stm32f10x_md.o(RESET)
</UL>
<P><STRONG><a name="[c]"></a>TAMPER_IRQHandler</STRONG> (Thumb, 0 bytes, Stack size 0 bytes, startup_stm32f10x_md.o(.text))
<BR>[Address Reference Count : 1]<UL><LI> startup_stm32f10x_md.o(RESET)
</UL>
<P><STRONG><a name="[22]"></a>TIM1_BRK_IRQHandler</STRONG> (Thumb, 0 bytes, Stack size 0 bytes, startup_stm32f10x_md.o(.text))
<BR>[Address Reference Count : 1]<UL><LI> startup_stm32f10x_md.o(RESET)
</UL>
<P><STRONG><a name="[25]"></a>TIM1_CC_IRQHandler</STRONG> (Thumb, 0 bytes, Stack size 0 bytes, startup_stm32f10x_md.o(.text))
<BR>[Address Reference Count : 1]<UL><LI> startup_stm32f10x_md.o(RESET)
</UL>
<P><STRONG><a name="[24]"></a>TIM1_TRG_COM_IRQHandler</STRONG> (Thumb, 0 bytes, Stack size 0 bytes, startup_stm32f10x_md.o(.text))
<BR>[Address Reference Count : 1]<UL><LI> startup_stm32f10x_md.o(RESET)
</UL>
<P><STRONG><a name="[23]"></a>TIM1_UP_IRQHandler</STRONG> (Thumb, 0 bytes, Stack size 0 bytes, startup_stm32f10x_md.o(.text))
<BR>[Address Reference Count : 1]<UL><LI> startup_stm32f10x_md.o(RESET)
</UL>
<P><STRONG><a name="[26]"></a>TIM2_IRQHandler</STRONG> (Thumb, 0 bytes, Stack size 0 bytes, startup_stm32f10x_md.o(.text))
<BR>[Address Reference Count : 1]<UL><LI> startup_stm32f10x_md.o(RESET)
</UL>
<P><STRONG><a name="[27]"></a>TIM3_IRQHandler</STRONG> (Thumb, 0 bytes, Stack size 0 bytes, startup_stm32f10x_md.o(.text))
<BR>[Address Reference Count : 1]<UL><LI> startup_stm32f10x_md.o(RESET)
</UL>
<P><STRONG><a name="[28]"></a>TIM4_IRQHandler</STRONG> (Thumb, 0 bytes, Stack size 0 bytes, startup_stm32f10x_md.o(.text))
<BR>[Address Reference Count : 1]<UL><LI> startup_stm32f10x_md.o(RESET)
</UL>
<P><STRONG><a name="[2f]"></a>USART1_IRQHandler</STRONG> (Thumb, 0 bytes, Stack size 0 bytes, startup_stm32f10x_md.o(.text))
<BR>[Address Reference Count : 1]<UL><LI> startup_stm32f10x_md.o(RESET)
</UL>
<P><STRONG><a name="[30]"></a>USART2_IRQHandler</STRONG> (Thumb, 0 bytes, Stack size 0 bytes, startup_stm32f10x_md.o(.text))
<BR>[Address Reference Count : 1]<UL><LI> startup_stm32f10x_md.o(RESET)
</UL>
<P><STRONG><a name="[31]"></a>USART3_IRQHandler</STRONG> (Thumb, 0 bytes, Stack size 0 bytes, startup_stm32f10x_md.o(.text))
<BR>[Address Reference Count : 1]<UL><LI> startup_stm32f10x_md.o(RESET)
</UL>
<P><STRONG><a name="[34]"></a>USBWakeUp_IRQHandler</STRONG> (Thumb, 0 bytes, Stack size 0 bytes, startup_stm32f10x_md.o(.text))
<BR>[Address Reference Count : 1]<UL><LI> startup_stm32f10x_md.o(RESET)
</UL>
<P><STRONG><a name="[1d]"></a>USB_HP_CAN1_TX_IRQHandler</STRONG> (Thumb, 0 bytes, Stack size 0 bytes, startup_stm32f10x_md.o(.text))
<BR>[Address Reference Count : 1]<UL><LI> startup_stm32f10x_md.o(RESET)
</UL>
<P><STRONG><a name="[a]"></a>WWDG_IRQHandler</STRONG> (Thumb, 0 bytes, Stack size 0 bytes, startup_stm32f10x_md.o(.text))
<BR>[Address Reference Count : 1]<UL><LI> startup_stm32f10x_md.o(RESET)
</UL>
<P><STRONG><a name="[84]"></a>__aeabi_uldivmod</STRONG> (Thumb, 98 bytes, Stack size 40 bytes, uldiv.o(.text))
<BR><BR>[Stack]<UL><LI>Max Depth = 40<LI>Call Chain = __aeabi_uldivmod
</UL>
<BR>[Calls]<UL><LI><a href="#[85]">&gt;&gt;</a>&nbsp;&nbsp;&nbsp;__aeabi_llsr
<LI><a href="#[86]">&gt;&gt;</a>&nbsp;&nbsp;&nbsp;__aeabi_llsl
</UL>
<BR>[Called By]<UL><LI><a href="#[47]">&gt;&gt;</a>&nbsp;&nbsp;&nbsp;svcTimerStart
</UL>

<P><STRONG><a name="[88]"></a>__aeabi_memset</STRONG> (Thumb, 14 bytes, Stack size 0 bytes, memseta.o(.text), UNUSED)
<BR><BR>[Called By]<UL><LI><a href="#[89]">&gt;&gt;</a>&nbsp;&nbsp;&nbsp;_memset$wrapper
<LI><a href="#[87]">&gt;&gt;</a>&nbsp;&nbsp;&nbsp;__aeabi_memclr
</UL>

<P><STRONG><a name="[151]"></a>__aeabi_memset4</STRONG> (Thumb, 0 bytes, Stack size 0 bytes, memseta.o(.text), UNUSED)

<P><STRONG><a name="[152]"></a>__aeabi_memset8</STRONG> (Thumb, 0 bytes, Stack size 0 bytes, memseta.o(.text), UNUSED)

<P><STRONG><a name="[87]"></a>__aeabi_memclr</STRONG> (Thumb, 4 bytes, Stack size 0 bytes, memseta.o(.text), UNUSED)
<BR><BR>[Calls]<UL><LI><a href="#[88]">&gt;&gt;</a>&nbsp;&nbsp;&nbsp;__aeabi_memset
</UL>

<P><STRONG><a name="[d7]"></a>__aeabi_memclr4</STRONG> (Thumb, 0 bytes, Stack size 0 bytes, memseta.o(.text))
<BR><BR>[Called By]<UL><LI><a href="#[e9]">&gt;&gt;</a>&nbsp;&nbsp;&nbsp;USBD_Reset
<LI><a href="#[51]">&gt;&gt;</a>&nbsp;&nbsp;&nbsp;USBD_PowerControl
<LI><a href="#[59]">&gt;&gt;</a>&nbsp;&nbsp;&nbsp;USBD_EndpointUnconfigure
<LI><a href="#[58]">&gt;&gt;</a>&nbsp;&nbsp;&nbsp;USBD_EndpointConfigure
<LI><a href="#[e4]">&gt;&gt;</a>&nbsp;&nbsp;&nbsp;USBD_HID_Reset
<LI><a href="#[a0]">&gt;&gt;</a>&nbsp;&nbsp;&nbsp;USBD_ResetCore
</UL>

<P><STRONG><a name="[153]"></a>__aeabi_memclr8</STRONG> (Thumb, 0 bytes, Stack size 0 bytes, memseta.o(.text), UNUSED)

<P><STRONG><a name="[89]"></a>_memset$wrapper</STRONG> (Thumb, 18 bytes, Stack size 8 bytes, memseta.o(.text), UNUSED)
<BR><BR>[Calls]<UL><LI><a href="#[88]">&gt;&gt;</a>&nbsp;&nbsp;&nbsp;__aeabi_memset
</UL>

<P><STRONG><a name="[86]"></a>__aeabi_llsl</STRONG> (Thumb, 30 bytes, Stack size 0 bytes, llshl.o(.text))
<BR><BR>[Called By]<UL><LI><a href="#[84]">&gt;&gt;</a>&nbsp;&nbsp;&nbsp;__aeabi_uldivmod
</UL>

<P><STRONG><a name="[154]"></a>_ll_shift_l</STRONG> (Thumb, 0 bytes, Stack size 0 bytes, llshl.o(.text), UNUSED)

<P><STRONG><a name="[85]"></a>__aeabi_llsr</STRONG> (Thumb, 32 bytes, Stack size 0 bytes, llushr.o(.text))
<BR><BR>[Called By]<UL><LI><a href="#[84]">&gt;&gt;</a>&nbsp;&nbsp;&nbsp;__aeabi_uldivmod
</UL>

<P><STRONG><a name="[155]"></a>_ll_ushift_r</STRONG> (Thumb, 0 bytes, Stack size 0 bytes, llushr.o(.text), UNUSED)

<P><STRONG><a name="[7a]"></a>__scatterload</STRONG> (Thumb, 28 bytes, Stack size 0 bytes, init.o(.text))
<BR><BR>[Calls]<UL><LI><a href="#[8a]">&gt;&gt;</a>&nbsp;&nbsp;&nbsp;__main_after_scatterload
</UL>
<BR>[Called By]<UL><LI><a href="#[79]">&gt;&gt;</a>&nbsp;&nbsp;&nbsp;_main_scatterload
</UL>

<P><STRONG><a name="[156]"></a>__scatterload_rt2</STRONG> (Thumb, 0 bytes, Stack size 0 bytes, init.o(.text), UNUSED)

<P><STRONG><a name="[8b]"></a>DMA1_Channel1_Event</STRONG> (Thumb, 2 bytes, Stack size 0 bytes, dma_stm32f10x.o(i.DMA1_Channel1_Event))
<BR><BR>[Called By]<UL><LI><a href="#[15]">&gt;&gt;</a>&nbsp;&nbsp;&nbsp;DMA1_Channel1_IRQHandler
</UL>

<P><STRONG><a name="[15]"></a>DMA1_Channel1_IRQHandler</STRONG> (Thumb, 22 bytes, Stack size 8 bytes, dma_stm32f10x.o(i.DMA1_Channel1_IRQHandler))
<BR><BR>[Stack]<UL><LI>Max Depth = 8<LI>Call Chain = DMA1_Channel1_IRQHandler
</UL>
<BR>[Calls]<UL><LI><a href="#[8b]">&gt;&gt;</a>&nbsp;&nbsp;&nbsp;DMA1_Channel1_Event
</UL>
<BR>[Address Reference Count : 1]<UL><LI> startup_stm32f10x_md.o(RESET)
</UL>
<P><STRONG><a name="[8c]"></a>DMA1_Channel2_Event</STRONG> (Thumb, 2 bytes, Stack size 0 bytes, dma_stm32f10x.o(i.DMA1_Channel2_Event))
<BR><BR>[Called By]<UL><LI><a href="#[16]">&gt;&gt;</a>&nbsp;&nbsp;&nbsp;DMA1_Channel2_IRQHandler
</UL>

<P><STRONG><a name="[16]"></a>DMA1_Channel2_IRQHandler</STRONG> (Thumb, 24 bytes, Stack size 8 bytes, dma_stm32f10x.o(i.DMA1_Channel2_IRQHandler))
<BR><BR>[Stack]<UL><LI>Max Depth = 8<LI>Call Chain = DMA1_Channel2_IRQHandler
</UL>
<BR>[Calls]<UL><LI><a href="#[8c]">&gt;&gt;</a>&nbsp;&nbsp;&nbsp;DMA1_Channel2_Event
</UL>
<BR>[Address Reference Count : 1]<UL><LI> startup_stm32f10x_md.o(RESET)
</UL>
<P><STRONG><a name="[8d]"></a>DMA1_Channel3_Event</STRONG> (Thumb, 2 bytes, Stack size 0 bytes, dma_stm32f10x.o(i.DMA1_Channel3_Event))
<BR><BR>[Called By]<UL><LI><a href="#[17]">&gt;&gt;</a>&nbsp;&nbsp;&nbsp;DMA1_Channel3_IRQHandler
</UL>

<P><STRONG><a name="[17]"></a>DMA1_Channel3_IRQHandler</STRONG> (Thumb, 24 bytes, Stack size 8 bytes, dma_stm32f10x.o(i.DMA1_Channel3_IRQHandler))
<BR><BR>[Stack]<UL><LI>Max Depth = 8<LI>Call Chain = DMA1_Channel3_IRQHandler
</UL>
<BR>[Calls]<UL><LI><a href="#[8d]">&gt;&gt;</a>&nbsp;&nbsp;&nbsp;DMA1_Channel3_Event
</UL>
<BR>[Address Reference Count : 1]<UL><LI> startup_stm32f10x_md.o(RESET)
</UL>
<P><STRONG><a name="[8e]"></a>DMA1_Channel4_Event</STRONG> (Thumb, 2 bytes, Stack size 0 bytes, dma_stm32f10x.o(i.DMA1_Channel4_Event))
<BR><BR>[Called By]<UL><LI><a href="#[18]">&gt;&gt;</a>&nbsp;&nbsp;&nbsp;DMA1_Channel4_IRQHandler
</UL>

<P><STRONG><a name="[18]"></a>DMA1_Channel4_IRQHandler</STRONG> (Thumb, 24 bytes, Stack size 8 bytes, dma_stm32f10x.o(i.DMA1_Channel4_IRQHandler))
<BR><BR>[Stack]<UL><LI>Max Depth = 8<LI>Call Chain = DMA1_Channel4_IRQHandler
</UL>
<BR>[Calls]<UL><LI><a href="#[8e]">&gt;&gt;</a>&nbsp;&nbsp;&nbsp;DMA1_Channel4_Event
</UL>
<BR>[Address Reference Count : 1]<UL><LI> startup_stm32f10x_md.o(RESET)
</UL>
<P><STRONG><a name="[8f]"></a>DMA1_Channel5_Event</STRONG> (Thumb, 2 bytes, Stack size 0 bytes, dma_stm32f10x.o(i.DMA1_Channel5_Event))
<BR><BR>[Called By]<UL><LI><a href="#[19]">&gt;&gt;</a>&nbsp;&nbsp;&nbsp;DMA1_Channel5_IRQHandler
</UL>

<P><STRONG><a name="[19]"></a>DMA1_Channel5_IRQHandler</STRONG> (Thumb, 24 bytes, Stack size 8 bytes, dma_stm32f10x.o(i.DMA1_Channel5_IRQHandler))
<BR><BR>[Stack]<UL><LI>Max Depth = 8<LI>Call Chain = DMA1_Channel5_IRQHandler
</UL>
<BR>[Calls]<UL><LI><a href="#[8f]">&gt;&gt;</a>&nbsp;&nbsp;&nbsp;DMA1_Channel5_Event
</UL>
<BR>[Address Reference Count : 1]<UL><LI> startup_stm32f10x_md.o(RESET)
</UL>
<P><STRONG><a name="[90]"></a>DMA1_Channel6_Event</STRONG> (Thumb, 2 bytes, Stack size 0 bytes, dma_stm32f10x.o(i.DMA1_Channel6_Event))
<BR><BR>[Called By]<UL><LI><a href="#[1a]">&gt;&gt;</a>&nbsp;&nbsp;&nbsp;DMA1_Channel6_IRQHandler
</UL>

<P><STRONG><a name="[1a]"></a>DMA1_Channel6_IRQHandler</STRONG> (Thumb, 24 bytes, Stack size 8 bytes, dma_stm32f10x.o(i.DMA1_Channel6_IRQHandler))
<BR><BR>[Stack]<UL><LI>Max Depth = 8<LI>Call Chain = DMA1_Channel6_IRQHandler
</UL>
<BR>[Calls]<UL><LI><a href="#[90]">&gt;&gt;</a>&nbsp;&nbsp;&nbsp;DMA1_Channel6_Event
</UL>
<BR>[Address Reference Count : 1]<UL><LI> startup_stm32f10x_md.o(RESET)
</UL>
<P><STRONG><a name="[91]"></a>DMA1_Channel7_Event</STRONG> (Thumb, 2 bytes, Stack size 0 bytes, dma_stm32f10x.o(i.DMA1_Channel7_Event))
<BR><BR>[Called By]<UL><LI><a href="#[1b]">&gt;&gt;</a>&nbsp;&nbsp;&nbsp;DMA1_Channel7_IRQHandler
</UL>

<P><STRONG><a name="[1b]"></a>DMA1_Channel7_IRQHandler</STRONG> (Thumb, 24 bytes, Stack size 8 bytes, dma_stm32f10x.o(i.DMA1_Channel7_IRQHandler))
<BR><BR>[Stack]<UL><LI>Max Depth = 8<LI>Call Chain = DMA1_Channel7_IRQHandler
</UL>
<BR>[Calls]<UL><LI><a href="#[91]">&gt;&gt;</a>&nbsp;&nbsp;&nbsp;DMA1_Channel7_Event
</UL>
<BR>[Address Reference Count : 1]<UL><LI> startup_stm32f10x_md.o(RESET)
</UL>
<P><STRONG><a name="[93]"></a>GPIO_GetPortClockState</STRONG> (Thumb, 118 bytes, Stack size 0 bytes, gpio_stm32f10x.o(i.GPIO_GetPortClockState))
<BR><BR>[Called By]<UL><LI><a href="#[92]">&gt;&gt;</a>&nbsp;&nbsp;&nbsp;GPIO_PinConfigure
</UL>

<P><STRONG><a name="[10e]"></a>GPIO_Init</STRONG> (Thumb, 278 bytes, Stack size 24 bytes, stm32f10x_gpio.o(i.GPIO_Init))
<BR><BR>[Stack]<UL><LI>Max Depth = 24<LI>Call Chain = GPIO_Init
</UL>
<BR>[Called By]<UL><LI><a href="#[113]">&gt;&gt;</a>&nbsp;&nbsp;&nbsp;led_init
<LI><a href="#[10c]">&gt;&gt;</a>&nbsp;&nbsp;&nbsp;keyboard_init
</UL>

<P><STRONG><a name="[92]"></a>GPIO_PinConfigure</STRONG> (Thumb, 120 bytes, Stack size 24 bytes, gpio_stm32f10x.o(i.GPIO_PinConfigure))
<BR><BR>[Stack]<UL><LI>Max Depth = 24<LI>Call Chain = GPIO_PinConfigure
</UL>
<BR>[Calls]<UL><LI><a href="#[94]">&gt;&gt;</a>&nbsp;&nbsp;&nbsp;GPIO_PortClock
<LI><a href="#[93]">&gt;&gt;</a>&nbsp;&nbsp;&nbsp;GPIO_GetPortClockState
</UL>
<BR>[Called By]<UL><LI><a href="#[50]">&gt;&gt;</a>&nbsp;&nbsp;&nbsp;USBD_Uninitialize
<LI><a href="#[51]">&gt;&gt;</a>&nbsp;&nbsp;&nbsp;USBD_PowerControl
<LI><a href="#[4f]">&gt;&gt;</a>&nbsp;&nbsp;&nbsp;USBD_Initialize
</UL>

<P><STRONG><a name="[94]"></a>GPIO_PortClock</STRONG> (Thumb, 284 bytes, Stack size 0 bytes, gpio_stm32f10x.o(i.GPIO_PortClock))
<BR><BR>[Called By]<UL><LI><a href="#[92]">&gt;&gt;</a>&nbsp;&nbsp;&nbsp;GPIO_PinConfigure
<LI><a href="#[50]">&gt;&gt;</a>&nbsp;&nbsp;&nbsp;USBD_Uninitialize
<LI><a href="#[4f]">&gt;&gt;</a>&nbsp;&nbsp;&nbsp;USBD_Initialize
</UL>

<P><STRONG><a name="[111]"></a>GPIO_ReadInputData</STRONG> (Thumb, 8 bytes, Stack size 0 bytes, stm32f10x_gpio.o(i.GPIO_ReadInputData))
<BR><BR>[Called By]<UL><LI><a href="#[10f]">&gt;&gt;</a>&nbsp;&nbsp;&nbsp;keyboard_scan
</UL>

<P><STRONG><a name="[fa]"></a>GPIO_ResetBits</STRONG> (Thumb, 4 bytes, Stack size 0 bytes, stm32f10x_gpio.o(i.GPIO_ResetBits))
<BR><BR>[Called By]<UL><LI><a href="#[fd]">&gt;&gt;</a>&nbsp;&nbsp;&nbsp;change_scroll_lock
<LI><a href="#[fc]">&gt;&gt;</a>&nbsp;&nbsp;&nbsp;change_num_lock
<LI><a href="#[f9]">&gt;&gt;</a>&nbsp;&nbsp;&nbsp;change_caps_lock
<LI><a href="#[110]">&gt;&gt;</a>&nbsp;&nbsp;&nbsp;switch_sr_status
<LI><a href="#[fe]">&gt;&gt;</a>&nbsp;&nbsp;&nbsp;invoke_clock_tick
<LI><a href="#[10f]">&gt;&gt;</a>&nbsp;&nbsp;&nbsp;keyboard_scan
<LI><a href="#[10c]">&gt;&gt;</a>&nbsp;&nbsp;&nbsp;keyboard_init
</UL>

<P><STRONG><a name="[fb]"></a>GPIO_SetBits</STRONG> (Thumb, 4 bytes, Stack size 0 bytes, stm32f10x_gpio.o(i.GPIO_SetBits))
<BR><BR>[Called By]<UL><LI><a href="#[fd]">&gt;&gt;</a>&nbsp;&nbsp;&nbsp;change_scroll_lock
<LI><a href="#[fc]">&gt;&gt;</a>&nbsp;&nbsp;&nbsp;change_num_lock
<LI><a href="#[f9]">&gt;&gt;</a>&nbsp;&nbsp;&nbsp;change_caps_lock
<LI><a href="#[110]">&gt;&gt;</a>&nbsp;&nbsp;&nbsp;switch_sr_status
<LI><a href="#[fe]">&gt;&gt;</a>&nbsp;&nbsp;&nbsp;invoke_clock_tick
<LI><a href="#[113]">&gt;&gt;</a>&nbsp;&nbsp;&nbsp;led_init
<LI><a href="#[10f]">&gt;&gt;</a>&nbsp;&nbsp;&nbsp;keyboard_scan
</UL>

<P><STRONG><a name="[be]"></a>IN_EP_Status</STRONG> (Thumb, 60 bytes, Stack size 20 bytes, usbd_stm32f10x.o(i.IN_EP_Status))
<BR><BR>[Stack]<UL><LI>Max Depth = 20<LI>Call Chain = IN_EP_Status
</UL>
<BR>[Called By]<UL><LI><a href="#[59]">&gt;&gt;</a>&nbsp;&nbsp;&nbsp;USBD_EndpointUnconfigure
<LI><a href="#[5d]">&gt;&gt;</a>&nbsp;&nbsp;&nbsp;USBD_EndpointTransferAbort
<LI><a href="#[5a]">&gt;&gt;</a>&nbsp;&nbsp;&nbsp;USBD_EndpointStall
<LI><a href="#[58]">&gt;&gt;</a>&nbsp;&nbsp;&nbsp;USBD_EndpointConfigure
<LI><a href="#[bd]">&gt;&gt;</a>&nbsp;&nbsp;&nbsp;USBD_EP_HW_Write
</UL>

<P><STRONG><a name="[d8]"></a>OUT_EP_Status</STRONG> (Thumb, 60 bytes, Stack size 20 bytes, usbd_stm32f10x.o(i.OUT_EP_Status))
<BR><BR>[Stack]<UL><LI>Max Depth = 20<LI>Call Chain = OUT_EP_Status
</UL>
<BR>[Called By]<UL><LI><a href="#[1e]">&gt;&gt;</a>&nbsp;&nbsp;&nbsp;USB_LP_CAN1_RX0_IRQHandler
<LI><a href="#[59]">&gt;&gt;</a>&nbsp;&nbsp;&nbsp;USBD_EndpointUnconfigure
<LI><a href="#[5d]">&gt;&gt;</a>&nbsp;&nbsp;&nbsp;USBD_EndpointTransferAbort
<LI><a href="#[5b]">&gt;&gt;</a>&nbsp;&nbsp;&nbsp;USBD_EndpointTransfer
<LI><a href="#[5a]">&gt;&gt;</a>&nbsp;&nbsp;&nbsp;USBD_EndpointStall
<LI><a href="#[58]">&gt;&gt;</a>&nbsp;&nbsp;&nbsp;USBD_EndpointConfigure
</UL>

<P><STRONG><a name="[10d]"></a>RCC_APB2PeriphClockCmd</STRONG> (Thumb, 26 bytes, Stack size 0 bytes, stm32f10x_rcc.o(i.RCC_APB2PeriphClockCmd))
<BR><BR>[Called By]<UL><LI><a href="#[10c]">&gt;&gt;</a>&nbsp;&nbsp;&nbsp;keyboard_init
</UL>

<P><STRONG><a name="[114]"></a>SystemCoreClockUpdate</STRONG> (Thumb, 142 bytes, Stack size 8 bytes, system_stm32f10x.o(i.SystemCoreClockUpdate))
<BR><BR>[Stack]<UL><LI>Max Depth = 8<LI>Call Chain = SystemCoreClockUpdate
</UL>
<BR>[Called By]<UL><LI><a href="#[4c]">&gt;&gt;</a>&nbsp;&nbsp;&nbsp;main
</UL>

<P><STRONG><a name="[37]"></a>SystemInit</STRONG> (Thumb, 78 bytes, Stack size 8 bytes, system_stm32f10x.o(i.SystemInit))
<BR><BR>[Stack]<UL><LI>Max Depth = 28<LI>Call Chain = SystemInit &rArr; SetSysClock &rArr; SetSysClockTo72
</UL>
<BR>[Calls]<UL><LI><a href="#[95]">&gt;&gt;</a>&nbsp;&nbsp;&nbsp;SetSysClock
</UL>
<BR>[Called By]<UL><LI><a href="#[4c]">&gt;&gt;</a>&nbsp;&nbsp;&nbsp;main
</UL>
<BR>[Address Reference Count : 1]<UL><LI> startup_stm32f10x_md.o(.text)
</UL>
<P><STRONG><a name="[5f]"></a>USBD0_Core_Thread</STRONG> (Thumb, 6 bytes, Stack size 0 bytes, usbd_lib_core.o(i.USBD0_Core_Thread))
<BR><BR>[Stack]<UL><LI>Max Depth = 288<LI>Call Chain = USBD0_Core_Thread &rArr; USBD_Core_Thread &rArr; USBD_Core &rArr; USBD_Endpoint0 &rArr; USBD_ReqSetInterface &rArr; USBD_EndpointStart &rArr; USBD_HID_EndpointStart &rArr; USBD_DriverEndpointTransfer &rArr; USBD_DriverEndpointTransferAbort &rArr; USBD_SemaphoreRelease &rArr; osSemaphoreRelease &rArr; isrSemaphoreRelease &rArr; isr_sem_send &rArr; rt_psq_enq
</UL>
<BR>[Calls]<UL><LI><a href="#[97]">&gt;&gt;</a>&nbsp;&nbsp;&nbsp;USBD_Core_Thread
</UL>
<BR>[Address Reference Count : 1]<UL><LI> usbd_config_0.o(.constdata)
</UL>
<P><STRONG><a name="[62]"></a>USBD0_SignalDeviceEvent</STRONG> (Thumb, 14 bytes, Stack size 8 bytes, usbd_config_0.o(i.USBD0_SignalDeviceEvent))
<BR><BR>[Stack]<UL><LI>Max Depth = 64<LI>Call Chain = USBD0_SignalDeviceEvent &rArr; USBD_SignalDeviceEvent &rArr; USBD_ThreadFlagsSet &rArr; osSignalSet &rArr; isrSignalSet &rArr; isr_evt_set &rArr; rt_psq_enq
</UL>
<BR>[Calls]<UL><LI><a href="#[98]">&gt;&gt;</a>&nbsp;&nbsp;&nbsp;USBD_SignalDeviceEvent
</UL>
<BR>[Address Reference Count : 1]<UL><LI> usbd_config_0.o(.constdata)
</UL>
<P><STRONG><a name="[63]"></a>USBD0_SignalEndpointEvent</STRONG> (Thumb, 18 bytes, Stack size 16 bytes, usbd_config_0.o(i.USBD0_SignalEndpointEvent))
<BR><BR>[Stack]<UL><LI>Max Depth = 88<LI>Call Chain = USBD0_SignalEndpointEvent &rArr; USBD_SignalEndpointEvent &rArr; USBD_ThreadFlagsSet &rArr; osSignalSet &rArr; isrSignalSet &rArr; isr_evt_set &rArr; rt_psq_enq
</UL>
<BR>[Calls]<UL><LI><a href="#[99]">&gt;&gt;</a>&nbsp;&nbsp;&nbsp;USBD_SignalEndpointEvent
</UL>
<BR>[Address Reference Count : 1]<UL><LI> usbd_config_0.o(.constdata)
</UL>
<P><STRONG><a name="[9a]"></a>USBD_ClassInitialize</STRONG> (Thumb, 60 bytes, Stack size 24 bytes, usbd_config_0.o(i.USBD_ClassInitialize))
<BR><BR>[Stack]<UL><LI>Max Depth = 128<LI>Call Chain = USBD_ClassInitialize &rArr; USBD_HID_Initialize &rArr; USBD_ThreadCreate &rArr; osThreadCreate &rArr; svcThreadCreate &rArr; rt_tsk_create &rArr; rt_init_context &rArr; rt_init_stack
</UL>
<BR>[Calls]<UL><LI><a href="#[9b]">&gt;&gt;</a>&nbsp;&nbsp;&nbsp;USBD_HID_Initialize
</UL>
<BR>[Called By]<UL><LI><a href="#[e6]">&gt;&gt;</a>&nbsp;&nbsp;&nbsp;USBD_Initialize
</UL>

<P><STRONG><a name="[a5]"></a>USBD_Class_Endpoint0_InDataSent</STRONG> (Thumb, 6 bytes, Stack size 0 bytes, usbd_config_0.o(i.USBD_Class_Endpoint0_InDataSent))
<BR><BR>[Called By]<UL><LI><a href="#[a4]">&gt;&gt;</a>&nbsp;&nbsp;&nbsp;USBD_Core_Endpoint0_InDataSent
</UL>

<P><STRONG><a name="[a7]"></a>USBD_Class_Endpoint0_OutDataReceived</STRONG> (Thumb, 6 bytes, Stack size 0 bytes, usbd_config_0.o(i.USBD_Class_Endpoint0_OutDataReceived))
<BR><BR>[Called By]<UL><LI><a href="#[a6]">&gt;&gt;</a>&nbsp;&nbsp;&nbsp;USBD_Core_Endpoint0_OutDataReceived
</UL>

<P><STRONG><a name="[a9]"></a>USBD_Class_Endpoint0_SetupPacketProcessed</STRONG> (Thumb, 2 bytes, Stack size 0 bytes, usbd_config_0.o(i.USBD_Class_Endpoint0_SetupPacketProcessed))
<BR><BR>[Called By]<UL><LI><a href="#[a8]">&gt;&gt;</a>&nbsp;&nbsp;&nbsp;USBD_Core_Endpoint0_SetupPacketProcessed
</UL>

<P><STRONG><a name="[ab]"></a>USBD_Class_Endpoint0_SetupPacketReceived</STRONG> (Thumb, 6 bytes, Stack size 0 bytes, usbd_config_0.o(i.USBD_Class_Endpoint0_SetupPacketReceived))
<BR><BR>[Called By]<UL><LI><a href="#[aa]">&gt;&gt;</a>&nbsp;&nbsp;&nbsp;USBD_Core_Endpoint0_SetupPacketReceived
</UL>

<P><STRONG><a name="[9c]"></a>USBD_Connect</STRONG> (Thumb, 24 bytes, Stack size 8 bytes, usbd_lib_core.o(i.USBD_Connect))
<BR><BR>[Stack]<UL><LI>Max Depth = 64<LI>Call Chain = USBD_Connect &rArr; USBD_DriverDeviceConnect &rArr; USBD_SemaphoreRelease &rArr; osSemaphoreRelease &rArr; isrSemaphoreRelease &rArr; isr_sem_send &rArr; rt_psq_enq
</UL>
<BR>[Calls]<UL><LI><a href="#[9e]">&gt;&gt;</a>&nbsp;&nbsp;&nbsp;USBD_DriverDeviceConnect
<LI><a href="#[9d]">&gt;&gt;</a>&nbsp;&nbsp;&nbsp;USBD_CheckDevice
</UL>
<BR>[Called By]<UL><LI><a href="#[f7]">&gt;&gt;</a>&nbsp;&nbsp;&nbsp;USBHID_init
</UL>

<P><STRONG><a name="[a4]"></a>USBD_Core_Endpoint0_InDataSent</STRONG> (Thumb, 54 bytes, Stack size 8 bytes, usbd_lib_core_device.o(i.USBD_Core_Endpoint0_InDataSent))
<BR><BR>[Stack]<UL><LI>Max Depth = 8<LI>Call Chain = USBD_Core_Endpoint0_InDataSent
</UL>
<BR>[Calls]<UL><LI><a href="#[a5]">&gt;&gt;</a>&nbsp;&nbsp;&nbsp;USBD_Class_Endpoint0_InDataSent
</UL>
<BR>[Called By]<UL><LI><a href="#[a3]">&gt;&gt;</a>&nbsp;&nbsp;&nbsp;USBD_Endpoint0
</UL>

<P><STRONG><a name="[a6]"></a>USBD_Core_Endpoint0_OutDataReceived</STRONG> (Thumb, 54 bytes, Stack size 8 bytes, usbd_lib_core_device.o(i.USBD_Core_Endpoint0_OutDataReceived))
<BR><BR>[Stack]<UL><LI>Max Depth = 8<LI>Call Chain = USBD_Core_Endpoint0_OutDataReceived
</UL>
<BR>[Calls]<UL><LI><a href="#[a7]">&gt;&gt;</a>&nbsp;&nbsp;&nbsp;USBD_Class_Endpoint0_OutDataReceived
</UL>
<BR>[Called By]<UL><LI><a href="#[a3]">&gt;&gt;</a>&nbsp;&nbsp;&nbsp;USBD_Endpoint0
</UL>

<P><STRONG><a name="[a8]"></a>USBD_Core_Endpoint0_SetupPacketProcessed</STRONG> (Thumb, 46 bytes, Stack size 8 bytes, usbd_lib_core_device.o(i.USBD_Core_Endpoint0_SetupPacketProcessed))
<BR><BR>[Stack]<UL><LI>Max Depth = 8<LI>Call Chain = USBD_Core_Endpoint0_SetupPacketProcessed
</UL>
<BR>[Calls]<UL><LI><a href="#[a9]">&gt;&gt;</a>&nbsp;&nbsp;&nbsp;USBD_Class_Endpoint0_SetupPacketProcessed
</UL>
<BR>[Called By]<UL><LI><a href="#[a3]">&gt;&gt;</a>&nbsp;&nbsp;&nbsp;USBD_Endpoint0
</UL>

<P><STRONG><a name="[aa]"></a>USBD_Core_Endpoint0_SetupPacketReceived</STRONG> (Thumb, 68 bytes, Stack size 8 bytes, usbd_lib_core_device.o(i.USBD_Core_Endpoint0_SetupPacketReceived))
<BR><BR>[Stack]<UL><LI>Max Depth = 8<LI>Call Chain = USBD_Core_Endpoint0_SetupPacketReceived
</UL>
<BR>[Calls]<UL><LI><a href="#[ab]">&gt;&gt;</a>&nbsp;&nbsp;&nbsp;USBD_Class_Endpoint0_SetupPacketReceived
</UL>
<BR>[Called By]<UL><LI><a href="#[a3]">&gt;&gt;</a>&nbsp;&nbsp;&nbsp;USBD_Endpoint0
</UL>

<P><STRONG><a name="[97]"></a>USBD_Core_Thread</STRONG> (Thumb, 134 bytes, Stack size 32 bytes, usbd_lib_core.o(i.USBD_Core_Thread))
<BR><BR>[Stack]<UL><LI>Max Depth = 288<LI>Call Chain = USBD_Core_Thread &rArr; USBD_Core &rArr; USBD_Endpoint0 &rArr; USBD_ReqSetInterface &rArr; USBD_EndpointStart &rArr; USBD_HID_EndpointStart &rArr; USBD_DriverEndpointTransfer &rArr; USBD_DriverEndpointTransferAbort &rArr; USBD_SemaphoreRelease &rArr; osSemaphoreRelease &rArr; isrSemaphoreRelease &rArr; isr_sem_send &rArr; rt_psq_enq
</UL>
<BR>[Calls]<UL><LI><a href="#[ac]">&gt;&gt;</a>&nbsp;&nbsp;&nbsp;USBD_ThreadFlagsWait
<LI><a href="#[9f]">&gt;&gt;</a>&nbsp;&nbsp;&nbsp;USBD_Core
</UL>
<BR>[Called By]<UL><LI><a href="#[5f]">&gt;&gt;</a>&nbsp;&nbsp;&nbsp;USBD0_Core_Thread
</UL>

<P><STRONG><a name="[ad]"></a>USBD_DataInStage</STRONG> (Thumb, 74 bytes, Stack size 16 bytes, usbd_lib_core.o(i.USBD_DataInStage))
<BR><BR>[Stack]<UL><LI>Max Depth = 144<LI>Call Chain = USBD_DataInStage &rArr; USBD_DriverEndpointTransfer &rArr; USBD_DriverEndpointTransferAbort &rArr; USBD_SemaphoreRelease &rArr; osSemaphoreRelease &rArr; isrSemaphoreRelease &rArr; isr_sem_send &rArr; rt_psq_enq
</UL>
<BR>[Calls]<UL><LI><a href="#[ae]">&gt;&gt;</a>&nbsp;&nbsp;&nbsp;USBD_DriverEndpointTransfer
</UL>
<BR>[Called By]<UL><LI><a href="#[cc]">&gt;&gt;</a>&nbsp;&nbsp;&nbsp;USBD_Endpoint0_Setup_HID_ReqToIF
<LI><a href="#[a3]">&gt;&gt;</a>&nbsp;&nbsp;&nbsp;USBD_Endpoint0
</UL>

<P><STRONG><a name="[af]"></a>USBD_DataOutStage</STRONG> (Thumb, 38 bytes, Stack size 8 bytes, usbd_lib_core.o(i.USBD_DataOutStage))
<BR><BR>[Stack]<UL><LI>Max Depth = 136<LI>Call Chain = USBD_DataOutStage &rArr; USBD_DriverEndpointTransfer &rArr; USBD_DriverEndpointTransferAbort &rArr; USBD_SemaphoreRelease &rArr; osSemaphoreRelease &rArr; isrSemaphoreRelease &rArr; isr_sem_send &rArr; rt_psq_enq
</UL>
<BR>[Calls]<UL><LI><a href="#[ae]">&gt;&gt;</a>&nbsp;&nbsp;&nbsp;USBD_DriverEndpointTransfer
</UL>
<BR>[Called By]<UL><LI><a href="#[a3]">&gt;&gt;</a>&nbsp;&nbsp;&nbsp;USBD_Endpoint0
</UL>

<P><STRONG><a name="[b0]"></a>USBD_Delay</STRONG> (Thumb, 14 bytes, Stack size 8 bytes, usbd_config_0.o(i.USBD_Delay))
<BR><BR>[Stack]<UL><LI>Max Depth = 8<LI>Call Chain = USBD_Delay
</UL>
<BR>[Calls]<UL><LI><a href="#[b1]">&gt;&gt;</a>&nbsp;&nbsp;&nbsp;osDelay
</UL>
<BR>[Called By]<UL><LI><a href="#[bc]">&gt;&gt;</a>&nbsp;&nbsp;&nbsp;USBD_DriverReadSetupPacket
<LI><a href="#[bb]">&gt;&gt;</a>&nbsp;&nbsp;&nbsp;USBD_DriverPowerControl
<LI><a href="#[ba]">&gt;&gt;</a>&nbsp;&nbsp;&nbsp;USBD_DriverInitialize
<LI><a href="#[b9]">&gt;&gt;</a>&nbsp;&nbsp;&nbsp;USBD_DriverEndpointUnconfigure
<LI><a href="#[b8]">&gt;&gt;</a>&nbsp;&nbsp;&nbsp;USBD_DriverEndpointTransferGetResult
<LI><a href="#[b6]">&gt;&gt;</a>&nbsp;&nbsp;&nbsp;USBD_DriverEndpointTransferAbort
<LI><a href="#[ae]">&gt;&gt;</a>&nbsp;&nbsp;&nbsp;USBD_DriverEndpointTransfer
<LI><a href="#[b7]">&gt;&gt;</a>&nbsp;&nbsp;&nbsp;USBD_DriverEndpointStall
<LI><a href="#[a1]">&gt;&gt;</a>&nbsp;&nbsp;&nbsp;USBD_DriverEndpointConfigure
<LI><a href="#[b5]">&gt;&gt;</a>&nbsp;&nbsp;&nbsp;USBD_DriverDeviceSetAddress
<LI><a href="#[9e]">&gt;&gt;</a>&nbsp;&nbsp;&nbsp;USBD_DriverDeviceConnect
</UL>

<P><STRONG><a name="[71]"></a>USBD_Device0_ConfigurationChanged</STRONG> (Thumb, 2 bytes, Stack size 0 bytes, usbd_config_0.o(i.USBD_Device0_ConfigurationChanged))
<BR>[Address Reference Count : 1]<UL><LI> usbd_config_0.o(.constdata)
</UL>
<P><STRONG><a name="[73]"></a>USBD_Device0_DisableRemoteWakeup</STRONG> (Thumb, 2 bytes, Stack size 0 bytes, usbd_config_0.o(i.USBD_Device0_DisableRemoteWakeup))
<BR>[Address Reference Count : 1]<UL><LI> usbd_config_0.o(.constdata)
</UL>
<P><STRONG><a name="[72]"></a>USBD_Device0_EnableRemoteWakeup</STRONG> (Thumb, 2 bytes, Stack size 0 bytes, usbd_config_0.o(i.USBD_Device0_EnableRemoteWakeup))
<BR>[Address Reference Count : 1]<UL><LI> usbd_config_0.o(.constdata)
</UL>
<P><STRONG><a name="[77]"></a>USBD_Device0_Endpoint0_InDataSent</STRONG> (Thumb, 6 bytes, Stack size 0 bytes, usbd_config_0.o(i.USBD_Device0_Endpoint0_InDataSent))
<BR>[Address Reference Count : 1]<UL><LI> usbd_config_0.o(.constdata)
</UL>
<P><STRONG><a name="[76]"></a>USBD_Device0_Endpoint0_OutDataReceived</STRONG> (Thumb, 6 bytes, Stack size 0 bytes, usbd_config_0.o(i.USBD_Device0_Endpoint0_OutDataReceived))
<BR>[Address Reference Count : 1]<UL><LI> usbd_config_0.o(.constdata)
</UL>
<P><STRONG><a name="[75]"></a>USBD_Device0_Endpoint0_SetupPacketProcessed</STRONG> (Thumb, 2 bytes, Stack size 0 bytes, usbd_config_0.o(i.USBD_Device0_Endpoint0_SetupPacketProcessed))
<BR>[Address Reference Count : 1]<UL><LI> usbd_config_0.o(.constdata)
</UL>
<P><STRONG><a name="[74]"></a>USBD_Device0_Endpoint0_SetupPacketReceived</STRONG> (Thumb, 6 bytes, Stack size 0 bytes, usbd_config_0.o(i.USBD_Device0_Endpoint0_SetupPacketReceived))
<BR>[Address Reference Count : 1]<UL><LI> usbd_config_0.o(.constdata)
</UL>
<P><STRONG><a name="[b2]"></a>USBD_Device0_EventReset</STRONG> (Thumb, 2 bytes, Stack size 0 bytes, usbd_config_0.o(i.USBD_Device0_EventReset))
<BR><BR>[Called By]<UL><LI><a href="#[6d]">&gt;&gt;</a>&nbsp;&nbsp;&nbsp;USBD_Device0_Reset
</UL>

<P><STRONG><a name="[6e]"></a>USBD_Device0_HighSpeedActivated</STRONG> (Thumb, 2 bytes, Stack size 0 bytes, usbd_config_0.o(i.USBD_Device0_HighSpeedActivated))
<BR>[Address Reference Count : 1]<UL><LI> usbd_config_0.o(.constdata)
</UL>
<P><STRONG><a name="[6a]"></a>USBD_Device0_Initialize</STRONG> (Thumb, 2 bytes, Stack size 0 bytes, usbd_config_0.o(i.USBD_Device0_Initialize))
<BR>[Address Reference Count : 1]<UL><LI> usbd_config_0.o(.constdata)
</UL>
<P><STRONG><a name="[6d]"></a>USBD_Device0_Reset</STRONG> (Thumb, 8 bytes, Stack size 8 bytes, usbd_config_0.o(i.USBD_Device0_Reset))
<BR><BR>[Stack]<UL><LI>Max Depth = 8<LI>Call Chain = USBD_Device0_Reset
</UL>
<BR>[Calls]<UL><LI><a href="#[b2]">&gt;&gt;</a>&nbsp;&nbsp;&nbsp;USBD_Device0_EventReset
</UL>
<BR>[Address Reference Count : 1]<UL><LI> usbd_config_0.o(.constdata)
</UL>
<P><STRONG><a name="[70]"></a>USBD_Device0_Resumed</STRONG> (Thumb, 2 bytes, Stack size 0 bytes, usbd_config_0.o(i.USBD_Device0_Resumed))
<BR>[Address Reference Count : 1]<UL><LI> usbd_config_0.o(.constdata)
</UL>
<P><STRONG><a name="[6f]"></a>USBD_Device0_Suspended</STRONG> (Thumb, 2 bytes, Stack size 0 bytes, usbd_config_0.o(i.USBD_Device0_Suspended))
<BR>[Address Reference Count : 1]<UL><LI> usbd_config_0.o(.constdata)
</UL>
<P><STRONG><a name="[6b]"></a>USBD_Device0_Uninitialize</STRONG> (Thumb, 2 bytes, Stack size 0 bytes, usbd_config_0.o(i.USBD_Device0_Uninitialize))
<BR>[Address Reference Count : 1]<UL><LI> usbd_config_0.o(.constdata)
</UL>
<P><STRONG><a name="[6c]"></a>USBD_Device0_VbusChanged</STRONG> (Thumb, 2 bytes, Stack size 0 bytes, usbd_config_0.o(i.USBD_Device0_VbusChanged))
<BR>[Address Reference Count : 1]<UL><LI> usbd_config_0.o(.constdata)
</UL>
<P><STRONG><a name="[9e]"></a>USBD_DriverDeviceConnect</STRONG> (Thumb, 74 bytes, Stack size 16 bytes, usbd_lib_drv.o(i.USBD_DriverDeviceConnect))
<BR><BR>[Stack]<UL><LI>Max Depth = 56<LI>Call Chain = USBD_DriverDeviceConnect &rArr; USBD_SemaphoreRelease &rArr; osSemaphoreRelease &rArr; isrSemaphoreRelease &rArr; isr_sem_send &rArr; rt_psq_enq
</UL>
<BR>[Calls]<UL><LI><a href="#[b4]">&gt;&gt;</a>&nbsp;&nbsp;&nbsp;USBD_SemaphoreRelease
<LI><a href="#[b3]">&gt;&gt;</a>&nbsp;&nbsp;&nbsp;USBD_SemaphoreAcquire
<LI><a href="#[b0]">&gt;&gt;</a>&nbsp;&nbsp;&nbsp;USBD_Delay
</UL>
<BR>[Called By]<UL><LI><a href="#[9c]">&gt;&gt;</a>&nbsp;&nbsp;&nbsp;USBD_Connect
</UL>

<P><STRONG><a name="[b5]"></a>USBD_DriverDeviceSetAddress</STRONG> (Thumb, 82 bytes, Stack size 24 bytes, usbd_lib_drv.o(i.USBD_DriverDeviceSetAddress))
<BR><BR>[Stack]<UL><LI>Max Depth = 64<LI>Call Chain = USBD_DriverDeviceSetAddress &rArr; USBD_SemaphoreRelease &rArr; osSemaphoreRelease &rArr; isrSemaphoreRelease &rArr; isr_sem_send &rArr; rt_psq_enq
</UL>
<BR>[Calls]<UL><LI><a href="#[b4]">&gt;&gt;</a>&nbsp;&nbsp;&nbsp;USBD_SemaphoreRelease
<LI><a href="#[b3]">&gt;&gt;</a>&nbsp;&nbsp;&nbsp;USBD_SemaphoreAcquire
<LI><a href="#[b0]">&gt;&gt;</a>&nbsp;&nbsp;&nbsp;USBD_Delay
</UL>
<BR>[Called By]<UL><LI><a href="#[a3]">&gt;&gt;</a>&nbsp;&nbsp;&nbsp;USBD_Endpoint0
</UL>

<P><STRONG><a name="[a1]"></a>USBD_DriverEndpointConfigure</STRONG> (Thumb, 154 bytes, Stack size 40 bytes, usbd_lib_drv.o(i.USBD_DriverEndpointConfigure))
<BR><BR>[Stack]<UL><LI>Max Depth = 112<LI>Call Chain = USBD_DriverEndpointConfigure &rArr; USBD_DriverEndpointTransferAbort &rArr; USBD_SemaphoreRelease &rArr; osSemaphoreRelease &rArr; isrSemaphoreRelease &rArr; isr_sem_send &rArr; rt_psq_enq
</UL>
<BR>[Calls]<UL><LI><a href="#[b4]">&gt;&gt;</a>&nbsp;&nbsp;&nbsp;USBD_SemaphoreRelease
<LI><a href="#[b3]">&gt;&gt;</a>&nbsp;&nbsp;&nbsp;USBD_SemaphoreAcquire
<LI><a href="#[b0]">&gt;&gt;</a>&nbsp;&nbsp;&nbsp;USBD_Delay
<LI><a href="#[b6]">&gt;&gt;</a>&nbsp;&nbsp;&nbsp;USBD_DriverEndpointTransferAbort
</UL>
<BR>[Called By]<UL><LI><a href="#[cb]">&gt;&gt;</a>&nbsp;&nbsp;&nbsp;USBD_ReqSetInterface
<LI><a href="#[ca]">&gt;&gt;</a>&nbsp;&nbsp;&nbsp;USBD_ReqSetConfiguration
<LI><a href="#[9f]">&gt;&gt;</a>&nbsp;&nbsp;&nbsp;USBD_Core
</UL>

<P><STRONG><a name="[b7]"></a>USBD_DriverEndpointStall</STRONG> (Thumb, 148 bytes, Stack size 32 bytes, usbd_lib_drv.o(i.USBD_DriverEndpointStall))
<BR><BR>[Stack]<UL><LI>Max Depth = 104<LI>Call Chain = USBD_DriverEndpointStall &rArr; USBD_DriverEndpointTransferAbort &rArr; USBD_SemaphoreRelease &rArr; osSemaphoreRelease &rArr; isrSemaphoreRelease &rArr; isr_sem_send &rArr; rt_psq_enq
</UL>
<BR>[Calls]<UL><LI><a href="#[b4]">&gt;&gt;</a>&nbsp;&nbsp;&nbsp;USBD_SemaphoreRelease
<LI><a href="#[b3]">&gt;&gt;</a>&nbsp;&nbsp;&nbsp;USBD_SemaphoreAcquire
<LI><a href="#[b0]">&gt;&gt;</a>&nbsp;&nbsp;&nbsp;USBD_Delay
<LI><a href="#[b6]">&gt;&gt;</a>&nbsp;&nbsp;&nbsp;USBD_DriverEndpointTransferAbort
</UL>
<BR>[Called By]<UL><LI><a href="#[c8]">&gt;&gt;</a>&nbsp;&nbsp;&nbsp;USBD_ReqSetClrFeature
<LI><a href="#[a3]">&gt;&gt;</a>&nbsp;&nbsp;&nbsp;USBD_Endpoint0
</UL>

<P><STRONG><a name="[ae]"></a>USBD_DriverEndpointTransfer</STRONG> (Thumb, 200 bytes, Stack size 56 bytes, usbd_lib_drv.o(i.USBD_DriverEndpointTransfer))
<BR><BR>[Stack]<UL><LI>Max Depth = 128<LI>Call Chain = USBD_DriverEndpointTransfer &rArr; USBD_DriverEndpointTransferAbort &rArr; USBD_SemaphoreRelease &rArr; osSemaphoreRelease &rArr; isrSemaphoreRelease &rArr; isr_sem_send &rArr; rt_psq_enq
</UL>
<BR>[Calls]<UL><LI><a href="#[b4]">&gt;&gt;</a>&nbsp;&nbsp;&nbsp;USBD_SemaphoreRelease
<LI><a href="#[b3]">&gt;&gt;</a>&nbsp;&nbsp;&nbsp;USBD_SemaphoreAcquire
<LI><a href="#[b0]">&gt;&gt;</a>&nbsp;&nbsp;&nbsp;USBD_Delay
<LI><a href="#[b6]">&gt;&gt;</a>&nbsp;&nbsp;&nbsp;USBD_DriverEndpointTransferAbort
</UL>
<BR>[Called By]<UL><LI><a href="#[da]">&gt;&gt;</a>&nbsp;&nbsp;&nbsp;USBD_HID_EndpointStart
<LI><a href="#[e0]">&gt;&gt;</a>&nbsp;&nbsp;&nbsp;USBD_HID_EpIntOut
<LI><a href="#[df]">&gt;&gt;</a>&nbsp;&nbsp;&nbsp;USBD_HID_EpIntIn
<LI><a href="#[bf]">&gt;&gt;</a>&nbsp;&nbsp;&nbsp;USBD_StatusOutStage
<LI><a href="#[c1]">&gt;&gt;</a>&nbsp;&nbsp;&nbsp;USBD_StatusInStage
<LI><a href="#[af]">&gt;&gt;</a>&nbsp;&nbsp;&nbsp;USBD_DataOutStage
<LI><a href="#[ad]">&gt;&gt;</a>&nbsp;&nbsp;&nbsp;USBD_DataInStage
</UL>

<P><STRONG><a name="[b6]"></a>USBD_DriverEndpointTransferAbort</STRONG> (Thumb, 148 bytes, Stack size 32 bytes, usbd_lib_drv.o(i.USBD_DriverEndpointTransferAbort))
<BR><BR>[Stack]<UL><LI>Max Depth = 72<LI>Call Chain = USBD_DriverEndpointTransferAbort &rArr; USBD_SemaphoreRelease &rArr; osSemaphoreRelease &rArr; isrSemaphoreRelease &rArr; isr_sem_send &rArr; rt_psq_enq
</UL>
<BR>[Calls]<UL><LI><a href="#[b4]">&gt;&gt;</a>&nbsp;&nbsp;&nbsp;USBD_SemaphoreRelease
<LI><a href="#[b3]">&gt;&gt;</a>&nbsp;&nbsp;&nbsp;USBD_SemaphoreAcquire
<LI><a href="#[b0]">&gt;&gt;</a>&nbsp;&nbsp;&nbsp;USBD_Delay
</UL>
<BR>[Called By]<UL><LI><a href="#[e4]">&gt;&gt;</a>&nbsp;&nbsp;&nbsp;USBD_HID_Reset
<LI><a href="#[b9]">&gt;&gt;</a>&nbsp;&nbsp;&nbsp;USBD_DriverEndpointUnconfigure
<LI><a href="#[ae]">&gt;&gt;</a>&nbsp;&nbsp;&nbsp;USBD_DriverEndpointTransfer
<LI><a href="#[b7]">&gt;&gt;</a>&nbsp;&nbsp;&nbsp;USBD_DriverEndpointStall
<LI><a href="#[a1]">&gt;&gt;</a>&nbsp;&nbsp;&nbsp;USBD_DriverEndpointConfigure
<LI><a href="#[c6]">&gt;&gt;</a>&nbsp;&nbsp;&nbsp;USBD_StatusOutStageDone
<LI><a href="#[cb]">&gt;&gt;</a>&nbsp;&nbsp;&nbsp;USBD_ReqSetInterface
<LI><a href="#[ca]">&gt;&gt;</a>&nbsp;&nbsp;&nbsp;USBD_ReqSetConfiguration
<LI><a href="#[c8]">&gt;&gt;</a>&nbsp;&nbsp;&nbsp;USBD_ReqSetClrFeature
</UL>

<P><STRONG><a name="[b8]"></a>USBD_DriverEndpointTransferGetResult</STRONG> (Thumb, 104 bytes, Stack size 24 bytes, usbd_lib_drv.o(i.USBD_DriverEndpointTransferGetResult))
<BR><BR>[Stack]<UL><LI>Max Depth = 64<LI>Call Chain = USBD_DriverEndpointTransferGetResult &rArr; USBD_SemaphoreRelease &rArr; osSemaphoreRelease &rArr; isrSemaphoreRelease &rArr; isr_sem_send &rArr; rt_psq_enq
</UL>
<BR>[Calls]<UL><LI><a href="#[b4]">&gt;&gt;</a>&nbsp;&nbsp;&nbsp;USBD_SemaphoreRelease
<LI><a href="#[b3]">&gt;&gt;</a>&nbsp;&nbsp;&nbsp;USBD_SemaphoreAcquire
<LI><a href="#[b0]">&gt;&gt;</a>&nbsp;&nbsp;&nbsp;USBD_Delay
</UL>
<BR>[Called By]<UL><LI><a href="#[e0]">&gt;&gt;</a>&nbsp;&nbsp;&nbsp;USBD_HID_EpIntOut
<LI><a href="#[c6]">&gt;&gt;</a>&nbsp;&nbsp;&nbsp;USBD_StatusOutStageDone
<LI><a href="#[c0]">&gt;&gt;</a>&nbsp;&nbsp;&nbsp;USBD_StatusInStageDone
</UL>

<P><STRONG><a name="[b9]"></a>USBD_DriverEndpointUnconfigure</STRONG> (Thumb, 146 bytes, Stack size 32 bytes, usbd_lib_drv.o(i.USBD_DriverEndpointUnconfigure))
<BR><BR>[Stack]<UL><LI>Max Depth = 104<LI>Call Chain = USBD_DriverEndpointUnconfigure &rArr; USBD_DriverEndpointTransferAbort &rArr; USBD_SemaphoreRelease &rArr; osSemaphoreRelease &rArr; isrSemaphoreRelease &rArr; isr_sem_send &rArr; rt_psq_enq
</UL>
<BR>[Calls]<UL><LI><a href="#[b4]">&gt;&gt;</a>&nbsp;&nbsp;&nbsp;USBD_SemaphoreRelease
<LI><a href="#[b3]">&gt;&gt;</a>&nbsp;&nbsp;&nbsp;USBD_SemaphoreAcquire
<LI><a href="#[b0]">&gt;&gt;</a>&nbsp;&nbsp;&nbsp;USBD_Delay
<LI><a href="#[b6]">&gt;&gt;</a>&nbsp;&nbsp;&nbsp;USBD_DriverEndpointTransferAbort
</UL>
<BR>[Called By]<UL><LI><a href="#[cb]">&gt;&gt;</a>&nbsp;&nbsp;&nbsp;USBD_ReqSetInterface
<LI><a href="#[ca]">&gt;&gt;</a>&nbsp;&nbsp;&nbsp;USBD_ReqSetConfiguration
</UL>

<P><STRONG><a name="[e8]"></a>USBD_DriverGetCapabilities</STRONG> (Thumb, 12 bytes, Stack size 0 bytes, usbd_lib_drv.o(i.USBD_DriverGetCapabilities))
<BR><BR>[Called By]<UL><LI><a href="#[e6]">&gt;&gt;</a>&nbsp;&nbsp;&nbsp;USBD_Initialize
</UL>

<P><STRONG><a name="[e7]"></a>USBD_DriverGetVersion</STRONG> (Thumb, 12 bytes, Stack size 0 bytes, usbd_lib_drv.o(i.USBD_DriverGetVersion))
<BR><BR>[Called By]<UL><LI><a href="#[e6]">&gt;&gt;</a>&nbsp;&nbsp;&nbsp;USBD_Initialize
</UL>

<P><STRONG><a name="[ba]"></a>USBD_DriverInitialize</STRONG> (Thumb, 84 bytes, Stack size 24 bytes, usbd_lib_drv.o(i.USBD_DriverInitialize))
<BR><BR>[Stack]<UL><LI>Max Depth = 64<LI>Call Chain = USBD_DriverInitialize &rArr; USBD_SemaphoreRelease &rArr; osSemaphoreRelease &rArr; isrSemaphoreRelease &rArr; isr_sem_send &rArr; rt_psq_enq
</UL>
<BR>[Calls]<UL><LI><a href="#[b4]">&gt;&gt;</a>&nbsp;&nbsp;&nbsp;USBD_SemaphoreRelease
<LI><a href="#[b3]">&gt;&gt;</a>&nbsp;&nbsp;&nbsp;USBD_SemaphoreAcquire
<LI><a href="#[b0]">&gt;&gt;</a>&nbsp;&nbsp;&nbsp;USBD_Delay
</UL>
<BR>[Called By]<UL><LI><a href="#[e6]">&gt;&gt;</a>&nbsp;&nbsp;&nbsp;USBD_Initialize
</UL>

<P><STRONG><a name="[bb]"></a>USBD_DriverPowerControl</STRONG> (Thumb, 82 bytes, Stack size 24 bytes, usbd_lib_drv.o(i.USBD_DriverPowerControl))
<BR><BR>[Stack]<UL><LI>Max Depth = 64<LI>Call Chain = USBD_DriverPowerControl &rArr; USBD_SemaphoreRelease &rArr; osSemaphoreRelease &rArr; isrSemaphoreRelease &rArr; isr_sem_send &rArr; rt_psq_enq
</UL>
<BR>[Calls]<UL><LI><a href="#[b4]">&gt;&gt;</a>&nbsp;&nbsp;&nbsp;USBD_SemaphoreRelease
<LI><a href="#[b3]">&gt;&gt;</a>&nbsp;&nbsp;&nbsp;USBD_SemaphoreAcquire
<LI><a href="#[b0]">&gt;&gt;</a>&nbsp;&nbsp;&nbsp;USBD_Delay
</UL>
<BR>[Called By]<UL><LI><a href="#[e6]">&gt;&gt;</a>&nbsp;&nbsp;&nbsp;USBD_Initialize
</UL>

<P><STRONG><a name="[bc]"></a>USBD_DriverReadSetupPacket</STRONG> (Thumb, 82 bytes, Stack size 24 bytes, usbd_lib_drv.o(i.USBD_DriverReadSetupPacket))
<BR><BR>[Stack]<UL><LI>Max Depth = 64<LI>Call Chain = USBD_DriverReadSetupPacket &rArr; USBD_SemaphoreRelease &rArr; osSemaphoreRelease &rArr; isrSemaphoreRelease &rArr; isr_sem_send &rArr; rt_psq_enq
</UL>
<BR>[Calls]<UL><LI><a href="#[b4]">&gt;&gt;</a>&nbsp;&nbsp;&nbsp;USBD_SemaphoreRelease
<LI><a href="#[b3]">&gt;&gt;</a>&nbsp;&nbsp;&nbsp;USBD_SemaphoreAcquire
<LI><a href="#[b0]">&gt;&gt;</a>&nbsp;&nbsp;&nbsp;USBD_Delay
</UL>
<BR>[Called By]<UL><LI><a href="#[a3]">&gt;&gt;</a>&nbsp;&nbsp;&nbsp;USBD_Endpoint0
</UL>

<P><STRONG><a name="[ec]"></a>USBD_Endpoint0_ClearFeatureStall_MSC</STRONG> (Thumb, 2 bytes, Stack size 0 bytes, usbd_config_0.o(i.USBD_Endpoint0_ClearFeatureStall_MSC))
<BR><BR>[Called By]<UL><LI><a href="#[c8]">&gt;&gt;</a>&nbsp;&nbsp;&nbsp;USBD_ReqSetClrFeature
</UL>

<P><STRONG><a name="[c5]"></a>USBD_Endpoint0_Out_ADC_ReqToEP</STRONG> (Thumb, 6 bytes, Stack size 0 bytes, usbd_config_0.o(i.USBD_Endpoint0_Out_ADC_ReqToEP))
<BR><BR>[Called By]<UL><LI><a href="#[a3]">&gt;&gt;</a>&nbsp;&nbsp;&nbsp;USBD_Endpoint0
</UL>

<P><STRONG><a name="[c3]"></a>USBD_Endpoint0_Out_ADC_ReqToIF</STRONG> (Thumb, 6 bytes, Stack size 0 bytes, usbd_config_0.o(i.USBD_Endpoint0_Out_ADC_ReqToIF))
<BR><BR>[Called By]<UL><LI><a href="#[a3]">&gt;&gt;</a>&nbsp;&nbsp;&nbsp;USBD_Endpoint0
</UL>

<P><STRONG><a name="[c4]"></a>USBD_Endpoint0_Out_CDC_ReqToIF</STRONG> (Thumb, 6 bytes, Stack size 0 bytes, usbd_config_0.o(i.USBD_Endpoint0_Out_CDC_ReqToIF))
<BR><BR>[Called By]<UL><LI><a href="#[a3]">&gt;&gt;</a>&nbsp;&nbsp;&nbsp;USBD_Endpoint0
</UL>

<P><STRONG><a name="[c2]"></a>USBD_Endpoint0_Out_HID_ReqToIF</STRONG> (Thumb, 102 bytes, Stack size 24 bytes, usbd_lib_core_hid.o(i.USBD_Endpoint0_Out_HID_ReqToIF))
<BR><BR>[Stack]<UL><LI>Max Depth = 152<LI>Call Chain = USBD_Endpoint0_Out_HID_ReqToIF &rArr; USBD_StatusInStage &rArr; USBD_DriverEndpointTransfer &rArr; USBD_DriverEndpointTransferAbort &rArr; USBD_SemaphoreRelease &rArr; osSemaphoreRelease &rArr; isrSemaphoreRelease &rArr; isr_sem_send &rArr; rt_psq_enq
</UL>
<BR>[Calls]<UL><LI><a href="#[d1]">&gt;&gt;</a>&nbsp;&nbsp;&nbsp;USBD_HID_CoreSetReport
<LI><a href="#[c1]">&gt;&gt;</a>&nbsp;&nbsp;&nbsp;USBD_StatusInStage
</UL>
<BR>[Called By]<UL><LI><a href="#[a3]">&gt;&gt;</a>&nbsp;&nbsp;&nbsp;USBD_Endpoint0
</UL>

<P><STRONG><a name="[ea]"></a>USBD_Endpoint0_ReqGetDescriptor_HID</STRONG> (Thumb, 244 bytes, Stack size 32 bytes, usbd_lib_core_hid.o(i.USBD_Endpoint0_ReqGetDescriptor_HID))
<BR><BR>[Stack]<UL><LI>Max Depth = 32<LI>Call Chain = USBD_Endpoint0_ReqGetDescriptor_HID
</UL>
<BR>[Called By]<UL><LI><a href="#[c9]">&gt;&gt;</a>&nbsp;&nbsp;&nbsp;USBD_ReqGetDescriptor
</UL>

<P><STRONG><a name="[d0]"></a>USBD_Endpoint0_Setup_ADC_ReqToEP</STRONG> (Thumb, 6 bytes, Stack size 0 bytes, usbd_config_0.o(i.USBD_Endpoint0_Setup_ADC_ReqToEP))
<BR><BR>[Called By]<UL><LI><a href="#[a3]">&gt;&gt;</a>&nbsp;&nbsp;&nbsp;USBD_Endpoint0
</UL>

<P><STRONG><a name="[ce]"></a>USBD_Endpoint0_Setup_ADC_ReqToIF</STRONG> (Thumb, 6 bytes, Stack size 0 bytes, usbd_config_0.o(i.USBD_Endpoint0_Setup_ADC_ReqToIF))
<BR><BR>[Called By]<UL><LI><a href="#[a3]">&gt;&gt;</a>&nbsp;&nbsp;&nbsp;USBD_Endpoint0
</UL>

<P><STRONG><a name="[cf]"></a>USBD_Endpoint0_Setup_CDC_ReqToIF</STRONG> (Thumb, 6 bytes, Stack size 0 bytes, usbd_config_0.o(i.USBD_Endpoint0_Setup_CDC_ReqToIF))
<BR><BR>[Called By]<UL><LI><a href="#[a3]">&gt;&gt;</a>&nbsp;&nbsp;&nbsp;USBD_Endpoint0
</UL>

<P><STRONG><a name="[cc]"></a>USBD_Endpoint0_Setup_HID_ReqToIF</STRONG> (Thumb, 328 bytes, Stack size 40 bytes, usbd_lib_core_hid.o(i.USBD_Endpoint0_Setup_HID_ReqToIF))
<BR><BR>[Stack]<UL><LI>Max Depth = 184<LI>Call Chain = USBD_Endpoint0_Setup_HID_ReqToIF &rArr; USBD_DataInStage &rArr; USBD_DriverEndpointTransfer &rArr; USBD_DriverEndpointTransferAbort &rArr; USBD_SemaphoreRelease &rArr; osSemaphoreRelease &rArr; isrSemaphoreRelease &rArr; isr_sem_send &rArr; rt_psq_enq
</UL>
<BR>[Calls]<UL><LI><a href="#[d6]">&gt;&gt;</a>&nbsp;&nbsp;&nbsp;USBD_HID_CoreSetProtocol
<LI><a href="#[d4]">&gt;&gt;</a>&nbsp;&nbsp;&nbsp;USBD_HID_CoreSetIdle
<LI><a href="#[d2]">&gt;&gt;</a>&nbsp;&nbsp;&nbsp;USBD_HID_CoreGetReport
<LI><a href="#[d5]">&gt;&gt;</a>&nbsp;&nbsp;&nbsp;USBD_HID_CoreGetProtocol
<LI><a href="#[d3]">&gt;&gt;</a>&nbsp;&nbsp;&nbsp;USBD_HID_CoreGetIdle
<LI><a href="#[bf]">&gt;&gt;</a>&nbsp;&nbsp;&nbsp;USBD_StatusOutStage
<LI><a href="#[c1]">&gt;&gt;</a>&nbsp;&nbsp;&nbsp;USBD_StatusInStage
<LI><a href="#[ad]">&gt;&gt;</a>&nbsp;&nbsp;&nbsp;USBD_DataInStage
</UL>
<BR>[Called By]<UL><LI><a href="#[a3]">&gt;&gt;</a>&nbsp;&nbsp;&nbsp;USBD_Endpoint0
</UL>

<P><STRONG><a name="[cd]"></a>USBD_Endpoint0_Setup_MSC_ReqToIF</STRONG> (Thumb, 6 bytes, Stack size 0 bytes, usbd_config_0.o(i.USBD_Endpoint0_Setup_MSC_ReqToIF))
<BR><BR>[Called By]<UL><LI><a href="#[a3]">&gt;&gt;</a>&nbsp;&nbsp;&nbsp;USBD_Endpoint0
</UL>

<P><STRONG><a name="[d9]"></a>USBD_EndpointStart</STRONG> (Thumb, 78 bytes, Stack size 16 bytes, usbd_config_0.o(i.USBD_EndpointStart))
<BR><BR>[Stack]<UL><LI>Max Depth = 160<LI>Call Chain = USBD_EndpointStart &rArr; USBD_HID_EndpointStart &rArr; USBD_DriverEndpointTransfer &rArr; USBD_DriverEndpointTransferAbort &rArr; USBD_SemaphoreRelease &rArr; osSemaphoreRelease &rArr; isrSemaphoreRelease &rArr; isr_sem_send &rArr; rt_psq_enq
</UL>
<BR>[Calls]<UL><LI><a href="#[da]">&gt;&gt;</a>&nbsp;&nbsp;&nbsp;USBD_HID_EndpointStart
</UL>
<BR>[Called By]<UL><LI><a href="#[cb]">&gt;&gt;</a>&nbsp;&nbsp;&nbsp;USBD_ReqSetInterface
<LI><a href="#[ca]">&gt;&gt;</a>&nbsp;&nbsp;&nbsp;USBD_ReqSetConfiguration
<LI><a href="#[c8]">&gt;&gt;</a>&nbsp;&nbsp;&nbsp;USBD_ReqSetClrFeature
</UL>

<P><STRONG><a name="[eb]"></a>USBD_EndpointStop</STRONG> (Thumb, 2 bytes, Stack size 0 bytes, usbd_config_0.o(i.USBD_EndpointStop))
<BR><BR>[Called By]<UL><LI><a href="#[cb]">&gt;&gt;</a>&nbsp;&nbsp;&nbsp;USBD_ReqSetInterface
<LI><a href="#[ca]">&gt;&gt;</a>&nbsp;&nbsp;&nbsp;USBD_ReqSetConfiguration
<LI><a href="#[c8]">&gt;&gt;</a>&nbsp;&nbsp;&nbsp;USBD_ReqSetClrFeature
</UL>

<P><STRONG><a name="[68]"></a>USBD_HID0_GetProtocol</STRONG> (Thumb, 6 bytes, Stack size 0 bytes, usbd_config_0.o(i.USBD_HID0_GetProtocol))
<BR>[Address Reference Count : 1]<UL><LI> usbd_config_0.o(.constdata)
</UL>
<P><STRONG><a name="[66]"></a>USBD_HID0_GetReport</STRONG> (Thumb, 10 bytes, Stack size 8 bytes, usbd_config_0.o(i.USBD_HID0_GetReport))
<BR><BR>[Stack]<UL><LI>Max Depth = 8<LI>Call Chain = USBD_HID0_GetReport
</UL>
<BR>[Called By]<UL><LI><a href="#[4c]">&gt;&gt;</a>&nbsp;&nbsp;&nbsp;main
</UL>
<BR>[Address Reference Count : 1]<UL><LI> usbd_config_0.o(.constdata)
</UL>
<P><STRONG><a name="[64]"></a>USBD_HID0_Initialize</STRONG> (Thumb, 2 bytes, Stack size 0 bytes, usbd_config_0.o(i.USBD_HID0_Initialize))
<BR>[Address Reference Count : 1]<UL><LI> usbd_config_0.o(.constdata)
</UL>
<P><STRONG><a name="[69]"></a>USBD_HID0_SetProtocol</STRONG> (Thumb, 6 bytes, Stack size 0 bytes, usbd_config_0.o(i.USBD_HID0_SetProtocol))
<BR>[Address Reference Count : 1]<UL><LI> usbd_config_0.o(.constdata)
</UL>
<P><STRONG><a name="[67]"></a>USBD_HID0_SetReport</STRONG> (Thumb, 10 bytes, Stack size 12 bytes, usbd_config_0.o(i.USBD_HID0_SetReport))
<BR><BR>[Stack]<UL><LI>Max Depth = 12<LI>Call Chain = USBD_HID0_SetReport
</UL>
<BR>[Called By]<UL><LI><a href="#[4c]">&gt;&gt;</a>&nbsp;&nbsp;&nbsp;main
</UL>
<BR>[Address Reference Count : 1]<UL><LI> usbd_config_0.o(.constdata)
</UL>
<P><STRONG><a name="[60]"></a>USBD_HID0_Thread</STRONG> (Thumb, 6 bytes, Stack size 0 bytes, usbd_lib_hid.o(i.USBD_HID0_Thread))
<BR><BR>[Stack]<UL><LI>Max Depth = 176<LI>Call Chain = USBD_HID0_Thread &rArr; USBD_HID_Thread &rArr; USBD_HID_EpIntOut &rArr; USBD_DriverEndpointTransfer &rArr; USBD_DriverEndpointTransferAbort &rArr; USBD_SemaphoreRelease &rArr; osSemaphoreRelease &rArr; isrSemaphoreRelease &rArr; isr_sem_send &rArr; rt_psq_enq
</UL>
<BR>[Calls]<UL><LI><a href="#[db]">&gt;&gt;</a>&nbsp;&nbsp;&nbsp;USBD_HID_Thread
</UL>
<BR>[Address Reference Count : 1]<UL><LI> usbd_config_0.o(.constdata)
</UL>
<P><STRONG><a name="[65]"></a>USBD_HID0_Uninitialize</STRONG> (Thumb, 2 bytes, Stack size 0 bytes, usbd_config_0.o(i.USBD_HID0_Uninitialize))
<BR>[Address Reference Count : 1]<UL><LI> usbd_config_0.o(.constdata)
</UL>
<P><STRONG><a name="[d3]"></a>USBD_HID_CoreGetIdle</STRONG> (Thumb, 46 bytes, Stack size 8 bytes, usbd_lib_hid.o(i.USBD_HID_CoreGetIdle))
<BR><BR>[Stack]<UL><LI>Max Depth = 8<LI>Call Chain = USBD_HID_CoreGetIdle
</UL>
<BR>[Calls]<UL><LI><a href="#[dc]">&gt;&gt;</a>&nbsp;&nbsp;&nbsp;USBD_HID_CheckInstance
</UL>
<BR>[Called By]<UL><LI><a href="#[cc]">&gt;&gt;</a>&nbsp;&nbsp;&nbsp;USBD_Endpoint0_Setup_HID_ReqToIF
</UL>

<P><STRONG><a name="[d5]"></a>USBD_HID_CoreGetProtocol</STRONG> (Thumb, 50 bytes, Stack size 8 bytes, usbd_lib_hid.o(i.USBD_HID_CoreGetProtocol))
<BR><BR>[Stack]<UL><LI>Max Depth = 8<LI>Call Chain = USBD_HID_CoreGetProtocol
</UL>
<BR>[Calls]<UL><LI><a href="#[dc]">&gt;&gt;</a>&nbsp;&nbsp;&nbsp;USBD_HID_CheckInstance
</UL>
<BR>[Called By]<UL><LI><a href="#[cc]">&gt;&gt;</a>&nbsp;&nbsp;&nbsp;USBD_Endpoint0_Setup_HID_ReqToIF
</UL>

<P><STRONG><a name="[d2]"></a>USBD_HID_CoreGetReport</STRONG> (Thumb, 90 bytes, Stack size 16 bytes, usbd_lib_hid.o(i.USBD_HID_CoreGetReport))
<BR><BR>[Stack]<UL><LI>Max Depth = 16<LI>Call Chain = USBD_HID_CoreGetReport
</UL>
<BR>[Calls]<UL><LI><a href="#[dc]">&gt;&gt;</a>&nbsp;&nbsp;&nbsp;USBD_HID_CheckInstance
</UL>
<BR>[Called By]<UL><LI><a href="#[cc]">&gt;&gt;</a>&nbsp;&nbsp;&nbsp;USBD_Endpoint0_Setup_HID_ReqToIF
</UL>

<P><STRONG><a name="[d4]"></a>USBD_HID_CoreSetIdle</STRONG> (Thumb, 114 bytes, Stack size 16 bytes, usbd_lib_hid.o(i.USBD_HID_CoreSetIdle))
<BR><BR>[Stack]<UL><LI>Max Depth = 32<LI>Call Chain = USBD_HID_CoreSetIdle &rArr; USBD_TimerStart
</UL>
<BR>[Calls]<UL><LI><a href="#[de]">&gt;&gt;</a>&nbsp;&nbsp;&nbsp;USBD_TimerStop
<LI><a href="#[dd]">&gt;&gt;</a>&nbsp;&nbsp;&nbsp;USBD_TimerStart
<LI><a href="#[dc]">&gt;&gt;</a>&nbsp;&nbsp;&nbsp;USBD_HID_CheckInstance
</UL>
<BR>[Called By]<UL><LI><a href="#[cc]">&gt;&gt;</a>&nbsp;&nbsp;&nbsp;USBD_Endpoint0_Setup_HID_ReqToIF
</UL>

<P><STRONG><a name="[d6]"></a>USBD_HID_CoreSetProtocol</STRONG> (Thumb, 50 bytes, Stack size 8 bytes, usbd_lib_hid.o(i.USBD_HID_CoreSetProtocol))
<BR><BR>[Stack]<UL><LI>Max Depth = 8<LI>Call Chain = USBD_HID_CoreSetProtocol
</UL>
<BR>[Calls]<UL><LI><a href="#[dc]">&gt;&gt;</a>&nbsp;&nbsp;&nbsp;USBD_HID_CheckInstance
</UL>
<BR>[Called By]<UL><LI><a href="#[cc]">&gt;&gt;</a>&nbsp;&nbsp;&nbsp;USBD_Endpoint0_Setup_HID_ReqToIF
</UL>

<P><STRONG><a name="[d1]"></a>USBD_HID_CoreSetReport</STRONG> (Thumb, 98 bytes, Stack size 24 bytes, usbd_lib_hid.o(i.USBD_HID_CoreSetReport))
<BR><BR>[Stack]<UL><LI>Max Depth = 24<LI>Call Chain = USBD_HID_CoreSetReport
</UL>
<BR>[Calls]<UL><LI><a href="#[dc]">&gt;&gt;</a>&nbsp;&nbsp;&nbsp;USBD_HID_CheckInstance
</UL>
<BR>[Called By]<UL><LI><a href="#[c2]">&gt;&gt;</a>&nbsp;&nbsp;&nbsp;USBD_Endpoint0_Out_HID_ReqToIF
</UL>

<P><STRONG><a name="[da]"></a>USBD_HID_EndpointStart</STRONG> (Thumb, 44 bytes, Stack size 16 bytes, usbd_lib_hid.o(i.USBD_HID_EndpointStart))
<BR><BR>[Stack]<UL><LI>Max Depth = 144<LI>Call Chain = USBD_HID_EndpointStart &rArr; USBD_DriverEndpointTransfer &rArr; USBD_DriverEndpointTransferAbort &rArr; USBD_SemaphoreRelease &rArr; osSemaphoreRelease &rArr; isrSemaphoreRelease &rArr; isr_sem_send &rArr; rt_psq_enq
</UL>
<BR>[Calls]<UL><LI><a href="#[dc]">&gt;&gt;</a>&nbsp;&nbsp;&nbsp;USBD_HID_CheckInstance
<LI><a href="#[ae]">&gt;&gt;</a>&nbsp;&nbsp;&nbsp;USBD_DriverEndpointTransfer
</UL>
<BR>[Called By]<UL><LI><a href="#[d9]">&gt;&gt;</a>&nbsp;&nbsp;&nbsp;USBD_EndpointStart
</UL>

<P><STRONG><a name="[9b]"></a>USBD_HID_Initialize</STRONG> (Thumb, 106 bytes, Stack size 16 bytes, usbd_lib_hid.o(i.USBD_HID_Initialize))
<BR><BR>[Stack]<UL><LI>Max Depth = 104<LI>Call Chain = USBD_HID_Initialize &rArr; USBD_ThreadCreate &rArr; osThreadCreate &rArr; svcThreadCreate &rArr; rt_tsk_create &rArr; rt_init_context &rArr; rt_init_stack
</UL>
<BR>[Calls]<UL><LI><a href="#[e2]">&gt;&gt;</a>&nbsp;&nbsp;&nbsp;USBD_TimerCreate
<LI><a href="#[e1]">&gt;&gt;</a>&nbsp;&nbsp;&nbsp;USBD_ThreadCreate
<LI><a href="#[e3]">&gt;&gt;</a>&nbsp;&nbsp;&nbsp;USBD_SemaphoreCreate
<LI><a href="#[dc]">&gt;&gt;</a>&nbsp;&nbsp;&nbsp;USBD_HID_CheckInstance
</UL>
<BR>[Called By]<UL><LI><a href="#[9a]">&gt;&gt;</a>&nbsp;&nbsp;&nbsp;USBD_ClassInitialize
</UL>

[...]
<LI><a href="#[5b]">&gt;&gt;</a>&nbsp;&nbsp;&nbsp;USBD_EndpointTransfer
</UL>

<P><STRONG><a name="[58]"></a>USBD_EndpointConfigure</STRONG> (Thumb, 422 bytes, Stack size 40 bytes, usbd_stm32f10x.o(i.USBD_EndpointConfigure))
<BR><BR>[Stack]<UL><LI>Max Depth = 60<LI>Call Chain = USBD_EndpointConfigure &rArr; OUT_EP_Status
</UL>
<BR>[Calls]<UL><LI><a href="#[d8]">&gt;&gt;</a>&nbsp;&nbsp;&nbsp;OUT_EP_Status
<LI><a href="#[be]">&gt;&gt;</a>&nbsp;&nbsp;&nbsp;IN_EP_Status
<LI><a href="#[d7]">&gt;&gt;</a>&nbsp;&nbsp;&nbsp;__aeabi_memclr4
</UL>
<BR>[Address Reference Count : 1]<UL><LI> usbd_stm32f10x.o(.constdata)
</UL>
<P><STRONG><a name="[5a]"></a>USBD_EndpointStall</STRONG> (Thumb, 198 bytes, Stack size 24 bytes, usbd_stm32f10x.o(i.USBD_EndpointStall))
<BR><BR>[Stack]<UL><LI>Max Depth = 44<LI>Call Chain = USBD_EndpointStall &rArr; OUT_EP_Status
</UL>
<BR>[Calls]<UL><LI><a href="#[d8]">&gt;&gt;</a>&nbsp;&nbsp;&nbsp;OUT_EP_Status
<LI><a href="#[be]">&gt;&gt;</a>&nbsp;&nbsp;&nbsp;IN_EP_Status
</UL>
<BR>[Address Reference Count : 1]<UL><LI> usbd_stm32f10x.o(.constdata)
</UL>
<P><STRONG><a name="[5b]"></a>USBD_EndpointTransfer</STRONG> (Thumb, 114 bytes, Stack size 32 bytes, usbd_stm32f10x.o(i.USBD_EndpointTransfer))
<BR><BR>[Stack]<UL><LI>Max Depth = 84<LI>Call Chain = USBD_EndpointTransfer &rArr; USBD_EP_HW_Write &rArr; IN_EP_Status
</UL>
<BR>[Calls]<UL><LI><a href="#[d8]">&gt;&gt;</a>&nbsp;&nbsp;&nbsp;OUT_EP_Status
<LI><a href="#[bd]">&gt;&gt;</a>&nbsp;&nbsp;&nbsp;USBD_EP_HW_Write
</UL>
<BR>[Address Reference Count : 1]<UL><LI> usbd_stm32f10x.o(.constdata)
</UL>
<P><STRONG><a name="[5d]"></a>USBD_EndpointTransferAbort</STRONG> (Thumb, 86 bytes, Stack size 20 bytes, usbd_stm32f10x.o(i.USBD_EndpointTransferAbort))
<BR><BR>[Stack]<UL><LI>Max Depth = 40<LI>Call Chain = USBD_EndpointTransferAbort &rArr; OUT_EP_Status
</UL>
<BR>[Calls]<UL><LI><a href="#[d8]">&gt;&gt;</a>&nbsp;&nbsp;&nbsp;OUT_EP_Status
<LI><a href="#[be]">&gt;&gt;</a>&nbsp;&nbsp;&nbsp;IN_EP_Status
</UL>
<BR>[Address Reference Count : 1]<UL><LI> usbd_stm32f10x.o(.constdata)
</UL>
<P><STRONG><a name="[5c]"></a>USBD_EndpointTransferGetResult</STRONG> (Thumb, 36 bytes, Stack size 0 bytes, usbd_stm32f10x.o(i.USBD_EndpointTransferGetResult))
<BR>[Address Reference Count : 1]<UL><LI> usbd_stm32f10x.o(.constdata)
</UL>
<P><STRONG><a name="[59]"></a>USBD_EndpointUnconfigure</STRONG> (Thumb, 174 bytes, Stack size 24 bytes, usbd_stm32f10x.o(i.USBD_EndpointUnconfigure))
<BR><BR>[Stack]<UL><LI>Max Depth = 44<LI>Call Chain = USBD_EndpointUnconfigure &rArr; OUT_EP_Status
</UL>
<BR>[Calls]<UL><LI><a href="#[d8]">&gt;&gt;</a>&nbsp;&nbsp;&nbsp;OUT_EP_Status
<LI><a href="#[be]">&gt;&gt;</a>&nbsp;&nbsp;&nbsp;IN_EP_Status
<LI><a href="#[d7]">&gt;&gt;</a>&nbsp;&nbsp;&nbsp;__aeabi_memclr4
</UL>
<BR>[Address Reference Count : 1]<UL><LI> usbd_stm32f10x.o(.constdata)
</UL>
<P><STRONG><a name="[4e]"></a>USBD_GetCapabilities</STRONG> (Thumb, 6 bytes, Stack size 0 bytes, usbd_stm32f10x.o(i.USBD_GetCapabilities))
<BR>[Address Reference Count : 1]<UL><LI> usbd_stm32f10x.o(.constdata)
</UL>
<P><STRONG><a name="[5e]"></a>USBD_GetFrameNumber</STRONG> (Thumb, 20 bytes, Stack size 0 bytes, usbd_stm32f10x.o(i.USBD_GetFrameNumber))
<BR>[Address Reference Count : 1]<UL><LI> usbd_stm32f10x.o(.constdata)
</UL>
<P><STRONG><a name="[4d]"></a>USBD_GetVersion</STRONG> (Thumb, 10 bytes, Stack size 8 bytes, usbd_stm32f10x.o(i.USBD_GetVersion))
<BR><BR>[Stack]<UL><LI>Max Depth = 8<LI>Call Chain = USBD_GetVersion
</UL>
<BR>[Address Reference Count : 1]<UL><LI> usbd_stm32f10x.o(.constdata)
</UL>
<P><STRONG><a name="[4f]"></a>USBD_Initialize</STRONG> (Thumb, 94 bytes, Stack size 16 bytes, usbd_stm32f10x.o(i.USBD_Initialize))
<BR><BR>[Stack]<UL><LI>Max Depth = 40<LI>Call Chain = USBD_Initialize &rArr; GPIO_PinConfigure
</UL>
<BR>[Calls]<UL><LI><a href="#[94]">&gt;&gt;</a>&nbsp;&nbsp;&nbsp;GPIO_PortClock
<LI><a href="#[92]">&gt;&gt;</a>&nbsp;&nbsp;&nbsp;GPIO_PinConfigure
</UL>
<BR>[Address Reference Count : 1]<UL><LI> usbd_stm32f10x.o(.constdata)
</UL>
<P><STRONG><a name="[51]"></a>USBD_PowerControl</STRONG> (Thumb, 304 bytes, Stack size 8 bytes, usbd_stm32f10x.o(i.USBD_PowerControl))
<BR><BR>[Stack]<UL><LI>Max Depth = 32<LI>Call Chain = USBD_PowerControl &rArr; GPIO_PinConfigure
</UL>
<BR>[Calls]<UL><LI><a href="#[b1]">&gt;&gt;</a>&nbsp;&nbsp;&nbsp;osDelay
<LI><a href="#[92]">&gt;&gt;</a>&nbsp;&nbsp;&nbsp;GPIO_PinConfigure
<LI><a href="#[e9]">&gt;&gt;</a>&nbsp;&nbsp;&nbsp;USBD_Reset
<LI><a href="#[d7]">&gt;&gt;</a>&nbsp;&nbsp;&nbsp;__aeabi_memclr4
</UL>
<BR>[Address Reference Count : 1]<UL><LI> usbd_stm32f10x.o(.constdata)
</UL>
<P><STRONG><a name="[57]"></a>USBD_ReadSetupPacket</STRONG> (Thumb, 58 bytes, Stack size 0 bytes, usbd_stm32f10x.o(i.USBD_ReadSetupPacket))
<BR>[Address Reference Count : 1]<UL><LI> usbd_stm32f10x.o(.constdata)
</UL>
<P><STRONG><a name="[e9]"></a>USBD_Reset</STRONG> (Thumb, 62 bytes, Stack size 8 bytes, usbd_stm32f10x.o(i.USBD_Reset))
<BR><BR>[Stack]<UL><LI>Max Depth = 8<LI>Call Chain = USBD_Reset
</UL>
<BR>[Calls]<UL><LI><a href="#[d7]">&gt;&gt;</a>&nbsp;&nbsp;&nbsp;__aeabi_memclr4
</UL>
<BR>[Called By]<UL><LI><a href="#[1e]">&gt;&gt;</a>&nbsp;&nbsp;&nbsp;USB_LP_CAN1_RX0_IRQHandler
<LI><a href="#[51]">&gt;&gt;</a>&nbsp;&nbsp;&nbsp;USBD_PowerControl
</UL>

<P><STRONG><a name="[50]"></a>USBD_Uninitialize</STRONG> (Thumb, 70 bytes, Stack size 8 bytes, usbd_stm32f10x.o(i.USBD_Uninitialize))
<BR><BR>[Stack]<UL><LI>Max Depth = 32<LI>Call Chain = USBD_Uninitialize &rArr; GPIO_PinConfigure
</UL>
<BR>[Calls]<UL><LI><a href="#[94]">&gt;&gt;</a>&nbsp;&nbsp;&nbsp;GPIO_PortClock
<LI><a href="#[92]">&gt;&gt;</a>&nbsp;&nbsp;&nbsp;GPIO_PinConfigure
</UL>
<BR>[Address Reference Count : 1]<UL><LI> usbd_stm32f10x.o(.constdata)
</UL>
<P><STRONG><a name="[95]"></a>SetSysClock</STRONG> (Thumb, 8 bytes, Stack size 8 bytes, system_stm32f10x.o(i.SetSysClock))
<BR><BR>[Stack]<UL><LI>Max Depth = 20<LI>Call Chain = SetSysClock &rArr; SetSysClockTo72
</UL>
<BR>[Calls]<UL><LI><a href="#[96]">&gt;&gt;</a>&nbsp;&nbsp;&nbsp;SetSysClockTo72
</UL>
<BR>[Called By]<UL><LI><a href="#[37]">&gt;&gt;</a>&nbsp;&nbsp;&nbsp;SystemInit
</UL>

<P><STRONG><a name="[96]"></a>SetSysClockTo72</STRONG> (Thumb, 214 bytes, Stack size 12 bytes, system_stm32f10x.o(i.SetSysClockTo72))
<BR><BR>[Stack]<UL><LI>Max Depth = 12<LI>Call Chain = SetSysClockTo72
</UL>
<BR>[Called By]<UL><LI><a href="#[95]">&gt;&gt;</a>&nbsp;&nbsp;&nbsp;SetSysClock
</UL>

<P><STRONG><a name="[105]"></a>rt_id2obj</STRONG> (Thumb, 8 bytes, Stack size 0 bytes, rt_cmsis.o(i.rt_id2obj))
<BR><BR>[Called By]<UL><LI><a href="#[48]">&gt;&gt;</a>&nbsp;&nbsp;&nbsp;svcTimerStop
<LI><a href="#[47]">&gt;&gt;</a>&nbsp;&nbsp;&nbsp;svcTimerStart
<LI><a href="#[45]">&gt;&gt;</a>&nbsp;&nbsp;&nbsp;svcTimerCall
<LI><a href="#[3f]">&gt;&gt;</a>&nbsp;&nbsp;&nbsp;svcSemaphoreWait
<LI><a href="#[3e]">&gt;&gt;</a>&nbsp;&nbsp;&nbsp;svcSemaphoreRelease
<LI><a href="#[104]">&gt;&gt;</a>&nbsp;&nbsp;&nbsp;isrSemaphoreRelease
</UL>

<P><STRONG><a name="[13e]"></a>rt_ms2tick</STRONG> (Thumb, 58 bytes, Stack size 0 bytes, rt_cmsis.o(i.rt_ms2tick))
<BR><BR>[Called By]<UL><LI><a href="#[41]">&gt;&gt;</a>&nbsp;&nbsp;&nbsp;svcSignalWait
<LI><a href="#[3f]">&gt;&gt;</a>&nbsp;&nbsp;&nbsp;svcSemaphoreWait
<LI><a href="#[3c]">&gt;&gt;</a>&nbsp;&nbsp;&nbsp;svcMessageGet
<LI><a href="#[39]">&gt;&gt;</a>&nbsp;&nbsp;&nbsp;svcDelay
</UL>

<P><STRONG><a name="[108]"></a>rt_tid2ptcb</STRONG> (Thumb, 18 bytes, Stack size 0 bytes, rt_cmsis.o(i.rt_tid2ptcb))
<BR><BR>[Called By]<UL><LI><a href="#[44]">&gt;&gt;</a>&nbsp;&nbsp;&nbsp;svcThreadTerminate
<LI><a href="#[40]">&gt;&gt;</a>&nbsp;&nbsp;&nbsp;svcSignalSet
<LI><a href="#[107]">&gt;&gt;</a>&nbsp;&nbsp;&nbsp;isrSignalSet
</UL>

<P><STRONG><a name="[147]"></a>rt_timer_insert</STRONG> (Thumb, 48 bytes, Stack size 12 bytes, rt_cmsis.o(i.rt_timer_insert))
<BR><BR>[Stack]<UL><LI>Max Depth = 12<LI>Call Chain = rt_timer_insert
</UL>
<BR>[Called By]<UL><LI><a href="#[138]">&gt;&gt;</a>&nbsp;&nbsp;&nbsp;sysTimerTick
<LI><a href="#[47]">&gt;&gt;</a>&nbsp;&nbsp;&nbsp;svcTimerStart
</UL>

<P><STRONG><a name="[146]"></a>rt_timer_remove</STRONG> (Thumb, 56 bytes, Stack size 0 bytes, rt_cmsis.o(i.rt_timer_remove))
<BR><BR>[Called By]<UL><LI><a href="#[48]">&gt;&gt;</a>&nbsp;&nbsp;&nbsp;svcTimerStop
<LI><a href="#[47]">&gt;&gt;</a>&nbsp;&nbsp;&nbsp;svcTimerStart
</UL>

<P><STRONG><a name="[9d]"></a>USBD_CheckDevice</STRONG> (Thumb, 32 bytes, Stack size 0 bytes, usbd_lib_core.o(i.USBD_CheckDevice))
<BR><BR>[Called By]<UL><LI><a href="#[e6]">&gt;&gt;</a>&nbsp;&nbsp;&nbsp;USBD_Initialize
<LI><a href="#[9c]">&gt;&gt;</a>&nbsp;&nbsp;&nbsp;USBD_Connect
</UL>

<P><STRONG><a name="[9f]"></a>USBD_Core</STRONG> (Thumb, 188 bytes, Stack size 16 bytes, usbd_lib_core.o(i.USBD_Core))
<BR><BR>[Stack]<UL><LI>Max Depth = 256<LI>Call Chain = USBD_Core &rArr; USBD_Endpoint0 &rArr; USBD_ReqSetInterface &rArr; USBD_EndpointStart &rArr; USBD_HID_EndpointStart &rArr; USBD_DriverEndpointTransfer &rArr; USBD_DriverEndpointTransferAbort &rArr; USBD_SemaphoreRelease &rArr; osSemaphoreRelease &rArr; isrSemaphoreRelease &rArr; isr_sem_send &rArr; rt_psq_enq
</UL>
<BR>[Calls]<UL><LI><a href="#[a2]">&gt;&gt;</a>&nbsp;&nbsp;&nbsp;USBD_Reset
<LI><a href="#[a1]">&gt;&gt;</a>&nbsp;&nbsp;&nbsp;USBD_DriverEndpointConfigure
<LI><a href="#[a0]">&gt;&gt;</a>&nbsp;&nbsp;&nbsp;USBD_ResetCore
<LI><a href="#[a3]">&gt;&gt;</a>&nbsp;&nbsp;&nbsp;USBD_Endpoint0
</UL>
<BR>[Called By]<UL><LI><a href="#[97]">&gt;&gt;</a>&nbsp;&nbsp;&nbsp;USBD_Core_Thread
</UL>

<P><STRONG><a name="[a3]"></a>USBD_Endpoint0</STRONG> (Thumb, 862 bytes, Stack size 32 bytes, usbd_lib_core.o(i.USBD_Endpoint0))
<BR><BR>[Stack]<UL><LI>Max Depth = 240<LI>Call Chain = USBD_Endpoint0 &rArr; USBD_ReqSetInterface &rArr; USBD_EndpointStart &rArr; USBD_HID_EndpointStart &rArr; USBD_DriverEndpointTransfer &rArr; USBD_DriverEndpointTransferAbort &rArr; USBD_SemaphoreRelease &rArr; osSemaphoreRelease &rArr; isrSemaphoreRelease &rArr; isr_sem_send &rArr; rt_psq_enq
</UL>
<BR>[Calls]<UL><LI><a href="#[cd]">&gt;&gt;</a>&nbsp;&nbsp;&nbsp;USBD_Endpoint0_Setup_MSC_ReqToIF
<LI><a href="#[cf]">&gt;&gt;</a>&nbsp;&nbsp;&nbsp;USBD_Endpoint0_Setup_CDC_ReqToIF
<LI><a href="#[ce]">&gt;&gt;</a>&nbsp;&nbsp;&nbsp;USBD_Endpoint0_Setup_ADC_ReqToIF
<LI><a href="#[d0]">&gt;&gt;</a>&nbsp;&nbsp;&nbsp;USBD_Endpoint0_Setup_ADC_ReqToEP
<LI><a href="#[c4]">&gt;&gt;</a>&nbsp;&nbsp;&nbsp;USBD_Endpoint0_Out_CDC_ReqToIF
<LI><a href="#[c3]">&gt;&gt;</a>&nbsp;&nbsp;&nbsp;USBD_Endpoint0_Out_ADC_ReqToIF
<LI><a href="#[c5]">&gt;&gt;</a>&nbsp;&nbsp;&nbsp;USBD_Endpoint0_Out_ADC_ReqToEP
<LI><a href="#[cc]">&gt;&gt;</a>&nbsp;&nbsp;&nbsp;USBD_Endpoint0_Setup_HID_ReqToIF
<LI><a href="#[c2]">&gt;&gt;</a>&nbsp;&nbsp;&nbsp;USBD_Endpoint0_Out_HID_ReqToIF
<LI><a href="#[bc]">&gt;&gt;</a>&nbsp;&nbsp;&nbsp;USBD_DriverReadSetupPacket
<LI><a href="#[b7]">&gt;&gt;</a>&nbsp;&nbsp;&nbsp;USBD_DriverEndpointStall
<LI><a href="#[b5]">&gt;&gt;</a>&nbsp;&nbsp;&nbsp;USBD_DriverDeviceSetAddress
<LI><a href="#[aa]">&gt;&gt;</a>&nbsp;&nbsp;&nbsp;USBD_Core_Endpoint0_SetupPacketReceived
<LI><a href="#[a8]">&gt;&gt;</a>&nbsp;&nbsp;&nbsp;USBD_Core_Endpoint0_SetupPacketProcessed
<LI><a href="#[a6]">&gt;&gt;</a>&nbsp;&nbsp;&nbsp;USBD_Core_Endpoint0_OutDataReceived
<LI><a href="#[a4]">&gt;&gt;</a>&nbsp;&nbsp;&nbsp;USBD_Core_Endpoint0_InDataSent
<LI><a href="#[c6]">&gt;&gt;</a>&nbsp;&nbsp;&nbsp;USBD_StatusOutStageDone
<LI><a href="#[bf]">&gt;&gt;</a>&nbsp;&nbsp;&nbsp;USBD_StatusOutStage
<LI><a href="#[c0]">&gt;&gt;</a>&nbsp;&nbsp;&nbsp;USBD_StatusInStageDone
<LI><a href="#[c1]">&gt;&gt;</a>&nbsp;&nbsp;&nbsp;USBD_StatusInStage
<LI><a href="#[af]">&gt;&gt;</a>&nbsp;&nbsp;&nbsp;USBD_DataOutStage
<LI><a href="#[ad]">&gt;&gt;</a>&nbsp;&nbsp;&nbsp;USBD_DataInStage
<LI><a href="#[cb]">&gt;&gt;</a>&nbsp;&nbsp;&nbsp;USBD_ReqSetInterface
<LI><a href="#[ca]">&gt;&gt;</a>&nbsp;&nbsp;&nbsp;USBD_ReqSetConfiguration
<LI><a href="#[c8]">&gt;&gt;</a>&nbsp;&nbsp;&nbsp;USBD_ReqSetClrFeature
<LI><a href="#[c7]">&gt;&gt;</a>&nbsp;&nbsp;&nbsp;USBD_ReqGetStatus
<LI><a href="#[c9]">&gt;&gt;</a>&nbsp;&nbsp;&nbsp;USBD_ReqGetDescriptor
</UL>
<BR>[Called By]<UL><LI><a href="#[9f]">&gt;&gt;</a>&nbsp;&nbsp;&nbsp;USBD_Core
</UL>

<P><STRONG><a name="[c9]"></a>USBD_ReqGetDescriptor</STRONG> (Thumb, 342 bytes, Stack size 24 bytes, usbd_lib_core.o(i.USBD_ReqGetDescriptor))
<BR><BR>[Stack]<UL><LI>Max Depth = 56<LI>Call Chain = USBD_ReqGetDescriptor &rArr; USBD_Endpoint0_ReqGetDescriptor_HID
</UL>
<BR>[Calls]<UL><LI><a href="#[ea]">&gt;&gt;</a>&nbsp;&nbsp;&nbsp;USBD_Endpoint0_ReqGetDescriptor_HID
</UL>
<BR>[Called By]<UL><LI><a href="#[a3]">&gt;&gt;</a>&nbsp;&nbsp;&nbsp;USBD_Endpoint0
</UL>

<P><STRONG><a name="[c7]"></a>USBD_ReqGetStatus</STRONG> (Thumb, 170 bytes, Stack size 20 bytes, usbd_lib_core.o(i.USBD_ReqGetStatus))
<BR><BR>[Stack]<UL><LI>Max Depth = 20<LI>Call Chain = USBD_ReqGetStatus
</UL>
<BR>[Called By]<UL><LI><a href="#[a3]">&gt;&gt;</a>&nbsp;&nbsp;&nbsp;USBD_Endpoint0
</UL>

<P><STRONG><a name="[c8]"></a>USBD_ReqSetClrFeature</STRONG> (Thumb, 256 bytes, Stack size 24 bytes, usbd_lib_core.o(i.USBD_ReqSetClrFeature))
<BR><BR>[Stack]<UL><LI>Max Depth = 184<LI>Call Chain = USBD_ReqSetClrFeature &rArr; USBD_EndpointStart &rArr; USBD_HID_EndpointStart &rArr; USBD_DriverEndpointTransfer &rArr; USBD_DriverEndpointTransferAbort &rArr; USBD_SemaphoreRelease &rArr; osSemaphoreRelease &rArr; isrSemaphoreRelease &rArr; isr_sem_send &rArr; rt_psq_enq
</UL>
<BR>[Calls]<UL><LI><a href="#[eb]">&gt;&gt;</a>&nbsp;&nbsp;&nbsp;USBD_EndpointStop
<LI><a href="#[d9]">&gt;&gt;</a>&nbsp;&nbsp;&nbsp;USBD_EndpointStart
<LI><a href="#[ec]">&gt;&gt;</a>&nbsp;&nbsp;&nbsp;USBD_Endpoint0_ClearFeatureStall_MSC
<LI><a href="#[b6]">&gt;&gt;</a>&nbsp;&nbsp;&nbsp;USBD_DriverEndpointTransferAbort
<LI><a href="#[b7]">&gt;&gt;</a>&nbsp;&nbsp;&nbsp;USBD_DriverEndpointStall
</UL>
<BR>[Called By]<UL><LI><a href="#[a3]">&gt;&gt;</a>&nbsp;&nbsp;&nbsp;USBD_Endpoint0
</UL>

<P><STRONG><a name="[ca]"></a>USBD_ReqSetConfiguration</STRONG> (Thumb, 600 bytes, Stack size 48 bytes, usbd_lib_core.o(i.USBD_ReqSetConfiguration))
<BR><BR>[Stack]<UL><LI>Max Depth = 208<LI>Call Chain = USBD_ReqSetConfiguration &rArr; USBD_EndpointStart &rArr; USBD_HID_EndpointStart &rArr; USBD_DriverEndpointTransfer &rArr; USBD_DriverEndpointTransferAbort &rArr; USBD_SemaphoreRelease &rArr; osSemaphoreRelease &rArr; isrSemaphoreRelease &rArr; isr_sem_send &rArr; rt_psq_enq
</UL>
<BR>[Calls]<UL><LI><a href="#[ed]">&gt;&gt;</a>&nbsp;&nbsp;&nbsp;USBD_SetConfiguration
<LI><a href="#[eb]">&gt;&gt;</a>&nbsp;&nbsp;&nbsp;USBD_EndpointStop
<LI><a href="#[d9]">&gt;&gt;</a>&nbsp;&nbsp;&nbsp;USBD_EndpointStart
<LI><a href="#[b9]">&gt;&gt;</a>&nbsp;&nbsp;&nbsp;USBD_DriverEndpointUnconfigure
<LI><a href="#[b6]">&gt;&gt;</a>&nbsp;&nbsp;&nbsp;USBD_DriverEndpointTransferAbort
<LI><a href="#[a1]">&gt;&gt;</a>&nbsp;&nbsp;&nbsp;USBD_DriverEndpointConfigure
</UL>
<BR>[Called By]<UL><LI><a href="#[a3]">&gt;&gt;</a>&nbsp;&nbsp;&nbsp;USBD_Endpoint0
</UL>

<P><STRONG><a name="[cb]"></a>USBD_ReqSetInterface</STRONG> (Thumb, 394 bytes, Stack size 48 bytes, usbd_lib_core.o(i.USBD_ReqSetInterface))
<BR><BR>[Stack]<UL><LI>Max Depth = 208<LI>Call Chain = USBD_ReqSetInterface &rArr; USBD_EndpointStart &rArr; USBD_HID_EndpointStart &rArr; USBD_DriverEndpointTransfer &rArr; USBD_DriverEndpointTransferAbort &rArr; USBD_SemaphoreRelease &rArr; osSemaphoreRelease &rArr; isrSemaphoreRelease &rArr; isr_sem_send &rArr; rt_psq_enq
</UL>
<BR>[Calls]<UL><LI><a href="#[eb]">&gt;&gt;</a>&nbsp;&nbsp;&nbsp;USBD_EndpointStop
<LI><a href="#[d9]">&gt;&gt;</a>&nbsp;&nbsp;&nbsp;USBD_EndpointStart
<LI><a href="#[b9]">&gt;&gt;</a>&nbsp;&nbsp;&nbsp;USBD_DriverEndpointUnconfigure
<LI><a href="#[b6]">&gt;&gt;</a>&nbsp;&nbsp;&nbsp;USBD_DriverEndpointTransferAbort
<LI><a href="#[a1]">&gt;&gt;</a>&nbsp;&nbsp;&nbsp;USBD_DriverEndpointConfigure
</UL>
<BR>[Called By]<UL><LI><a href="#[a3]">&gt;&gt;</a>&nbsp;&nbsp;&nbsp;USBD_Endpoint0
</UL>

<P><STRONG><a name="[a0]"></a>USBD_ResetCore</STRONG> (Thumb, 34 bytes, Stack size 16 bytes, usbd_lib_core.o(i.USBD_ResetCore))
<BR><BR>[Stack]<UL><LI>Max Depth = 16<LI>Call Chain = USBD_ResetCore
</UL>
<BR>[Calls]<UL><LI><a href="#[d7]">&gt;&gt;</a>&nbsp;&nbsp;&nbsp;__aeabi_memclr4
</UL>
<BR>[Called By]<UL><LI><a href="#[9f]">&gt;&gt;</a>&nbsp;&nbsp;&nbsp;USBD_Core
</UL>

<P><STRONG><a name="[dc]"></a>USBD_HID_CheckInstance</STRONG> (Thumb, 54 bytes, Stack size 0 bytes, usbd_lib_hid.o(i.USBD_HID_CheckInstance))
<BR><BR>[Called By]<UL><LI><a href="#[61]">&gt;&gt;</a>&nbsp;&nbsp;&nbsp;USBD_HID_Timer
<LI><a href="#[e5]">&gt;&gt;</a>&nbsp;&nbsp;&nbsp;USBD_HID_SetConfiguration
<LI><a href="#[e4]">&gt;&gt;</a>&nbsp;&nbsp;&nbsp;USBD_HID_Reset
<LI><a href="#[9b]">&gt;&gt;</a>&nbsp;&nbsp;&nbsp;USBD_HID_Initialize
<LI><a href="#[da]">&gt;&gt;</a>&nbsp;&nbsp;&nbsp;USBD_HID_EndpointStart
<LI><a href="#[db]">&gt;&gt;</a>&nbsp;&nbsp;&nbsp;USBD_HID_Thread
<LI><a href="#[d1]">&gt;&gt;</a>&nbsp;&nbsp;&nbsp;USBD_HID_CoreSetReport
<LI><a href="#[d6]">&gt;&gt;</a>&nbsp;&nbsp;&nbsp;USBD_HID_CoreSetProtocol
<LI><a href="#[d4]">&gt;&gt;</a>&nbsp;&nbsp;&nbsp;USBD_HID_CoreSetIdle
<LI><a href="#[d2]">&gt;&gt;</a>&nbsp;&nbsp;&nbsp;USBD_HID_CoreGetReport
<LI><a href="#[d5]">&gt;&gt;</a>&nbsp;&nbsp;&nbsp;USBD_HID_CoreGetProtocol
<LI><a href="#[d3]">&gt;&gt;</a>&nbsp;&nbsp;&nbsp;USBD_HID_CoreGetIdle
<LI><a href="#[e0]">&gt;&gt;</a>&nbsp;&nbsp;&nbsp;USBD_HID_EpIntOut
<LI><a href="#[df]">&gt;&gt;</a>&nbsp;&nbsp;&nbsp;USBD_HID_EpIntIn
</UL>

<P><STRONG><a name="[df]"></a>USBD_HID_EpIntIn</STRONG> (Thumb, 372 bytes, Stack size 32 bytes, usbd_lib_hid.o(i.USBD_HID_EpIntIn))
<BR><BR>[Stack]<UL><LI>Max Depth = 160<LI>Call Chain = USBD_HID_EpIntIn &rArr; USBD_DriverEndpointTransfer &rArr; USBD_DriverEndpointTransferAbort &rArr; USBD_SemaphoreRelease &rArr; osSemaphoreRelease &rArr; isrSemaphoreRelease &rArr; isr_sem_send &rArr; rt_psq_enq
</UL>
<BR>[Calls]<UL><LI><a href="#[b4]">&gt;&gt;</a>&nbsp;&nbsp;&nbsp;USBD_SemaphoreRelease
<LI><a href="#[dc]">&gt;&gt;</a>&nbsp;&nbsp;&nbsp;USBD_HID_CheckInstance
<LI><a href="#[ae]">&gt;&gt;</a>&nbsp;&nbsp;&nbsp;USBD_DriverEndpointTransfer
</UL>
<BR>[Called By]<UL><LI><a href="#[61]">&gt;&gt;</a>&nbsp;&nbsp;&nbsp;USBD_HID_Timer
<LI><a href="#[db]">&gt;&gt;</a>&nbsp;&nbsp;&nbsp;USBD_HID_Thread
</UL>

<P><STRONG><a name="[e0]"></a>USBD_HID_EpIntOut</STRONG> (Thumb, 132 bytes, Stack size 32 bytes, usbd_lib_hid.o(i.USBD_HID_EpIntOut))
<BR><BR>[Stack]<UL><LI>Max Depth = 160<LI>Call Chain = USBD_HID_EpIntOut &rArr; USBD_DriverEndpointTransfer &rArr; USBD_DriverEndpointTransferAbort &rArr; USBD_SemaphoreRelease &rArr; osSemaphoreRelease &rArr; isrSemaphoreRelease &rArr; isr_sem_send &rArr; rt_psq_enq
</UL>
<BR>[Calls]<UL><LI><a href="#[dc]">&gt;&gt;</a>&nbsp;&nbsp;&nbsp;USBD_HID_CheckInstance
<LI><a href="#[b8]">&gt;&gt;</a>&nbsp;&nbsp;&nbsp;USBD_DriverEndpointTransferGetResult
<LI><a href="#[ae]">&gt;&gt;</a>&nbsp;&nbsp;&nbsp;USBD_DriverEndpointTransfer
</UL>
<BR>[Called By]<UL><LI><a href="#[db]">&gt;&gt;</a>&nbsp;&nbsp;&nbsp;USBD_HID_Thread
</UL>

<P><STRONG><a name="[126]"></a>rt_init_context</STRONG> (Thumb, 66 bytes, Stack size 16 bytes, rt_task.o(i.rt_init_context))
<BR><BR>[Stack]<UL><LI>Max Depth = 32<LI>Call Chain = rt_init_context &rArr; rt_init_stack
</UL>
<BR>[Calls]<UL><LI><a href="#[127]">&gt;&gt;</a>&nbsp;&nbsp;&nbsp;rt_init_stack
<LI><a href="#[35]">&gt;&gt;</a>&nbsp;&nbsp;&nbsp;rt_alloc_box
</UL>
<BR>[Called By]<UL><LI><a href="#[139]">&gt;&gt;</a>&nbsp;&nbsp;&nbsp;rt_tsk_create
<LI><a href="#[132]">&gt;&gt;</a>&nbsp;&nbsp;&nbsp;rt_sys_init
</UL>
<P>
<H3>
Undefined Global Symbols
</H3><HR></body></html>
