Component: ARM Compiler 5.06 update 4 (build 422) Tool: armlink [4d35d2]

==============================================================================

Section Cross References

    main.o(i.main) refers to system_stm32f10x.o(i.SystemInit) for SystemInit
    main.o(i.main) refers to system_stm32f10x.o(i.SystemCoreClockUpdate) for SystemCoreClockUpdate
    main.o(i.main) refers to keyboard.o(i.keyboard_init) for keyboard_init
    main.o(i.main) refers to led.o(i.led_init) for led_init
    main.o(i.main) refers to usbhid.o(i.USBHID_init) for USBHID_init
    main.o(i.main) refers to usbd_config_0.o(i.USBD_HID0_GetReport) for USBD_HID0_GetReport
    main.o(i.main) refers to keyboard.o(i.keyboard_scan) for keyboard_scan
    main.o(i.main) refers to keyboard.o(i.keyboard_sync_status) for keyboard_sync_status
    main.o(i.main) refers to usbd_config_0.o(i.USBD_HID0_SetReport) for USBD_HID0_SetReport
    keyboard.o(i.invoke_clock_tick) refers to stm32f10x_gpio.o(i.GPIO_SetBits) for GPIO_SetBits
    keyboard.o(i.invoke_clock_tick) refers to stm32f10x_gpio.o(i.GPIO_ResetBits) for GPIO_ResetBits
    keyboard.o(i.keyboard_init) refers to stm32f10x_rcc.o(i.RCC_APB2PeriphClockCmd) for RCC_APB2PeriphClockCmd
    keyboard.o(i.keyboard_init) refers to stm32f10x_gpio.o(i.GPIO_Init) for GPIO_Init
    keyboard.o(i.keyboard_init) refers to stm32f10x_gpio.o(i.GPIO_ResetBits) for GPIO_ResetBits
    keyboard.o(i.keyboard_scan) refers to keyboard.o(i.switch_sr_status) for switch_sr_status
    keyboard.o(i.keyboard_scan) refers to stm32f10x_gpio.o(i.GPIO_SetBits) for GPIO_SetBits
    keyboard.o(i.keyboard_scan) refers to keyboard.o(i.invoke_clock_tick) for invoke_clock_tick
    keyboard.o(i.keyboard_scan) refers to stm32f10x_gpio.o(i.GPIO_ResetBits) for GPIO_ResetBits
    keyboard.o(i.keyboard_scan) refers to stm32f10x_gpio.o(i.GPIO_ReadInputData) for GPIO_ReadInputData
    keyboard.o(i.keyboard_scan) refers to keyboard.o(.constdata) for ibm1391401_keycode
    keyboard.o(i.keyboard_sync_status) refers to led.o(i.change_num_lock) for change_num_lock
    keyboard.o(i.keyboard_sync_status) refers to led.o(i.change_caps_lock) for change_caps_lock
    keyboard.o(i.keyboard_sync_status) refers to led.o(i.change_scroll_lock) for change_scroll_lock
    keyboard.o(i.switch_sr_status) refers to stm32f10x_gpio.o(i.GPIO_SetBits) for GPIO_SetBits
    keyboard.o(i.switch_sr_status) refers to stm32f10x_gpio.o(i.GPIO_ResetBits) for GPIO_ResetBits
    led.o(i.change_caps_lock) refers to stm32f10x_gpio.o(i.GPIO_ResetBits) for GPIO_ResetBits
    led.o(i.change_caps_lock) refers to stm32f10x_gpio.o(i.GPIO_SetBits) for GPIO_SetBits
    led.o(i.change_caps_lock) refers to led.o(.data) for current_status
    led.o(i.change_num_lock) refers to stm32f10x_gpio.o(i.GPIO_ResetBits) for GPIO_ResetBits
    led.o(i.change_num_lock) refers to stm32f10x_gpio.o(i.GPIO_SetBits) for GPIO_SetBits
    led.o(i.change_num_lock) refers to led.o(.data) for current_status
    led.o(i.change_scroll_lock) refers to stm32f10x_gpio.o(i.GPIO_ResetBits) for GPIO_ResetBits
    led.o(i.change_scroll_lock) refers to stm32f10x_gpio.o(i.GPIO_SetBits) for GPIO_SetBits
    led.o(i.change_scroll_lock) refers to led.o(.data) for current_status
    led.o(i.led_init) refers to stm32f10x_gpio.o(i.GPIO_Init) for GPIO_Init
    led.o(i.led_init) refers to stm32f10x_gpio.o(i.GPIO_SetBits) for GPIO_SetBits
    usbhid.o(i.USBHID_init) refers to usbd_lib_core.o(i.USBD_Initialize) for USBD_Initialize
    usbhid.o(i.USBHID_init) refers to usbd_lib_core.o(i.USBD_Connect) for USBD_Connect
    rtx_conf_cm.o(.ARM.Collect$$$$000000FF) refers to rt_cmsis.o(i.osKernelInitialize) for osKernelInitialize
    rtx_conf_cm.o(.ARM.Collect$$$$000000FF) refers to rt_cmsis.o(i.osThreadCreate) for osThreadCreate
    rtx_conf_cm.o(.ARM.Collect$$$$000000FF) refers to rt_cmsis.o(i.osKernelStart) for osKernelStart
    rtx_conf_cm.o(.ARM.Collect$$$$000000FF) refers to rtx_conf_cm.o(.constdata) for .constdata
    rtx_conf_cm.o(.constdata) refers to rt_cmsis.o(i.osTimerThread) for osTimerThread
    rtx_conf_cm.o(.constdata) refers to rtx_conf_cm.o(.bss) for os_messageQ_q_osTimerMessageQ
    rtx_conf_cm.o(.constdata) refers to main.o(i.main) for main
    usbd_stm32f10x.o(i.USBD_DeviceConnect) refers to usbd_stm32f10x.o(.data) for hw_powered
    usbd_stm32f10x.o(i.USBD_DeviceDisconnect) refers to usbd_stm32f10x.o(.data) for hw_powered
    usbd_stm32f10x.o(i.USBD_DeviceGetState) refers to usbd_stm32f10x.o(.data) for usbd_state
    usbd_stm32f10x.o(i.USBD_DeviceRemoteWakeup) refers to rt_cmsis.o(i.osDelay) for osDelay
    usbd_stm32f10x.o(i.USBD_DeviceRemoteWakeup) refers to usbd_stm32f10x.o(.data) for hw_powered
    usbd_stm32f10x.o(i.USBD_DeviceSetAddress) refers to usbd_stm32f10x.o(.data) for hw_powered
    usbd_stm32f10x.o(i.USBD_EP_HW_Read) refers to usbd_stm32f10x.o(.bss) for ep
[...]
    i.svcSignalWait                          0x0800502c   Section        0  rt_cmsis.o(i.svcSignalWait)
    i.svcThreadCreate                        0x08005080   Section        0  rt_cmsis.o(i.svcThreadCreate)
    i.svcThreadGetId                         0x080050ec   Section        0  rt_cmsis.o(i.svcThreadGetId)
    i.svcThreadTerminate                     0x08005108   Section        0  rt_cmsis.o(i.svcThreadTerminate)
    i.svcTimerCall                           0x08005140   Section        0  rt_cmsis.o(i.svcTimerCall)
    i.svcTimerCreate                         0x08005158   Section        0  rt_cmsis.o(i.svcTimerCreate)
    i.svcTimerStart                          0x08005190   Section        0  rt_cmsis.o(i.svcTimerStart)
    i.svcTimerStop                           0x080051f4   Section        0  rt_cmsis.o(i.svcTimerStop)
    i.switch_sr_status                       0x08005218   Section        0  keyboard.o(i.switch_sr_status)
    i.sysTimerTick                           0x08005240   Section        0  rt_cmsis.o(i.sysTimerTick)
    .constdata                               0x0800529c   Section      128  keyboard.o(.constdata)
    .constdata                               0x0800531c   Section      104  rtx_conf_cm.o(.constdata)
    __tagsym$$used                           0x08005338   Number         0  rtx_conf_cm.o(.constdata)
    __tagsym$$used                           0x0800533c   Number         0  rtx_conf_cm.o(.constdata)
    __tagsym$$used                           0x08005340   Number         0  rtx_conf_cm.o(.constdata)
    __tagsym$$used                           0x08005344   Number         0  rtx_conf_cm.o(.constdata)
    .constdata                               0x08005384   Section      112  usbd_stm32f10x.o(.constdata)
    usbd_driver_version                      0x08005384   Data           4  usbd_stm32f10x.o(.constdata)
    usbd_driver_capabilities                 0x08005388   Data           4  usbd_stm32f10x.o(.constdata)
    EP_buff_offset                           0x0800538c   Data          32  usbd_stm32f10x.o(.constdata)
    .constdata                               0x080053f4   Section      511  usbd_config_0.o(.constdata)
    usbd_core_thread_def_ptr                 0x08005460   Data           4  usbd_config_0.o(.constdata)
    usbd_hid_thread_def_ptr                  0x08005474   Data           4  usbd_config_0.o(.constdata)
    usbd_hid_timer_def_ptr                   0x08005480   Data           4  usbd_config_0.o(.constdata)
    usbd_driver_semaphore_def_ptr            0x08005498   Data           4  usbd_config_0.o(.constdata)
    usbd_driver_ep_semaphore_def_ptr         0x0800549c   Data          16  usbd_config_0.o(.constdata)
    usbd_hid_semaphore_def_ptr               0x080054b0   Data           4  usbd_config_0.o(.constdata)
    .constdata                               0x080055f4   Section       32  usbd_lib_hid.o(.constdata)
    .constdata                               0x08005614   Section        4  usb_lib_ver.o(.constdata)
    __tagsym$$used                           0x08005614   Number         0  usb_lib_ver.o(.constdata)
    .data                                    0x20000000   Section        3  led.o(.data)
    current_status                           0x20000000   Data           1  led.o(.data)
    current_status                           0x20000001   Data           1  led.o(.data)
    current_status                           0x20000002   Data           1  led.o(.data)
    .data                                    0x20000004   Section       16  rtx_conf_cm.o(.data)
    .data                                    0x20000014   Section       32  usbd_stm32f10x.o(.data)
    SignalDeviceEvent                        0x20000014   Data           4  usbd_stm32f10x.o(.data)
    SignalEndpointEvent                      0x20000018   Data           4  usbd_stm32f10x.o(.data)
    hw_powered                               0x2000001c   Data           1  usbd_stm32f10x.o(.data)
    hw_initialized                           0x2000001d   Data           1  usbd_stm32f10x.o(.data)
    usbd_state                               0x20000020   Data           4  usbd_stm32f10x.o(.data)
    setup_packet                             0x20000024   Data           8  usbd_stm32f10x.o(.data)
    setup_received                           0x2000002c   Data           1  usbd_stm32f10x.o(.data)
    pBUF_DSCR                                0x20000030   Data           4  usbd_stm32f10x.o(.data)
    .data                                    0x20000034   Section       20  system_stm32f10x.o(.data)
    .data                                    0x20000048   Section      160  usbd_config_0.o(.data)
    .data                                    0x200000e8   Section        8  rt_cmsis.o(.data)
    .data                                    0x200000f0   Section        8  usbd_lib_core.o(.data)
    ptr_desc                                 0x200000f0   Data           4  usbd_lib_core.o(.data)
    len                                      0x200000f4   Data           4  usbd_lib_core.o(.data)
    .data                                    0x200000f8   Section        8  rt_task.o(.data)
    .data                                    0x20000100   Section        8  rt_system.o(.data)
    os_lock                                  0x20000100   Data           1  rt_system.o(.data)
    os_psh_flag                              0x20000101   Data           1  rt_system.o(.data)
    pend_flags                               0x20000102   Data           1  rt_system.o(.data)
    .data                                    0x20000108   Section        4  rt_time.o(.data)
    .data                                    0x2000010c   Section        1  hal_cm.o(.data)
    .data                                    0x20000110   Section        8  rt_robin.o(.data)
    .bss                                     0x20000118   Section     2216  rtx_conf_cm.o(.bss)
    .bss                                     0x200009c0   Section      360  usbd_stm32f10x.o(.bss)
    ep                                       0x200009c0   Data         360  usbd_stm32f10x.o(.bss)
    .bss                                     0x20000b28   Section      312  usbd_config_0.o(.bss)
    .bss                                     0x20000c60   Section       52  rt_task.o(.bss)
    .bss                                     0x20000c94   Section       48  rt_list.o(.bss)
    STACK                                    0x20000cc8   Section     1024  startup_stm32f10x_md.o(STACK)

    Global Symbols

    Symbol Name                              Value     Ov Type        Size  Object(Section)

    BuildAttributes$$THM_ISAv4$P$D$K$B$S$PE$A:L22UL41UL21$X:L11$S22US41US21$IEEE1$IW$~IW$USESV6$~STKCKD$USESV7$~SHL$OSPACE$EBA8$MICROLIB$REQ8$PRES8$EABIv2 0x00000000   Number         0  anon$$obj.o ABSOLUTE
    __ARM_use_no_argv                        0x00000000   Number         0  main.o ABSOLUTE
    __cpp_initialize__aeabi_                  - Undefined Weak Reference
    __cxa_finalize                            - Undefined Weak Reference
    __decompress                              - Undefined Weak Reference
    _clock_init                               - Undefined Weak Reference
    _microlib_exit                            - Undefined Weak Reference
    __Vectors_Size                           0x000000ec   Number         0  startup_stm32f10x_md.o ABSOLUTE
    __RL_RTX_VER                             0x00000482   Number         0  rt_system.o ABSOLUTE
    __Vectors                                0x08000000   Data           4  startup_stm32f10x_md.o(RESET)
    __Vectors_End                            0x080000ec   Data           0  startup_stm32f10x_md.o(RESET)
    __main                                   0x080000ed   Thumb Code     0  entry.o(.ARM.Collect$$$$00000000)
    _main_stk                                0x080000ed   Thumb Code     0  entry2.o(.ARM.Collect$$$$00000001)
    _main_scatterload                        0x080000f1   Thumb Code     0  entry5.o(.ARM.Collect$$$$00000004)
    __main_after_scatterload                 0x080000f5   Thumb Code     0  entry5.o(.ARM.Collect$$$$00000004)
    __rt_final_cpp                           0x080000f5   Thumb Code     0  entry10a.o(.ARM.Collect$$$$0000000D)
    __rt_final_exit                          0x080000f5   Thumb Code     0  entry11a.o(.ARM.Collect$$$$0000000F)
    _main_clock                              0x080000f5   Thumb Code     0  entry7b.o(.ARM.Collect$$$$00000008)
    _main_cpp_init                           0x080000f5   Thumb Code     0  entry8b.o(.ARM.Collect$$$$0000000A)
    _main_init                               0x080000f5   Thumb Code    18  rtx_conf_cm.o(.ARM.Collect$$$$000000FF)
    rt_set_PSP                               0x08000111   Thumb Code     6  hal_cm3.o(.emb_text)
    rt_get_PSP                               0x08000117   Thumb Code     6  hal_cm3.o(.emb_text)
    os_set_env                               0x0800011d   Thumb Code    24  hal_cm3.o(.emb_text)
    _alloc_box                               0x08000139   Thumb Code    28  hal_cm3.o(.emb_text)
    _free_box                                0x08000159   Thumb Code    28  hal_cm3.o(.emb_text)
    SVC_Handler                              0x08000179   Thumb Code   108  hal_cm3.o(.emb_text)
    PendSV_Handler                           0x080001f1   Thumb Code    56  hal_cm3.o(.emb_text)
    SysTick_Handler                          0x0800022d   Thumb Code     8  hal_cm3.o(.emb_text)
    OS_Tick_Handler                          0x08000235   Thumb Code    12  hal_cm3.o(.emb_text)
    Reset_Handler                            0x08000241   Thumb Code     8  startup_stm32f10x_md.o(.text)
    NMI_Handler                              0x08000249   Thumb Code     2  startup_stm32f10x_md.o(.text)
    HardFault_Handler                        0x0800024b   Thumb Code     2  startup_stm32f10x_md.o(.text)
    MemManage_Handler                        0x0800024d   Thumb Code     2  startup_stm32f10x_md.o(.text)
    BusFault_Handler                         0x0800024f   Thumb Code     2  startup_stm32f10x_md.o(.text)
    UsageFault_Handler                       0x08000251   Thumb Code     2  startup_stm32f10x_md.o(.text)
    DebugMon_Handler                         0x08000255   Thumb Code     2  startup_stm32f10x_md.o(.text)
    ADC1_2_IRQHandler                        0x0800025b   Thumb Code     0  startup_stm32f10x_md.o(.text)
    CAN1_RX1_IRQHandler                      0x0800025b   Thumb Code     0  startup_stm32f10x_md.o(.text)
    CAN1_SCE_IRQHandler                      0x0800025b   Thumb Code     0  startup_stm32f10x_md.o(.text)
    EXTI0_IRQHandler                         0x0800025b   Thumb Code     0  startup_stm32f10x_md.o(.text)
    EXTI15_10_IRQHandler                     0x0800025b   Thumb Code     0  startup_stm32f10x_md.o(.text)
    EXTI1_IRQHandler                         0x0800025b   Thumb Code     0  startup_stm32f10x_md.o(.text)
    EXTI2_IRQHandler                         0x0800025b   Thumb Code     0  startup_stm32f10x_md.o(.text)
    EXTI3_IRQHandler                         0x0800025b   Thumb Code     0  startup_stm32f10x_md.o(.text)
    EXTI4_IRQHandler                         0x0800025b   Thumb Code     0  startup_stm32f10x_md.o(.text)
    EXTI9_5_IRQHandler                       0x0800025b   Thumb Code     0  startup_stm32f10x_md.o(.text)
    FLASH_IRQHandler                         0x0800025b   Thumb Code     0  startup_stm32f10x_md.o(.text)
    I2C1_ER_IRQHandler                       0x0800025b   Thumb Code     0  startup_stm32f10x_md.o(.text)
    I2C1_EV_IRQHandler                       0x0800025b   Thumb Code     0  startup_stm32f10x_md.o(.text)
    I2C2_ER_IRQHandler                       0x0800025b   Thumb Code     0  startup_stm32f10x_md.o(.text)
    I2C2_EV_IRQHandler                       0x0800025b   Thumb Code     0  startup_stm32f10x_md.o(.text)
    PVD_IRQHandler                           0x0800025b   Thumb Code     0  startup_stm32f10x_md.o(.text)
    RCC_IRQHandler                           0x0800025b   Thumb Code     0  startup_stm32f10x_md.o(.text)
    RTCAlarm_IRQHandler                      0x0800025b   Thumb Code     0  startup_stm32f10x_md.o(.text)
    RTC_IRQHandler                           0x0800025b   Thumb Code     0  startup_stm32f10x_md.o(.text)
    SPI1_IRQHandler                          0x0800025b   Thumb Code     0  startup_stm32f10x_md.o(.text)
    SPI2_IRQHandler                          0x0800025b   Thumb Code     0  startup_stm32f10x_md.o(.text)
    TAMPER_IRQHandler                        0x0800025b   Thumb Code     0  startup_stm32f10x_md.o(.text)
    TIM1_BRK_IRQHandler                      0x0800025b   Thumb Code     0  startup_stm32f10x_md.o(.text)
    TIM1_CC_IRQHandler                       0x0800025b   Thumb Code     0  startup_stm32f10x_md.o(.text)
    TIM1_TRG_COM_IRQHandler                  0x0800025b   Thumb Code     0  startup_stm32f10x_md.o(.text)
    TIM1_UP_IRQHandler                       0x0800025b   Thumb Code     0  startup_stm32f10x_md.o(.text)
    TIM2_IRQHandler                          0x0800025b   Thumb Code     0  startup_stm32f10x_md.o(.text)
    TIM3_IRQHandler                          0x0800025b   Thumb Code     0  startup_stm32f10x_md.o(.text)
    TIM4_IRQHandler                          0x0800025b   Thumb Code     0  startup_stm32f10x_md.o(.text)
    USART1_IRQHandler                        0x0800025b   Thumb Code     0  startup_stm32f10x_md.o(.text)
    USART2_IRQHandler                        0x0800025b   Thumb Code     0  startup_stm32f10x_md.o(.text)
    USART3_IRQHandler                        0x0800025b   Thumb Code     0  startup_stm32f10x_md.o(.text)
    USBWakeUp_IRQHandler                     0x0800025b   Thumb Code     0  startup_stm32f10x_md.o(.text)
    USB_HP_CAN1_TX_IRQHandler                0x0800025b   Thumb Code     0  startup_stm32f10x_md.o(.text)
    WWDG_IRQHandler                          0x0800025b   Thumb Code     0  startup_stm32f10x_md.o(.text)
    __aeabi_uldivmod                         0x08000265   Thumb Code    98  uldiv.o(.text)
    __aeabi_memset                           0x080002c7   Thumb Code    14  memseta.o(.text)
    __aeabi_memset4                          0x080002c7   Thumb Code     0  memseta.o(.text)
    __aeabi_memset8                          0x080002c7   Thumb Code     0  memseta.o(.text)
    __aeabi_memclr                           0x080002d5   Thumb Code     4  memseta.o(.text)
    __aeabi_memclr4                          0x080002d5   Thumb Code     0  memseta.o(.text)
    __aeabi_memclr8                          0x080002d5   Thumb Code     0  memseta.o(.text)
    _memset$wrapper                          0x080002d9   Thumb Code    18  memseta.o(.text)
    __aeabi_llsl                             0x080002eb   Thumb Code    30  llshl.o(.text)
    _ll_shift_l                              0x080002eb   Thumb Code     0  llshl.o(.text)
    __aeabi_llsr                             0x08000309   Thumb Code    32  llushr.o(.text)
    _ll_ushift_r                             0x08000309   Thumb Code     0  llushr.o(.text)
    __scatterload                            0x08000329   Thumb Code    28  init.o(.text)
    __scatterload_rt2                        0x08000329   Thumb Code     0  init.o(.text)
    SVC_Count                                0x0800034c   Data           4  svc_table.o(SVC_TABLE)
    DMA1_Channel1_Event                      0x08000351   Thumb Code     2  dma_stm32f10x.o(i.DMA1_Channel1_Event)
    SVC_Table                                0x08000350   Data           0  svc_table.o(SVC_TABLE)
    DMA1_Channel1_IRQHandler                 0x08000355   Thumb Code    22  dma_stm32f10x.o(i.DMA1_Channel1_IRQHandler)
    DMA1_Channel2_Event                      0x08000371   Thumb Code     2  dma_stm32f10x.o(i.DMA1_Channel2_Event)
    DMA1_Channel2_IRQHandler                 0x08000375   Thumb Code    24  dma_stm32f10x.o(i.DMA1_Channel2_IRQHandler)
    DMA1_Channel3_Event                      0x08000391   Thumb Code     2  dma_stm32f10x.o(i.DMA1_Channel3_Event)
    DMA1_Channel3_IRQHandler                 0x08000395   Thumb Code    24  dma_stm32f10x.o(i.DMA1_Channel3_IRQHandler)
    DMA1_Channel4_Event                      0x080003b1   Thumb Code     2  dma_stm32f10x.o(i.DMA1_Channel4_Event)
    DMA1_Channel4_IRQHandler                 0x080003b5   Thumb Code    24  dma_stm32f10x.o(i.DMA1_Channel4_IRQHandler)
    DMA1_Channel5_Event                      0x080003d1   Thumb Code     2  dma_stm32f10x.o(i.DMA1_Channel5_Event)
    DMA1_Channel5_IRQHandler                 0x080003d5   Thumb Code    24  dma_stm32f10x.o(i.DMA1_Channel5_IRQHandler)
    DMA1_Channel6_Event                      0x080003f1   Thumb Code     2  dma_stm32f10x.o(i.DMA1_Channel6_Event)
    DMA1_Channel6_IRQHandler                 0x080003f5   Thumb Code    24  dma_stm32f10x.o(i.DMA1_Channel6_IRQHandler)
    DMA1_Channel7_Event                      0x08000411   Thumb Code     2  dma_stm32f10x.o(i.DMA1_Channel7_Event)
    DMA1_Channel7_IRQHandler                 0x08000415   Thumb Code    24  dma_stm32f10x.o(i.DMA1_Channel7_IRQHandler)
    GPIO_GetPortClockState                   0x08000431   Thumb Code   118  gpio_stm32f10x.o(i.GPIO_GetPortClockState)
    GPIO_Init                                0x080004c9   Thumb Code   278  stm32f10x_gpio.o(i.GPIO_Init)
    GPIO_PinConfigure                        0x080005df   Thumb Code   120  gpio_stm32f10x.o(i.GPIO_PinConfigure)
    GPIO_PortClock                           0x08000659   Thumb Code   284  gpio_stm32f10x.o(i.GPIO_PortClock)
    GPIO_ReadInputData                       0x08000795   Thumb Code     8  stm32f10x_gpio.o(i.GPIO_ReadInputData)
    GPIO_ResetBits                           0x0800079d   Thumb Code     4  stm32f10x_gpio.o(i.GPIO_ResetBits)
    GPIO_SetBits                             0x080007a1   Thumb Code     4  stm32f10x_gpio.o(i.GPIO_SetBits)
    IN_EP_Status                             0x080007a5   Thumb Code    60  usbd_stm32f10x.o(i.IN_EP_Status)
    OUT_EP_Status                            0x080007e5   Thumb Code    60  usbd_stm32f10x.o(i.OUT_EP_Status)
    RCC_APB2PeriphClockCmd                   0x08000825   Thumb Code    26  stm32f10x_rcc.o(i.RCC_APB2PeriphClockCmd)
    SystemCoreClockUpdate                    0x0800092d   Thumb Code   142  system_stm32f10x.o(i.SystemCoreClockUpdate)
    SystemInit                               0x080009d1   Thumb Code    78  system_stm32f10x.o(i.SystemInit)
    USBD0_Core_Thread                        0x08000a31   Thumb Code     6  usbd_lib_core.o(i.USBD0_Core_Thread)
    USBD0_SignalDeviceEvent                  0x08000a37   Thumb Code    14  usbd_config_0.o(i.USBD0_SignalDeviceEvent)
    USBD0_SignalEndpointEvent                0x08000a45   Thumb Code    18  usbd_config_0.o(i.USBD0_SignalEndpointEvent)
    USBD_ClassInitialize                     0x08000a81   Thumb Code    60  usbd_config_0.o(i.USBD_ClassInitialize)
    USBD_Class_Endpoint0_InDataSent          0x08000ac1   Thumb Code     6  usbd_config_0.o(i.USBD_Class_Endpoint0_InDataSent)
    USBD_Class_Endpoint0_OutDataReceived     0x08000ac7   Thumb Code     6  usbd_config_0.o(i.USBD_Class_Endpoint0_OutDataReceived)
    USBD_Class_Endpoint0_SetupPacketProcessed 0x08000acd   Thumb Code     2  usbd_config_0.o(i.USBD_Class_Endpoint0_SetupPacketProcessed)
    USBD_Class_Endpoint0_SetupPacketReceived 0x08000acf   Thumb Code     6  usbd_config_0.o(i.USBD_Class_Endpoint0_SetupPacketReceived)
    USBD_Connect                             0x08000ad5   Thumb Code    24  usbd_lib_core.o(i.USBD_Connect)
    USBD_Core_Endpoint0_InDataSent           0x08000bc5   Thumb Code    54  usbd_lib_core_device.o(i.USBD_Core_Endpoint0_InDataSent)
    USBD_Core_Endpoint0_OutDataReceived      0x08000c09   Thumb Code    54  usbd_lib_core_device.o(i.USBD_Core_Endpoint0_OutDataReceived)
    USBD_Core_Endpoint0_SetupPacketProcessed 0x08000c4d   Thumb Code    46  usbd_lib_core_device.o(i.USBD_Core_Endpoint0_SetupPacketProcessed)
    USBD_Core_Endpoint0_SetupPacketReceived  0x08000c89   Thumb Code    68  usbd_lib_core_device.o(i.USBD_Core_Endpoint0_SetupPacketReceived)
    USBD_Core_Thread                         0x08000cd9   Thumb Code   134  usbd_lib_core.o(i.USBD_Core_Thread)
    USBD_DataInStage                         0x08000d6d   Thumb Code    74  usbd_lib_core.o(i.USBD_DataInStage)
    USBD_DataOutStage                        0x08000dbd   Thumb Code    38  usbd_lib_core.o(i.USBD_DataOutStage)
    USBD_Delay                               0x08000de9   Thumb Code    14  usbd_config_0.o(i.USBD_Delay)
    USBD_Device0_ConfigurationChanged        0x08000df7   Thumb Code     2  usbd_config_0.o(i.USBD_Device0_ConfigurationChanged)
    USBD_Device0_DisableRemoteWakeup         0x08000df9   Thumb Code     2  usbd_config_0.o(i.USBD_Device0_DisableRemoteWakeup)
    USBD_Device0_EnableRemoteWakeup          0x08000dfb   Thumb Code     2  usbd_config_0.o(i.USBD_Device0_EnableRemoteWakeup)
    USBD_Device0_Endpoint0_InDataSent        0x08000dfd   Thumb Code     6  usbd_config_0.o(i.USBD_Device0_Endpoint0_InDataSent)
    USBD_Device0_Endpoint0_OutDataReceived   0x08000e03   Thumb Code     6  usbd_config_0.o(i.USBD_Device0_Endpoint0_OutDataReceived)
    USBD_Device0_Endpoint0_SetupPacketProcessed 0x08000e09   Thumb Code     2  usbd_config_0.o(i.USBD_Device0_Endpoint0_SetupPacketProcessed)
    USBD_Device0_Endpoint0_SetupPacketReceived 0x08000e0b   Thumb Code     6  usbd_config_0.o(i.USBD_Device0_Endpoint0_SetupPacketReceived)
    USBD_Device0_EventReset                  0x08000e11   Thumb Code     2  usbd_config_0.o(i.USBD_Device0_EventReset)
    USBD_Device0_HighSpeedActivated          0x08000e13   Thumb Code     2  usbd_config_0.o(i.USBD_Device0_HighSpeedActivated)
    USBD_Device0_Initialize                  0x08000e15   Thumb Code     2  usbd_config_0.o(i.USBD_Device0_Initialize)
    USBD_Device0_Reset                       0x08000e17   Thumb Code     8  usbd_config_0.o(i.USBD_Device0_Reset)
    USBD_Device0_Resumed                     0x08000e1f   Thumb Code     2  usbd_config_0.o(i.USBD_Device0_Resumed)
    USBD_Device0_Suspended                   0x08000e21   Thumb Code     2  usbd_config_0.o(i.USBD_Device0_Suspended)
    USBD_Device0_Uninitialize                0x08000e23   Thumb Code     2  usbd_config_0.o(i.USBD_Device0_Uninitialize)
    USBD_Device0_VbusChanged                 0x08000e25   Thumb Code     2  usbd_config_0.o(i.USBD_Device0_VbusChanged)
    USBD_DriverDeviceConnect                 0x08000f59   Thumb Code    74  usbd_lib_drv.o(i.USBD_DriverDeviceConnect)
    USBD_DriverDeviceSetAddress              0x08000fad   Thumb Code    82  usbd_lib_drv.o(i.USBD_DriverDeviceSetAddress)
    USBD_DriverEndpointConfigure             0x08001009   Thumb Code   154  usbd_lib_drv.o(i.USBD_DriverEndpointConfigure)
    USBD_DriverEndpointStall                 0x080010b1   Thumb Code   148  usbd_lib_drv.o(i.USBD_DriverEndpointStall)
    USBD_DriverEndpointTransfer              0x08001151   Thumb Code   200  usbd_lib_drv.o(i.USBD_DriverEndpointTransfer)
    USBD_DriverEndpointTransferAbort         0x08001225   Thumb Code   148  usbd_lib_drv.o(i.USBD_DriverEndpointTransferAbort)
    USBD_DriverEndpointTransferGetResult     0x080012c5   Thumb Code   104  usbd_lib_drv.o(i.USBD_DriverEndpointTransferGetResult)
    USBD_DriverEndpointUnconfigure           0x08001339   Thumb Code   146  usbd_lib_drv.o(i.USBD_DriverEndpointUnconfigure)
    USBD_DriverGetCapabilities               0x080013d9   Thumb Code    12  usbd_lib_drv.o(i.USBD_DriverGetCapabilities)
    USBD_DriverGetVersion                    0x080013e9   Thumb Code    12  usbd_lib_drv.o(i.USBD_DriverGetVersion)
    USBD_DriverInitialize                    0x080013f9   Thumb Code    84  usbd_lib_drv.o(i.USBD_DriverInitialize)
    USBD_DriverPowerControl                  0x08001455   Thumb Code    82  usbd_lib_drv.o(i.USBD_DriverPowerControl)
    USBD_DriverReadSetupPacket               0x080014b1   Thumb Code    82  usbd_lib_drv.o(i.USBD_DriverReadSetupPacket)
    USBD_Endpoint0_ClearFeatureStall_MSC     0x080019f5   Thumb Code     2  usbd_config_0.o(i.USBD_Endpoint0_ClearFeatureStall_MSC)
    USBD_Endpoint0_Out_ADC_ReqToEP           0x080019f7   Thumb Code     6  usbd_config_0.o(i.USBD_Endpoint0_Out_ADC_ReqToEP)
    USBD_Endpoint0_Out_ADC_ReqToIF           0x080019fd   Thumb Code     6  usbd_config_0.o(i.USBD_Endpoint0_Out_ADC_ReqToIF)
    USBD_Endpoint0_Out_CDC_ReqToIF           0x08001a03   Thumb Code     6  usbd_config_0.o(i.USBD_Endpoint0_Out_CDC_ReqToIF)
    USBD_Endpoint0_Out_HID_ReqToIF           0x08001a09   Thumb Code   102  usbd_lib_core_hid.o(i.USBD_Endpoint0_Out_HID_ReqToIF)
    USBD_Endpoint0_ReqGetDescriptor_HID      0x08001a81   Thumb Code   244  usbd_lib_core_hid.o(i.USBD_Endpoint0_ReqGetDescriptor_HID)
    USBD_Endpoint0_Setup_ADC_ReqToEP         0x08001b8d   Thumb Code     6  usbd_config_0.o(i.USBD_Endpoint0_Setup_ADC_ReqToEP)
    USBD_Endpoint0_Setup_ADC_ReqToIF         0x08001b93   Thumb Code     6  usbd_config_0.o(i.USBD_Endpoint0_Setup_ADC_ReqToIF)
    USBD_Endpoint0_Setup_CDC_ReqToIF         0x08001b99   Thumb Code     6  usbd_config_0.o(i.USBD_Endpoint0_Setup_CDC_ReqToIF)
    USBD_Endpoint0_Setup_HID_ReqToIF         0x08001ba1   Thumb Code   328  usbd_lib_core_hid.o(i.USBD_Endpoint0_Setup_HID_ReqToIF)
    USBD_Endpoint0_Setup_MSC_ReqToIF         0x08001cf9   Thumb Code     6  usbd_config_0.o(i.USBD_Endpoint0_Setup_MSC_ReqToIF)
    USBD_EndpointStart                       0x08001f95   Thumb Code    78  usbd_config_0.o(i.USBD_EndpointStart)
    USBD_EndpointStop                        0x08001fe9   Thumb Code     2  usbd_config_0.o(i.USBD_EndpointStop)
    USBD_HID0_GetProtocol                    0x080021e5   Thumb Code     6  usbd_config_0.o(i.USBD_HID0_GetProtocol)
    USBD_HID0_GetReport                      0x080021eb   Thumb Code    10  usbd_config_0.o(i.USBD_HID0_GetReport)
    USBD_HID0_Initialize                     0x080021f5   Thumb Code     2  usbd_config_0.o(i.USBD_HID0_Initialize)
    USBD_HID0_SetProtocol                    0x080021f7   Thumb Code     6  usbd_config_0.o(i.USBD_HID0_SetProtocol)
    USBD_HID0_SetReport                      0x080021fd   Thumb Code    10  usbd_config_0.o(i.USBD_HID0_SetReport)
    USBD_HID0_Thread                         0x08002207   Thumb Code     6  usbd_lib_hid.o(i.USBD_HID0_Thread)
    USBD_HID0_Uninitialize                   0x0800220d   Thumb Code     2  usbd_config_0.o(i.USBD_HID0_Uninitialize)
    USBD_HID_CoreGetIdle                     0x08002259   Thumb Code    46  usbd_lib_hid.o(i.USBD_HID_CoreGetIdle)
    USBD_HID_CoreGetProtocol                 0x08002291   Thumb Code    50  usbd_lib_hid.o(i.USBD_HID_CoreGetProtocol)
    USBD_HID_CoreGetReport                   0x080022d1   Thumb Code    90  usbd_lib_hid.o(i.USBD_HID_CoreGetReport)
    USBD_HID_CoreSetIdle                     0x08002339   Thumb Code   114  usbd_lib_hid.o(i.USBD_HID_CoreSetIdle)
    USBD_HID_CoreSetProtocol                 0x080023b9   Thumb Code    50  usbd_lib_hid.o(i.USBD_HID_CoreSetProtocol)
    USBD_HID_CoreSetReport                   0x080023f9   Thumb Code    98  usbd_lib_hid.o(i.USBD_HID_CoreSetReport)
    USBD_HID_EndpointStart                   0x08002469   Thumb Code    44  usbd_lib_hid.o(i.USBD_HID_EndpointStart)
    USBD_HID_Initialize                      0x080026a9   Thumb Code   106  usbd_lib_hid.o(i.USBD_HID_Initialize)
    USBD_HID_Reset                           0x08002725   Thumb Code    96  usbd_lib_hid.o(i.USBD_HID_Reset)
    USBD_HID_SetConfiguration                0x08002791   Thumb Code    58  usbd_lib_hid.o(i.USBD_HID_SetConfiguration)
    USBD_HID_Thread                          0x080027d5   Thumb Code    52  usbd_lib_hid.o(i.USBD_HID_Thread)
    USBD_HID_Timer                           0x08002809   Thumb Code   292  usbd_lib_hid.o(i.USBD_HID_Timer)
    USBD_Initialize                          0x080029ad   Thumb Code   210  usbd_lib_core.o(i.USBD_Initialize)
    USBD_Reset                               0x080033c5   Thumb Code    46  usbd_config_0.o(i.USBD_Reset)
    USBD_SemaphoreAcquire                    0x08003421   Thumb Code    38  usbd_config_0.o(i.USBD_SemaphoreAcquire)
    USBD_SemaphoreCreate                     0x08003449   Thumb Code   102  usbd_config_0.o(i.USBD_SemaphoreCreate)
    USBD_SemaphoreRelease                    0x080034bd   Thumb Code    22  usbd_config_0.o(i.USBD_SemaphoreRelease)
    USBD_SetConfiguration                    0x080034d5   Thumb Code    50  usbd_config_0.o(i.USBD_SetConfiguration)
    USBD_SignalDeviceEvent                   0x0800350d   Thumb Code    10  usbd_lib_drv.o(i.USBD_SignalDeviceEvent)
    USBD_SignalEndpointEvent                 0x0800351d   Thumb Code    60  usbd_lib_drv.o(i.USBD_SignalEndpointEvent)
    USBD_StatusInStage                       0x08003565   Thumb Code    10  usbd_lib_core.o(i.USBD_StatusInStage)
    USBD_StatusInStageDone                   0x0800356f   Thumb Code    16  usbd_lib_core.o(i.USBD_StatusInStageDone)
    USBD_StatusOutStage                      0x0800357f   Thumb Code    10  usbd_lib_core.o(i.USBD_StatusOutStage)
    USBD_StatusOutStageDone                  0x08003589   Thumb Code    42  usbd_lib_core.o(i.USBD_StatusOutStageDone)
    USBD_ThreadCreate                        0x080035b9   Thumb Code    90  usbd_config_0.o(i.USBD_ThreadCreate)
    USBD_ThreadFlagsSet                      0x0800361d   Thumb Code    24  usbd_config_0.o(i.USBD_ThreadFlagsSet)
    USBD_ThreadFlagsWait                     0x08003635   Thumb Code    42  usbd_config_0.o(i.USBD_ThreadFlagsWait)
    USBD_TimerCreate                         0x08003661   Thumb Code    28  usbd_config_0.o(i.USBD_TimerCreate)
    USBD_TimerStart                          0x08003681   Thumb Code    26  usbd_config_0.o(i.USBD_TimerStart)
    USBD_TimerStop                           0x0800369b   Thumb Code    22  usbd_config_0.o(i.USBD_TimerStop)
    USBHID_init                              0x08003701   Thumb Code    16  usbhid.o(i.USBHID_init)
    USB_LP_CAN1_RX0_IRQHandler               0x08003711   Thumb Code   444  usbd_stm32f10x.o(i.USB_LP_CAN1_RX0_IRQHandler)
    __scatterload_copy                       0x080038f5   Thumb Code    14  handlers.o(i.__scatterload_copy)
    __scatterload_null                       0x08003903   Thumb Code     2  handlers.o(i.__scatterload_null)
    __scatterload_zeroinit                   0x08003905   Thumb Code    14  handlers.o(i.__scatterload_zeroinit)
    _init_box                                0x08003913   Thumb Code    70  rt_membox.o(i._init_box)
    change_caps_lock                         0x08003959   Thumb Code    46  led.o(i.change_caps_lock)
    change_num_lock                          0x08003991   Thumb Code    46  led.o(i.change_num_lock)
    change_scroll_lock                       0x080039c9   Thumb Code    46  led.o(i.change_scroll_lock)
    dbg_init                                 0x08003a01   Thumb Code    34  hal_cm.o(i.dbg_init)
    dbg_task_notify                          0x08003a31   Thumb Code    32  hal_cm.o(i.dbg_task_notify)
    dbg_task_switch                          0x08003a51   Thumb Code    16  hal_cm.o(i.dbg_task_switch)
    invoke_clock_tick                        0x08003a61   Thumb Code    30  keyboard.o(i.invoke_clock_tick)
    isrMessageGet                            0x08003a85   Thumb Code    42  rt_cmsis.o(i.isrMessageGet)
    isrMessagePut                            0x08003aaf   Thumb Code    44  rt_cmsis.o(i.isrMessagePut)
    isrSemaphoreRelease                      0x08003adb   Thumb Code    40  rt_cmsis.o(i.isrSemaphoreRelease)
    isrSignalSet                             0x08003b03   Thumb Code    36  rt_cmsis.o(i.isrSignalSet)
    isr_evt_set                              0x08003b29   Thumb Code    34  rt_event.o(i.isr_evt_set)
    isr_mbx_receive                          0x08003b51   Thumb Code    86  rt_mailbox.o(i.isr_mbx_receive)
    isr_mbx_send                             0x08003ba7   Thumb Code    14  rt_mailbox.o(i.isr_mbx_send)
    isr_sem_send                             0x08003bb5   Thumb Code    16  rt_semaphore.o(i.isr_sem_send)
    keyboard_init                            0x08003bc5   Thumb Code    90  keyboard.o(i.keyboard_init)
    keyboard_scan                            0x08003c29   Thumb Code   252  keyboard.o(i.keyboard_scan)
    keyboard_sync_status                     0x08003d2d   Thumb Code    72  keyboard.o(i.keyboard_sync_status)
    led_init                                 0x08003d75   Thumb Code    88  led.o(i.led_init)
    main                                     0x08003dd5   Thumb Code    82  main.o(i.main)
    osDelay                                  0x08003e29   Thumb Code    18  rt_cmsis.o(i.osDelay)
    osKernelInitialize                       0x08003e41   Thumb Code    30  rt_cmsis.o(i.osKernelInitialize)
    osKernelStart                            0x08003e65   Thumb Code    98  rt_cmsis.o(i.osKernelStart)
    osMessageGet                             0x08003ed1   Thumb Code    18  rt_cmsis.o(i.osMessageGet)
    osSemaphoreCreate                        0x08003ee9   Thumb Code    36  rt_cmsis.o(i.osSemaphoreCreate)
    osSemaphoreRelease                       0x08003f15   Thumb Code    18  rt_cmsis.o(i.osSemaphoreRelease)
    osSemaphoreWait                          0x08003f2d   Thumb Code    20  rt_cmsis.o(i.osSemaphoreWait)
    osSignalSet                              0x08003f45   Thumb Code    18  rt_cmsis.o(i.osSignalSet)
    osSignalWait                             0x08003f5d   Thumb Code    18  rt_cmsis.o(i.osSignalWait)
    osThreadCreate                           0x08003f75   Thumb Code    36  rt_cmsis.o(i.osThreadCreate)
    osThreadExit                             0x08003fa1   Thumb Code    14  rt_cmsis.o(i.osThreadExit)
    osTimerCall                              0x08003fb9   Thumb Code     8  rt_cmsis.o(i.osTimerCall)
    osTimerCreate                            0x08003fc5   Thumb Code    36  rt_cmsis.o(i.osTimerCreate)
    osTimerStart                             0x08003ff1   Thumb Code    18  rt_cmsis.o(i.osTimerStart)
    osTimerStop                              0x08004009   Thumb Code    18  rt_cmsis.o(i.osTimerStop)
    osTimerThread                            0x08004021   Thumb Code    38  rt_cmsis.o(i.osTimerThread)
    os_error                                 0x0800404d   Thumb Code    34  rtx_conf_cm.o(i.os_error)
    os_idle_demon                            0x0800406f   Thumb Code     4  rtx_conf_cm.o(i.os_idle_demon)
    os_tick_init                             0x08004075   Thumb Code    32  rt_system.o(i.os_tick_init)
    os_tick_irqack                           0x0800409d   Thumb Code     2  rt_system.o(i.os_tick_irqack)
    rt_alloc_box                             0x0800409f   Thumb Code    26  rt_membox.o(i.rt_alloc_box)
    rt_alloc_mem                             0x080040b9   Thumb Code    62  rt_memory.o(i.rt_alloc_mem)
    rt_block                                 0x080040f9   Thumb Code    48  rt_task.o(i.rt_block)
    rt_chk_robin                             0x08004131   Thumb Code    60  rt_robin.o(i.rt_chk_robin)
    rt_dec_dly                               0x08004179   Thumb Code   102  rt_list.o(i.rt_dec_dly)
    rt_dispatch                              0x080041e9   Thumb Code    60  rt_task.o(i.rt_dispatch)
    rt_dly_wait                              0x0800422d   Thumb Code     6  rt_time.o(i.rt_dly_wait)
    rt_evt_psh                               0x08004235   Thumb Code    76  rt_event.o(i.rt_evt_psh)
    rt_evt_set                               0x08004285   Thumb Code    88  rt_event.o(i.rt_evt_set)
    rt_evt_wait                              0x080042e1   Thumb Code    56  rt_event.o(i.rt_evt_wait)
    rt_free_box                              0x0800431d   Thumb Code    44  rt_membox.o(i.rt_free_box)
    rt_free_mem                              0x08004349   Thumb Code    40  rt_memory.o(i.rt_free_mem)
    rt_get_first                             0x08004371   Thumb Code    40  rt_list.o(i.rt_get_first)
    rt_init_mem                              0x080043e9   Thumb Code    26  rt_memory.o(i.rt_init_mem)
    rt_init_robin                            0x08004405   Thumb Code    14  rt_robin.o(i.rt_init_robin)
    rt_init_stack                            0x0800441d   Thumb Code   118  hal_cm.o(i.rt_init_stack)
    rt_mbx_check                             0x0800449d   Thumb Code     8  rt_mailbox.o(i.rt_mbx_check)
    rt_mbx_init                              0x080044a5   Thumb Code    26  rt_mailbox.o(i.rt_mbx_init)
    rt_mbx_psh                               0x080044c1   Thumb Code   236  rt_mailbox.o(i.rt_mbx_psh)
    rt_mbx_wait                              0x080045b1   Thumb Code   174  rt_mailbox.o(i.rt_mbx_wait)
    rt_pop_req                               0x080046a9   Thumb Code   112  rt_system.o(i.rt_pop_req)
    rt_psh_req                               0x08004725   Thumb Code    22  rt_system.o(i.rt_psh_req)
    rt_psq_enq                               0x08004745   Thumb Code    88  rt_list.o(i.rt_psq_enq)
    rt_put_dly                               0x080047a1   Thumb Code    68  rt_list.o(i.rt_put_dly)
    rt_put_prio                              0x080047e9   Thumb Code    54  rt_list.o(i.rt_put_prio)
    rt_put_rdy_first                         0x08004821   Thumb Code    14  rt_list.o(i.rt_put_rdy_first)
    rt_resort_prio                           0x08004835   Thumb Code    46  rt_list.o(i.rt_resort_prio)
    rt_ret_val                               0x08004869   Thumb Code     6  hal_cm.o(i.rt_ret_val)
    rt_ret_val2                              0x0800486f   Thumb Code     8  hal_cm.o(i.rt_ret_val2)
    rt_rmv_dly                               0x08004877   Thumb Code    40  rt_list.o(i.rt_rmv_dly)
    rt_rmv_list                              0x080048a1   Thumb Code    44  rt_list.o(i.rt_rmv_list)
    rt_sem_init                              0x080048d1   Thumb Code    12  rt_semaphore.o(i.rt_sem_init)
    rt_sem_psh                               0x080048dd   Thumb Code    48  rt_semaphore.o(i.rt_sem_psh)
    rt_sem_send                              0x08004911   Thumb Code    42  rt_semaphore.o(i.rt_sem_send)
    rt_sem_wait                              0x0800493d   Thumb Code    58  rt_semaphore.o(i.rt_sem_wait)
    rt_stk_check                             0x0800497d   Thumb Code    28  rt_system.o(i.rt_stk_check)
    rt_switch_req                            0x080049a1   Thumb Code    30  rt_task.o(i.rt_switch_req)
    rt_sys_init                              0x080049c9   Thumb Code   138  rt_task.o(i.rt_sys_init)
    rt_sys_start                             0x08004a95   Thumb Code   110  rt_task.o(i.rt_sys_start)
    rt_systick                               0x08004b0d   Thumb Code    50  rt_system.o(i.rt_systick)
    rt_tsk_create                            0x08004bd1   Thumb Code   118  rt_task.o(i.rt_tsk_create)
    rt_tsk_delete                            0x08004c59   Thumb Code   352  rt_task.o(i.rt_tsk_delete)
    rt_tsk_prio                              0x08004dd5   Thumb Code   108  rt_task.o(i.rt_tsk_prio)
    rt_tsk_self                              0x08004e51   Thumb Code    12  rt_task.o(i.rt_tsk_self)
    svcDelay                                 0x08004e61   Thumb Code    18  rt_cmsis.o(i.svcDelay)
    svcKernelInitialize                      0x08004e75   Thumb Code    80  rt_cmsis.o(i.svcKernelInitialize)
    svcKernelStart                           0x08004ee5   Thumb Code    62  rt_cmsis.o(i.svcKernelStart)
    svcMessageCreate                         0x08004f2d   Thumb Code    36  rt_cmsis.o(i.svcMessageCreate)
    svcMessageGet                            0x08004f51   Thumb Code    58  rt_cmsis.o(i.svcMessageGet)
    svcSemaphoreCreate                       0x08004f8b   Thumb Code    36  rt_cmsis.o(i.svcSemaphoreCreate)
    svcSemaphoreRelease                      0x08004faf   Thumb Code    40  rt_cmsis.o(i.svcSemaphoreRelease)
    svcSemaphoreWait                         0x08004fd7   Thumb Code    50  rt_cmsis.o(i.svcSemaphoreWait)
    svcSignalSet                             0x08005009   Thumb Code    36  rt_cmsis.o(i.svcSignalSet)
    svcSignalWait                            0x0800502d   Thumb Code    80  rt_cmsis.o(i.svcSignalWait)
    svcThreadCreate                          0x08005081   Thumb Code    96  rt_cmsis.o(i.svcThreadCreate)
    svcThreadGetId                           0x080050ed   Thumb Code    22  rt_cmsis.o(i.svcThreadGetId)
    svcThreadTerminate                       0x08005109   Thumb Code    50  rt_cmsis.o(i.svcThreadTerminate)
    svcTimerCall                             0x08005141   Thumb Code    24  rt_cmsis.o(i.svcTimerCall)
    svcTimerCreate                           0x08005159   Thumb Code    52  rt_cmsis.o(i.svcTimerCreate)
    svcTimerStart                            0x08005191   Thumb Code    96  rt_cmsis.o(i.svcTimerStart)
    svcTimerStop                             0x080051f5   Thumb Code    36  rt_cmsis.o(i.svcTimerStop)
    switch_sr_status                         0x08005219   Thumb Code    34  keyboard.o(i.switch_sr_status)
    sysTimerTick                             0x08005241   Thumb Code    84  rt_cmsis.o(i.sysTimerTick)
    ibm1391401_keycode                       0x0800529c   Data         128  keyboard.o(.constdata)
    os_maxtaskrun                            0x0800531c   Data           2  rtx_conf_cm.o(.constdata)
    os_stackinfo                             0x08005320   Data           4  rtx_conf_cm.o(.constdata)
    os_rrobin                                0x08005324   Data           4  rtx_conf_cm.o(.constdata)
    os_tickfreq                              0x08005328   Data           4  rtx_conf_cm.o(.constdata)
    os_tickus_i                              0x0800532c   Data           2  rtx_conf_cm.o(.constdata)
    os_tickus_f                              0x0800532e   Data           2  rtx_conf_cm.o(.constdata)
    os_trv                                   0x08005330   Data           4  rtx_conf_cm.o(.constdata)
    os_flags                                 0x08005334   Data           1  rtx_conf_cm.o(.constdata)
    CMSIS_RTOS_API_Version                   0x08005338   Data           4  rtx_conf_cm.o(.constdata)
    CMSIS_RTOS_RTX_Version                   0x0800533c   Data           4  rtx_conf_cm.o(.constdata)
    os_clockrate                             0x08005340   Data           4  rtx_conf_cm.o(.constdata)
    os_timernum                              0x08005344   Data           4  rtx_conf_cm.o(.constdata)
    mp_tcb_size                              0x08005348   Data           2  rtx_conf_cm.o(.constdata)
    mp_stk_size                              0x0800534c   Data           4  rtx_conf_cm.o(.constdata)
    os_stack_sz                              0x08005350   Data           4  rtx_conf_cm.o(.constdata)
    os_fifo_size                             0x08005354   Data           1  rtx_conf_cm.o(.constdata)
    os_thread_def_osTimerThread              0x08005358   Data          16  rtx_conf_cm.o(.constdata)
    os_messageQ_def_osTimerMessageQ          0x08005368   Data           8  rtx_conf_cm.o(.constdata)
    mp_tmr_size                              0x08005370   Data           2  rtx_conf_cm.o(.constdata)
    os_thread_def_main                       0x08005374   Data          16  rtx_conf_cm.o(.constdata)
    Driver_USBD0                             0x080053ac   Data          72  usbd_stm32f10x.o(.constdata)
    usbd0_dev                                0x080053f4   Data          24  usbd_config_0.o(.constdata)
    os_thread_def_USBD0_Core_Thread          0x0800540c   Data          16  usbd_config_0.o(.constdata)
    usbd_dev_num                             0x0800541c   Data           1  usbd_config_0.o(.constdata)
    usbd_dev_ptr                             0x08005420   Data           4  usbd_config_0.o(.constdata)
    usbd_hid_num                             0x08005424   Data           1  usbd_config_0.o(.constdata)
    usbd_hid                                 0x08005428   Data          56  usbd_config_0.o(.constdata)
    os_thread_def_USBD_HID0_Thread           0x08005464   Data          16  usbd_config_0.o(.constdata)
    os_timer_def_usbd_hid0_timer             0x08005478   Data           8  usbd_config_0.o(.constdata)
    os_semaphore_def_usbd0_driver_semaphore  0x08005484   Data           4  usbd_config_0.o(.constdata)
    os_semaphore_def_usbd0_driver_ep0out_semaphore 0x08005488   Data           4  usbd_config_0.o(.constdata)
    os_semaphore_def_usbd0_driver_ep0in_semaphore 0x0800548c   Data           4  usbd_config_0.o(.constdata)
    os_semaphore_def_usbd0_driver_ep1out_semaphore 0x08005490   Data           4  usbd_config_0.o(.constdata)
    os_semaphore_def_usbd0_driver_ep1in_semaphore 0x08005494   Data           4  usbd_config_0.o(.constdata)
    os_semaphore_def_usbd_hid0_semaphore     0x080054ac   Data           4  usbd_config_0.o(.constdata)
    usbd_ep_max_num                          0x080054b4   Data           1  usbd_config_0.o(.constdata)
    usbd_cb_device_event_ptr                 0x080054b8   Data           4  usbd_config_0.o(.constdata)
    usbd_cb_endpoint_event_ptr               0x080054bc   Data           4  usbd_config_0.o(.constdata)
    fpUSBD_HID_Initialize                    0x080054c0   Data           4  usbd_config_0.o(.constdata)
    fpUSBD_HID_Uninitialize                  0x080054c4   Data           4  usbd_config_0.o(.constdata)
    fpUSBD_HID_GetReport                     0x080054c8   Data           4  usbd_config_0.o(.constdata)
    fpUSBD_HID_SetReport                     0x080054cc   Data           4  usbd_config_0.o(.constdata)
    fpUSBD_HID_GetProtocol                   0x080054d0   Data           4  usbd_config_0.o(.constdata)
    fpUSBD_HID_SetProtocol                   0x080054d4   Data           4  usbd_config_0.o(.constdata)
    fpUSBD_Device_Initialize                 0x080054d8   Data           4  usbd_config_0.o(.constdata)
    fpUSBD_Device_Uninitialize               0x080054dc   Data           4  usbd_config_0.o(.constdata)
    fpUSBD_Device_VbusChanged                0x080054e0   Data           4  usbd_config_0.o(.constdata)
    fpUSBD_Device_Reset                      0x080054e4   Data           4  usbd_config_0.o(.constdata)
    fpUSBD_Device_HighSpeedActivated         0x080054e8   Data           4  usbd_config_0.o(.constdata)
    fpUSBD_Device_Suspended                  0x080054ec   Data           4  usbd_config_0.o(.constdata)
    fpUSBD_Device_Resumed                    0x080054f0   Data           4  usbd_config_0.o(.constdata)
    fpUSBD_Device_ConfigurationChanged       0x080054f4   Data           4  usbd_config_0.o(.constdata)
    fpUSBD_Device_EnableRemoteWakeup         0x080054f8   Data           4  usbd_config_0.o(.constdata)
    fpUSBD_Device_DisableRemoteWakeup        0x080054fc   Data           4  usbd_config_0.o(.constdata)
    fpUSBD_Device_Endpoint0_SetupPacketReceived 0x08005500   Data           4  usbd_config_0.o(.constdata)
    fpUSBD_Device_Endpoint0_SetupPacketProcessed 0x08005504   Data           4  usbd_config_0.o(.constdata)
    fpUSBD_Device_Endpoint0_OutDataReceived  0x08005508   Data           4  usbd_config_0.o(.constdata)
    fpUSBD_Device_Endpoint0_InDataSent       0x0800550c   Data           4  usbd_config_0.o(.constdata)
    usbd_hid0_report_descriptor              0x08005510   Data          33  usbd_config_0.o(.constdata)
    usbd_hid_desc_ptr                        0x08005534   Data           4  usbd_config_0.o(.constdata)
    usbd0_ep0_descriptor                     0x08005538   Data           7  usbd_config_0.o(.constdata)
    usbd0_device_descriptor                  0x0800553f   Data          18  usbd_config_0.o(.constdata)
    usbd0_config_descriptor_fs               0x08005551   Data          42  usbd_config_0.o(.constdata)
    usbd0_device_qualifier_fs                0x0800557b   Data           1  usbd_config_0.o(.constdata)
    usbd0_device_qualifier_hs                0x0800557c   Data           1  usbd_config_0.o(.constdata)
    usbd0_config_descriptor_hs               0x0800557d   Data           1  usbd_config_0.o(.constdata)
    usbd0_other_speed_config_descriptor_fs   0x0800557e   Data           1  usbd_config_0.o(.constdata)
    usbd0_other_speed_config_descriptor_hs   0x0800557f   Data           1  usbd_config_0.o(.constdata)
    usbd0_string_descriptor                  0x08005580   Data         115  usbd_config_0.o(.constdata)
    INTERVAL_HS                              0x080055f4   Data          32  usbd_lib_hid.o(.constdata)
    usb_lib_version                          0x08005614   Data           4  usb_lib_ver.o(.constdata)
    Region$$Table$$Base                      0x08005618   Number         0  anon$$obj.o(Region$$Table)
    Region$$Table$$Limit                     0x08005638   Number         0  anon$$obj.o(Region$$Table)
    osThreadId_osTimerThread                 0x20000004   Data           4  rtx_conf_cm.o(.data)
    osMessageQId_osTimerMessageQ             0x20000008   Data           4  rtx_conf_cm.o(.data)
    os_tmr                                   0x2000000c   Data           4  rtx_conf_cm.o(.data)
    m_tmr                                    0x20000010   Data           4  rtx_conf_cm.o(.data)
    SystemCoreClock                          0x20000034   Data           4  system_stm32f10x.o(.data)
    AHBPrescTable                            0x20000038   Data          16  system_stm32f10x.o(.data)
    usbd0_alt_setting                        0x20000048   Data           1  usbd_config_0.o(.data)
    usbd_core_thread_id                      0x2000004c   Data           4  usbd_config_0.o(.data)
    usbd_driver_semaphore_id                 0x20000050   Data           4  usbd_config_0.o(.data)
    usbd_hid_thread_id                       0x20000054   Data           4  usbd_config_0.o(.data)
    usbd_hid_timer_id                        0x20000058   Data           4  usbd_config_0.o(.data)
    usbd_hid_semaphore_id                    0x2000005c   Data           4  usbd_config_0.o(.data)
    usbd_hid0_idle_count                     0x20000060   Data           2  usbd_config_0.o(.data)
    usbd_hid0_idle_reload                    0x20000062   Data           2  usbd_config_0.o(.data)
    usbd_hid0_idle_set                       0x20000064   Data           1  usbd_config_0.o(.data)
    usbd_hid0_in_report                      0x20000068   Data           1  usbd_config_0.o(.data)
    usbd_hid0_out_report                     0x2000006c   Data           1  usbd_config_0.o(.data)
    usbd_hid0_feat_report                    0x20000070   Data           1  usbd_config_0.o(.data)
    usbd_hid_ptr                             0x20000074   Data           4  usbd_config_0.o(.data)
    os_semaphore_cb_usbd0_driver_semaphore   0x20000078   Data           8  usbd_config_0.o(.data)
    os_semaphore_cb_usbd0_driver_ep0out_semaphore 0x20000080   Data           8  usbd_config_0.o(.data)
    os_semaphore_cb_usbd0_driver_ep0in_semaphore 0x20000088   Data           8  usbd_config_0.o(.data)
    os_semaphore_cb_usbd0_driver_ep1out_semaphore 0x20000090   Data           8  usbd_config_0.o(.data)
    os_semaphore_cb_usbd0_driver_ep1in_semaphore 0x20000098   Data           8  usbd_config_0.o(.data)
    os_semaphore_cb_usbd_hid0_semaphore      0x200000a0   Data           8  usbd_config_0.o(.data)
    usbd_ep_thread_id_ptr                    0x200000a8   Data           8  usbd_config_0.o(.data)
    usbd_drv_version                         0x200000b0   Data           4  usbd_config_0.o(.data)
    usbd_capabilities                        0x200000b4   Data           4  usbd_config_0.o(.data)
    usbd_hid0_desc                           0x200000b8   Data           8  usbd_config_0.o(.data)
    usbd0_desc                               0x200000c0   Data          36  usbd_config_0.o(.data)
    usbd_desc_ptr                            0x200000e4   Data           4  usbd_config_0.o(.data)
    os_initialized                           0x200000e8   Data           1  rt_cmsis.o(.data)
    os_running                               0x200000e9   Data           1  rt_cmsis.o(.data)
    os_timer_head                            0x200000ec   Data           4  rt_cmsis.o(.data)
    os_tsk                                   0x200000f8   Data           8  rt_task.o(.data)
    os_tick_irqn                             0x20000104   Data           4  rt_system.o(.data)
    os_time                                  0x20000108   Data           4  rt_time.o(.data)
    dbg_msg                                  0x2000010c   Data           1  hal_cm.o(.data)
    os_robin                                 0x20000110   Data           8  rt_robin.o(.data)
    mp_tcb                                   0x20000118   Data         376  rtx_conf_cm.o(.bss)
    mp_stk                                   0x20000290   Data        1216  rtx_conf_cm.o(.bss)
    os_stack_mem                             0x20000750   Data         432  rtx_conf_cm.o(.bss)
    os_fifo                                  0x20000900   Data         132  rtx_conf_cm.o(.bss)
    os_active_TCB                            0x20000984   Data          28  rtx_conf_cm.o(.bss)
    os_messageQ_q_osTimerMessageQ            0x200009a0   Data          32  rtx_conf_cm.o(.bss)
    usbd0_ep0_buf                            0x20000b28   Data          64  usbd_config_0.o(.bss)
    usbd0_data                               0x20000b68   Data         176  usbd_config_0.o(.bss)
    usbd_driver_ep_semaphore_id              0x20000c18   Data          16  usbd_config_0.o(.bss)
    usbd_hid_data                            0x20000c28   Data          32  usbd_config_0.o(.bss)
    os_timer_cb_usbd_hid0_timer              0x20000c48   Data          24  usbd_config_0.o(.bss)
    os_idle_TCB                              0x20000c60   Data          52  rt_task.o(.bss)
    os_rdy                                   0x20000c94   Data          24  rt_list.o(.bss)
    os_dly                                   0x20000cac   Data          24  rt_list.o(.bss)
    __initial_sp                             0x200010c8   Data           0  startup_stm32f10x_md.o(STACK)



==============================================================================

Memory Map of the image

  Image Entry point : 0x08000241

  Load Region LR_1 (Base: 0x08000000, Size: 0x00005750, Max: 0xffffffff, ABSOLUTE)

    Execution Region ER_RO (Base: 0x08000000, Size: 0x00005638, Max: 0xffffffff, ABSOLUTE)

    Base Addr    Size         Type   Attr      Idx    E Section Name        Object

    0x08000000   0x000000ec   Data   RO         1682    RESET               startup_stm32f10x_md.o
    0x080000ec   0x00000000   Code   RO         3572  * .ARM.Collect$$$$00000000  mc_w.l(entry.o)
    0x080000ec   0x00000004   Code   RO         3583    .ARM.Collect$$$$00000001  mc_w.l(entry2.o)
    0x080000f0   0x00000004   Code   RO         3586    .ARM.Collect$$$$00000004  mc_w.l(entry5.o)
    0x080000f4   0x00000000   Code   RO         3588    .ARM.Collect$$$$00000008  mc_w.l(entry7b.o)
    0x080000f4   0x00000000   Code   RO         3590    .ARM.Collect$$$$0000000A  mc_w.l(entry8b.o)
    0x080000f4   0x00000000   Code   RO         3591    .ARM.Collect$$$$0000000D  mc_w.l(entry10a.o)
    0x080000f4   0x00000000   Code   RO         3593    .ARM.Collect$$$$0000000F  mc_w.l(entry11a.o)
    0x080000f4   0x00000018   Code   RO          252    .ARM.Collect$$$$000000FF  rtx_conf_cm.o
    0x0800010c   0x00000004   Code   RO         3584    .ARM.Collect$$$$00002712  mc_w.l(entry2.o)
    0x08000110   0x00000130   Code   RO         3559    .emb_text           RTX_CM3.lib(hal_cm3.o)
    0x08000240   0x00000024   Code   RO         1683  * .text               startup_stm32f10x_md.o
    0x08000264   0x00000062   Code   RO         3575    .text               mc_w.l(uldiv.o)
    0x080002c6   0x00000024   Code   RO         3579    .text               mc_w.l(memseta.o)
    0x080002ea   0x0000001e   Code   RO         3595    .text               mc_w.l(llshl.o)
    0x08000308   0x00000020   Code   RO         3597    .text               mc_w.l(llushr.o)
    0x08000328   0x00000024   Code   RO         3599    .text               mc_w.l(init.o)
    0x0800034c   0x00000004   Code   RO         3569    SVC_TABLE           RTX_CM3.lib(svc_table.o)
    0x08000350   0x00000002   Code   RO         1494    i.DMA1_Channel1_Event  dma_stm32f10x.o
    0x08000352   0x00000002   PAD
    0x08000354   0x0000001c   Code   RO         1495    i.DMA1_Channel1_IRQHandler  dma_stm32f10x.o
    0x08000370   0x00000002   Code   RO         1496    i.DMA1_Channel2_Event  dma_stm32f10x.o
    0x08000372   0x00000002   PAD
    0x08000374   0x0000001c   Code   RO         1497    i.DMA1_Channel2_IRQHandler  dma_stm32f10x.o
    0x08000390   0x00000002   Code   RO         1498    i.DMA1_Channel3_Event  dma_stm32f10x.o
    0x08000392   0x00000002   PAD
    0x08000394   0x0000001c   Code   RO         1499    i.DMA1_Channel3_IRQHandler  dma_stm32f10x.o
    0x080003b0   0x00000002   Code   RO         1500    i.DMA1_Channel4_Event  dma_stm32f10x.o
    0x080003b2   0x00000002   PAD
    0x080003b4   0x0000001c   Code   RO         1501    i.DMA1_Channel4_IRQHandler  dma_stm32f10x.o
    0x080003d0   0x00000002   Code   RO         1502    i.DMA1_Channel5_Event  dma_stm32f10x.o
    0x080003d2   0x00000002   PAD
    0x080003d4   0x0000001c   Code   RO         1503    i.DMA1_Channel5_IRQHandler  dma_stm32f10x.o
    0x080003f0   0x00000002   Code   RO         1504    i.DMA1_Channel6_Event  dma_stm32f10x.o
    0x080003f2   0x00000002   PAD
    0x080003f4   0x0000001c   Code   RO         1505    i.DMA1_Channel6_IRQHandler  dma_stm32f10x.o
    0x08000410   0x00000002   Code   RO         1506    i.DMA1_Channel7_Event  dma_stm32f10x.o
    0x08000412   0x00000002   PAD
    0x08000414   0x0000001c   Code   RO         1507    i.DMA1_Channel7_IRQHandler  dma_stm32f10x.o
    0x08000430   0x00000098   Code   RO         1639    i.GPIO_GetPortClockState  gpio_stm32f10x.o
    0x080004c8   0x00000116   Code   RO          602    i.GPIO_Init         stm32f10x_gpio.o
    0x080005de   0x00000078   Code   RO         1640    i.GPIO_PinConfigure  gpio_stm32f10x.o
    0x08000656   0x00000002   PAD
    0x08000658   0x0000013c   Code   RO         1641    i.GPIO_PortClock    gpio_stm32f10x.o
    0x08000794   0x00000008   Code   RO          605    i.GPIO_ReadInputData  stm32f10x_gpio.o
    0x0800079c   0x00000004   Code   RO          609    i.GPIO_ResetBits    stm32f10x_gpio.o
    0x080007a0   0x00000004   Code   RO          610    i.GPIO_SetBits      stm32f10x_gpio.o
    0x080007a4   0x00000040   Code   RO          293    i.IN_EP_Status      usbd_stm32f10x.o
    0x080007e4   0x00000040   Code   RO          294    i.OUT_EP_Status     usbd_stm32f10x.o
    0x08000824   0x00000020   Code   RO          726    i.RCC_APB2PeriphClockCmd  stm32f10x_rcc.o
    0x08000844   0x00000008   Code   RO         1690    i.SetSysClock       system_stm32f10x.o
    0x0800084c   0x000000e0   Code   RO         1691    i.SetSysClockTo72   system_stm32f10x.o
    0x0800092c   0x000000a4   Code   RO         1692    i.SystemCoreClockUpdate  system_stm32f10x.o
    0x080009d0   0x00000060   Code   RO         1693    i.SystemInit        system_stm32f10x.o
    0x08000a30   0x00000006   Code   RO         2751    i.USBD0_Core_Thread  USB_CM3_L.lib(usbd_lib_core.o)
    0x08000a36   0x0000000e   Code   RO         1736    i.USBD0_SignalDeviceEvent  usbd_config_0.o
    0x08000a44   0x00000012   Code   RO         1737    i.USBD0_SignalEndpointEvent  usbd_config_0.o
    0x08000a56   0x00000002   PAD
    0x08000a58   0x00000028   Code   RO         2755    i.USBD_CheckDevice  USB_CM3_L.lib(usbd_lib_core.o)
    0x08000a80   0x00000040   Code   RO         1738    i.USBD_ClassInitialize  usbd_config_0.o
    0x08000ac0   0x00000006   Code   RO         1740    i.USBD_Class_Endpoint0_InDataSent  usbd_config_0.o
    0x08000ac6   0x00000006   Code   RO         1741    i.USBD_Class_Endpoint0_OutDataReceived  usbd_config_0.o
    0x08000acc   0x00000002   Code   RO         1742    i.USBD_Class_Endpoint0_SetupPacketProcessed  usbd_config_0.o
    0x08000ace   0x00000006   Code   RO         1743    i.USBD_Class_Endpoint0_SetupPacketReceived  usbd_config_0.o
    0x08000ad4   0x00000018   Code   RO         2757    i.USBD_Connect      USB_CM3_L.lib(usbd_lib_core.o)
    0x08000aec   0x000000d8   Code   RO         2758    i.USBD_Core         USB_CM3_L.lib(usbd_lib_core.o)
    0x08000bc4   0x00000044   Code   RO         3503    i.USBD_Core_Endpoint0_InDataSent  USB_CM3_L.lib(usbd_lib_core_device.o)
    0x08000c08   0x00000044   Code   RO         3504    i.USBD_Core_Endpoint0_OutDataReceived  USB_CM3_L.lib(usbd_lib_core_device.o)
    0x08000c4c   0x0000003c   Code   RO         3505    i.USBD_Core_Endpoint0_SetupPacketProcessed  USB_CM3_L.lib(usbd_lib_core_device.o)
    0x08000c88   0x00000050   Code   RO         3506    i.USBD_Core_Endpoint0_SetupPacketReceived  USB_CM3_L.lib(usbd_lib_core_device.o)
    0x08000cd8   0x00000094   Code   RO         2759    i.USBD_Core_Thread  USB_CM3_L.lib(usbd_lib_core.o)
    0x08000d6c   0x00000050   Code   RO         2760    i.USBD_DataInStage  USB_CM3_L.lib(usbd_lib_core.o)
    0x08000dbc   0x0000002c   Code   RO         2761    i.USBD_DataOutStage  USB_CM3_L.lib(usbd_lib_core.o)
    0x08000de8   0x0000000e   Code   RO         1744    i.USBD_Delay        usbd_config_0.o
    0x08000df6   0x00000002   Code   RO         1745    i.USBD_Device0_ConfigurationChanged  usbd_config_0.o
    0x08000df8   0x00000002   Code   RO         1746    i.USBD_Device0_DisableRemoteWakeup  usbd_config_0.o
    0x08000dfa   0x00000002   Code   RO         1747    i.USBD_Device0_EnableRemoteWakeup  usbd_config_0.o
    0x08000dfc   0x00000006   Code   RO         1748    i.USBD_Device0_Endpoint0_InDataSent  usbd_config_0.o
    0x08000e02   0x00000006   Code   RO         1749    i.USBD_Device0_Endpoint0_OutDataReceived  usbd_config_0.o
    0x08000e08   0x00000002   Code   RO         1750    i.USBD_Device0_Endpoint0_SetupPacketProcessed  usbd_config_0.o
    0x08000e0a   0x00000006   Code   RO         1751    i.USBD_Device0_Endpoint0_SetupPacketReceived  usbd_config_0.o
    0x08000e10   0x00000002   Code   RO         1752    i.USBD_Device0_EventReset  usbd_config_0.o
    0x08000e12   0x00000002   Code   RO         1753    i.USBD_Device0_HighSpeedActivated  usbd_config_0.o
    0x08000e14   0x00000002   Code   RO         1754    i.USBD_Device0_Initialize  usbd_config_0.o
    0x08000e16   0x00000008   Code   RO         1755    i.USBD_Device0_Reset  usbd_config_0.o
    0x08000e1e   0x00000002   Code   RO         1756    i.USBD_Device0_Resumed  usbd_config_0.o
    0x08000e20   0x00000002   Code   RO         1757    i.USBD_Device0_Suspended  usbd_config_0.o
    0x08000e22   0x00000002   Code   RO         1758    i.USBD_Device0_Uninitialize  usbd_config_0.o
    0x08000e24   0x00000002   Code   RO         1759    i.USBD_Device0_VbusChanged  usbd_config_0.o
    0x08000e26   0x00000002   PAD
    0x08000e28   0x00000050   Code   RO          295    i.USBD_DeviceConnect  usbd_stm32f10x.o
    0x08000e78   0x00000040   Code   RO          296    i.USBD_DeviceDisconnect  usbd_stm32f10x.o
    0x08000eb8   0x00000040   Code   RO          297    i.USBD_DeviceGetState  usbd_stm32f10x.o
    0x08000ef8   0x0000003c   Code   RO          298    i.USBD_DeviceRemoteWakeup  usbd_stm32f10x.o
    0x08000f34   0x00000024   Code   RO          299    i.USBD_DeviceSetAddress  usbd_stm32f10x.o
    0x08000f58   0x00000054   Code   RO         2830    i.USBD_DriverDeviceConnect  USB_CM3_L.lib(usbd_lib_drv.o)
    0x08000fac   0x0000005c   Code   RO         2834    i.USBD_DriverDeviceSetAddress  USB_CM3_L.lib(usbd_lib_drv.o)
    0x08001008   0x000000a8   Code   RO         2835    i.USBD_DriverEndpointConfigure  USB_CM3_L.lib(usbd_lib_drv.o)
    0x080010b0   0x000000a0   Code   RO         2836    i.USBD_DriverEndpointStall  USB_CM3_L.lib(usbd_lib_drv.o)
    0x08001150   0x000000d4   Code   RO         2837    i.USBD_DriverEndpointTransfer  USB_CM3_L.lib(usbd_lib_drv.o)
    0x08001224   0x000000a0   Code   RO         2838    i.USBD_DriverEndpointTransferAbort  USB_CM3_L.lib(usbd_lib_drv.o)
    0x080012c4   0x00000074   Code   RO         2839    i.USBD_DriverEndpointTransferGetResult  USB_CM3_L.lib(usbd_lib_drv.o)
    0x08001338   0x000000a0   Code   RO         2840    i.USBD_DriverEndpointUnconfigure  USB_CM3_L.lib(usbd_lib_drv.o)
    0x080013d8   0x00000010   Code   RO         2841    i.USBD_DriverGetCapabilities  USB_CM3_L.lib(usbd_lib_drv.o)
    0x080013e8   0x00000010   Code   RO         2843    i.USBD_DriverGetVersion  USB_CM3_L.lib(usbd_lib_drv.o)
    0x080013f8   0x0000005c   Code   RO         2844    i.USBD_DriverInitialize  USB_CM3_L.lib(usbd_lib_drv.o)
    0x08001454   0x0000005c   Code   RO         2845    i.USBD_DriverPowerControl  USB_CM3_L.lib(usbd_lib_drv.o)
    0x080014b0   0x0000005c   Code   RO         2846    i.USBD_DriverReadSetupPacket  USB_CM3_L.lib(usbd_lib_drv.o)
    0x0800150c   0x000000dc   Code   RO          300    i.USBD_EP_HW_Read   usbd_stm32f10x.o
    0x080015e8   0x000000a4   Code   RO          301    i.USBD_EP_HW_Write  usbd_stm32f10x.o
    0x0800168c   0x00000368   Code   RO         2763    i.USBD_Endpoint0    USB_CM3_L.lib(usbd_lib_core.o)
    0x080019f4   0x00000002   Code   RO         1760    i.USBD_Endpoint0_ClearFeatureStall_MSC  usbd_config_0.o
    0x080019f6   0x00000006   Code   RO         1761    i.USBD_Endpoint0_Out_ADC_ReqToEP  usbd_config_0.o
    0x080019fc   0x00000006   Code   RO         1762    i.USBD_Endpoint0_Out_ADC_ReqToIF  usbd_config_0.o
    0x08001a02   0x00000006   Code   RO         1763    i.USBD_Endpoint0_Out_CDC_ReqToIF  usbd_config_0.o
    0x08001a08   0x00000078   Code   RO         3523    i.USBD_Endpoint0_Out_HID_ReqToIF  USB_CM3_L.lib(usbd_lib_core_hid.o)
    0x08001a80   0x0000010c   Code   RO         3524    i.USBD_Endpoint0_ReqGetDescriptor_HID  USB_CM3_L.lib(usbd_lib_core_hid.o)
    0x08001b8c   0x00000006   Code   RO         1764    i.USBD_Endpoint0_Setup_ADC_ReqToEP  usbd_config_0.o
    0x08001b92   0x00000006   Code   RO         1765    i.USBD_Endpoint0_Setup_ADC_ReqToIF  usbd_config_0.o
    0x08001b98   0x00000006   Code   RO         1766    i.USBD_Endpoint0_Setup_CDC_ReqToIF  usbd_config_0.o
    0x08001b9e   0x00000002   PAD
    0x08001ba0   0x00000158   Code   RO         3525    i.USBD_Endpoint0_Setup_HID_ReqToIF  USB_CM3_L.lib(usbd_lib_core_hid.o)
    0x08001cf8   0x00000006   Code   RO         1767    i.USBD_Endpoint0_Setup_MSC_ReqToIF  usbd_config_0.o
    0x08001cfe   0x00000002   PAD
    0x08001d00   0x000001c0   Code   RO          302    i.USBD_EndpointConfigure  usbd_stm32f10x.o
    0x08001ec0   0x000000d4   Code   RO          303    i.USBD_EndpointStall  usbd_stm32f10x.o
    0x08001f94   0x00000054   Code   RO         1768    i.USBD_EndpointStart  usbd_config_0.o
    0x08001fe8   0x00000002   Code   RO         1769    i.USBD_EndpointStop  usbd_config_0.o
    0x08001fea   0x00000002   PAD
    0x08001fec   0x0000007c   Code   RO          304    i.USBD_EndpointTransfer  usbd_stm32f10x.o
    0x08002068   0x00000060   Code   RO          305    i.USBD_EndpointTransferAbort  usbd_stm32f10x.o
    0x080020c8   0x00000028   Code   RO          306    i.USBD_EndpointTransferGetResult  usbd_stm32f10x.o
    0x080020f0   0x000000bc   Code   RO          307    i.USBD_EndpointUnconfigure  usbd_stm32f10x.o
    0x080021ac   0x0000000c   Code   RO          308    i.USBD_GetCapabilities  usbd_stm32f10x.o
    0x080021b8   0x0000001c   Code   RO          309    i.USBD_GetFrameNumber  usbd_stm32f10x.o
    0x080021d4   0x00000010   Code   RO          310    i.USBD_GetVersion   usbd_stm32f10x.o
    0x080021e4   0x00000006   Code   RO         1770    i.USBD_HID0_GetProtocol  usbd_config_0.o
    0x080021ea   0x0000000a   Code   RO         1771    i.USBD_HID0_GetReport  usbd_config_0.o
    0x080021f4   0x00000002   Code   RO         1772    i.USBD_HID0_Initialize  usbd_config_0.o
    0x080021f6   0x00000006   Code   RO         1773    i.USBD_HID0_SetProtocol  usbd_config_0.o
    0x080021fc   0x0000000a   Code   RO         1774    i.USBD_HID0_SetReport  usbd_config_0.o
    0x08002206   0x00000006   Code   RO         2883    i.USBD_HID0_Thread  USB_CM3_L.lib(usbd_lib_hid.o)
    0x0800220c   0x00000002   Code   RO         1775    i.USBD_HID0_Uninitialize  usbd_config_0.o
    0x0800220e   0x00000002   PAD
    0x08002210   0x00000048   Code   RO         2887    i.USBD_HID_CheckInstance  USB_CM3_L.lib(usbd_lib_hid.o)
    0x08002258   0x00000038   Code   RO         2888    i.USBD_HID_CoreGetIdle  USB_CM3_L.lib(usbd_lib_hid.o)
    0x08002290   0x00000040   Code   RO         2889    i.USBD_HID_CoreGetProtocol  USB_CM3_L.lib(usbd_lib_hid.o)
    0x080022d0   0x00000068   Code   RO         2890    i.USBD_HID_CoreGetReport  USB_CM3_L.lib(usbd_lib_hid.o)
    0x08002338   0x00000080   Code   RO         2891    i.USBD_HID_CoreSetIdle  USB_CM3_L.lib(usbd_lib_hid.o)
    0x080023b8   0x00000040   Code   RO         2892    i.USBD_HID_CoreSetProtocol  USB_CM3_L.lib(usbd_lib_hid.o)
    0x080023f8   0x00000070   Code   RO         2893    i.USBD_HID_CoreSetReport  USB_CM3_L.lib(usbd_lib_hid.o)
    0x08002468   0x00000030   Code   RO         2894    i.USBD_HID_EndpointStart  USB_CM3_L.lib(usbd_lib_hid.o)
    0x08002498   0x00000184   Code   RO         2895    i.USBD_HID_EpIntIn  USB_CM3_L.lib(usbd_lib_hid.o)
    0x0800261c   0x0000008c   Code   RO         2896    i.USBD_HID_EpIntOut  USB_CM3_L.lib(usbd_lib_hid.o)
    0x080026a8   0x0000007c   Code   RO         2898    i.USBD_HID_Initialize  USB_CM3_L.lib(usbd_lib_hid.o)
    0x08002724   0x0000006c   Code   RO         2899    i.USBD_HID_Reset    USB_CM3_L.lib(usbd_lib_hid.o)
    0x08002790   0x00000044   Code   RO         2900    i.USBD_HID_SetConfiguration  USB_CM3_L.lib(usbd_lib_hid.o)
    0x080027d4   0x00000034   Code   RO         2901    i.USBD_HID_Thread   USB_CM3_L.lib(usbd_lib_hid.o)
    0x08002808   0x00000134   Code   RO         2902    i.USBD_HID_Timer    USB_CM3_L.lib(usbd_lib_hid.o)
    0x0800293c   0x00000070   Code   RO          311    i.USBD_Initialize   usbd_stm32f10x.o
    0x080029ac   0x000000f8   Code   RO         2772    i.USBD_Initialize   USB_CM3_L.lib(usbd_lib_core.o)
    0x08002aa4   0x00000158   Code   RO          312    i.USBD_PowerControl  usbd_stm32f10x.o
    0x08002bfc   0x00000048   Code   RO          313    i.USBD_ReadSetupPacket  usbd_stm32f10x.o
    0x08002c44   0x00000168   Code   RO         2773    i.USBD_ReqGetDescriptor  USB_CM3_L.lib(usbd_lib_core.o)
    0x08002dac   0x000000b4   Code   RO         2774    i.USBD_ReqGetStatus  USB_CM3_L.lib(usbd_lib_core.o)
    0x08002e60   0x00000110   Code   RO         2775    i.USBD_ReqSetClrFeature  USB_CM3_L.lib(usbd_lib_core.o)
    0x08002f70   0x00000268   Code   RO         2776    i.USBD_ReqSetConfiguration  USB_CM3_L.lib(usbd_lib_core.o)
    0x080031d8   0x00000198   Code   RO         2777    i.USBD_ReqSetInterface  USB_CM3_L.lib(usbd_lib_core.o)
    0x08003370   0x00000054   Code   RO          314    i.USBD_Reset        usbd_stm32f10x.o
    0x080033c4   0x00000034   Code   RO         1776    i.USBD_Reset        usbd_config_0.o
    0x080033f8   0x00000028   Code   RO         2778    i.USBD_ResetCore    USB_CM3_L.lib(usbd_lib_core.o)
    0x08003420   0x00000026   Code   RO         1777    i.USBD_SemaphoreAcquire  usbd_config_0.o
    0x08003446   0x00000002   PAD
    0x08003448   0x00000074   Code   RO         1778    i.USBD_SemaphoreCreate  usbd_config_0.o
    0x080034bc   0x00000016   Code   RO         1780    i.USBD_SemaphoreRelease  usbd_config_0.o
    0x080034d2   0x00000002   PAD
    0x080034d4   0x00000038   Code   RO         1781    i.USBD_SetConfiguration  usbd_config_0.o
    0x0800350c   0x00000010   Code   RO         2848    i.USBD_SignalDeviceEvent  USB_CM3_L.lib(usbd_lib_drv.o)
    0x0800351c   0x00000048   Code   RO         2849    i.USBD_SignalEndpointEvent  USB_CM3_L.lib(usbd_lib_drv.o)
    0x08003564   0x0000000a   Code   RO         2779    i.USBD_StatusInStage  USB_CM3_L.lib(usbd_lib_core.o)
    0x0800356e   0x00000010   Code   RO         2780    i.USBD_StatusInStageDone  USB_CM3_L.lib(usbd_lib_core.o)
    0x0800357e   0x0000000a   Code   RO         2781    i.USBD_StatusOutStage  USB_CM3_L.lib(usbd_lib_core.o)
    0x08003588   0x00000030   Code   RO         2782    i.USBD_StatusOutStageDone  USB_CM3_L.lib(usbd_lib_core.o)
    0x080035b8   0x00000064   Code   RO         1782    i.USBD_ThreadCreate  usbd_config_0.o
    0x0800361c   0x00000018   Code   RO         1783    i.USBD_ThreadFlagsSet  usbd_config_0.o
    0x08003634   0x0000002a   Code   RO         1784    i.USBD_ThreadFlagsWait  usbd_config_0.o
    0x0800365e   0x00000002   PAD
    0x08003660   0x00000020   Code   RO         1786    i.USBD_TimerCreate  usbd_config_0.o
    0x08003680   0x0000001a   Code   RO         1788    i.USBD_TimerStart   usbd_config_0.o
    0x0800369a   0x00000016   Code   RO         1789    i.USBD_TimerStop    usbd_config_0.o
    0x080036b0   0x00000050   Code   RO          315    i.USBD_Uninitialize  usbd_stm32f10x.o
    0x08003700   0x00000010   Code   RO          213    i.USBHID_init       usbhid.o
    0x08003710   0x000001e4   Code   RO          316    i.USB_LP_CAN1_RX0_IRQHandler  usbd_stm32f10x.o
    0x080038f4   0x0000000e   Code   RO         3602    i.__scatterload_copy  mc_w.l(handlers.o)
    0x08003902   0x00000002   Code   RO         3603    i.__scatterload_null  mc_w.l(handlers.o)
    0x08003904   0x0000000e   Code   RO         3604    i.__scatterload_zeroinit  mc_w.l(handlers.o)
    0x08003912   0x00000046   Code   RO         3386    i._init_box         RTX_CM3.lib(rt_membox.o)
    0x08003958   0x00000038   Code   RO          170    i.change_caps_lock  led.o
    0x08003990   0x00000038   Code   RO          171    i.change_num_lock   led.o
    0x080039c8   0x00000038   Code   RO          172    i.change_scroll_lock  led.o
    0x08003a00   0x00000030   Code   RO         3439    i.dbg_init          RTX_CM3.lib(hal_cm.o)
    0x08003a30   0x00000020   Code   RO         3440    i.dbg_task_notify   RTX_CM3.lib(hal_cm.o)
    0x08003a50   0x00000010   Code   RO         3441    i.dbg_task_switch   RTX_CM3.lib(hal_cm.o)
    0x08003a60   0x00000024   Code   RO          119    i.invoke_clock_tick  keyboard.o
    0x08003a84   0x0000002a   Code   RO         2129    i.isrMessageGet     RTX_CM3.lib(rt_cmsis.o)
    0x08003aae   0x0000002c   Code   RO         2130    i.isrMessagePut     RTX_CM3.lib(rt_cmsis.o)
    0x08003ada   0x00000028   Code   RO         2131    i.isrSemaphoreRelease  RTX_CM3.lib(rt_cmsis.o)
    0x08003b02   0x00000024   Code   RO         2132    i.isrSignalSet      RTX_CM3.lib(rt_cmsis.o)
    0x08003b26   0x00000002   PAD
    0x08003b28   0x00000028   Code   RO         3110    i.isr_evt_set       RTX_CM3.lib(rt_event.o)
    0x08003b50   0x00000056   Code   RO         3232    i.isr_mbx_receive   RTX_CM3.lib(rt_mailbox.o)
    0x08003ba6   0x0000000e   Code   RO         3233    i.isr_mbx_send      RTX_CM3.lib(rt_mailbox.o)
    0x08003bb4   0x00000010   Code   RO         3280    i.isr_sem_send      RTX_CM3.lib(rt_semaphore.o)
    0x08003bc4   0x00000064   Code   RO          120    i.keyboard_init     keyboard.o
    0x08003c28   0x00000104   Code   RO          121    i.keyboard_scan     keyboard.o
    0x08003d2c   0x00000048   Code   RO          122    i.keyboard_sync_status  keyboard.o
    0x08003d74   0x00000060   Code   RO          173    i.led_init          led.o
    0x08003dd4   0x00000052   Code   RO            4    i.main              main.o
    0x08003e26   0x00000002   PAD
    0x08003e28   0x00000018   Code   RO         2133    i.osDelay           RTX_CM3.lib(rt_cmsis.o)
    0x08003e40   0x00000024   Code   RO         2134    i.osKernelInitialize  RTX_CM3.lib(rt_cmsis.o)
    0x08003e64   0x0000006c   Code   RO         2136    i.osKernelStart     RTX_CM3.lib(rt_cmsis.o)
    0x08003ed0   0x00000018   Code   RO         2145    i.osMessageGet      RTX_CM3.lib(rt_cmsis.o)
    0x08003ee8   0x0000002c   Code   RO         2155    i.osSemaphoreCreate  RTX_CM3.lib(rt_cmsis.o)
    0x08003f14   0x00000018   Code   RO         2157    i.osSemaphoreRelease  RTX_CM3.lib(rt_cmsis.o)
    0x08003f2c   0x00000018   Code   RO         2158    i.osSemaphoreWait   RTX_CM3.lib(rt_cmsis.o)
    0x08003f44   0x00000018   Code   RO         2160    i.osSignalSet       RTX_CM3.lib(rt_cmsis.o)
    0x08003f5c   0x00000018   Code   RO         2161    i.osSignalWait      RTX_CM3.lib(rt_cmsis.o)
    0x08003f74   0x0000002c   Code   RO         2162    i.osThreadCreate    RTX_CM3.lib(rt_cmsis.o)
    0x08003fa0   0x00000018   Code   RO         2163    i.osThreadExit      RTX_CM3.lib(rt_cmsis.o)
    0x08003fb8   0x0000000c   Code   RO         2169    i.osTimerCall       RTX_CM3.lib(rt_cmsis.o)
    0x08003fc4   0x0000002c   Code   RO         2170    i.osTimerCreate     RTX_CM3.lib(rt_cmsis.o)
    0x08003ff0   0x00000018   Code   RO         2172    i.osTimerStart      RTX_CM3.lib(rt_cmsis.o)
    0x08004008   0x00000018   Code   RO         2173    i.osTimerStop       RTX_CM3.lib(rt_cmsis.o)
    0x08004020   0x0000002c   Code   RO         2174    i.osTimerThread     RTX_CM3.lib(rt_cmsis.o)
    0x0800404c   0x00000022   Code   RO          253    i.os_error          rtx_conf_cm.o
    0x0800406e   0x00000004   Code   RO          254    i.os_idle_demon     rtx_conf_cm.o
    0x08004072   0x00000002   PAD
    0x08004074   0x00000028   Code   RO         3020    i.os_tick_init      RTX_CM3.lib(rt_system.o)
    0x0800409c   0x00000002   Code   RO         3021    i.os_tick_irqack    RTX_CM3.lib(rt_system.o)
    0x0800409e   0x0000001a   Code   RO         3387    i.rt_alloc_box      RTX_CM3.lib(rt_membox.o)
    0x080040b8   0x0000003e   Code   RO         3415    i.rt_alloc_mem      RTX_CM3.lib(rt_memory.o)
    0x080040f6   0x00000002   PAD
    0x080040f8   0x00000038   Code   RO         2935    i.rt_block          RTX_CM3.lib(rt_task.o)
    0x08004130   0x00000048   Code   RO         3538    i.rt_chk_robin      RTX_CM3.lib(rt_robin.o)
    0x08004178   0x00000070   Code   RO         3156    i.rt_dec_dly        RTX_CM3.lib(rt_list.o)
    0x080041e8   0x00000044   Code   RO         2936    i.rt_dispatch       RTX_CM3.lib(rt_task.o)
    0x0800422c   0x00000006   Code   RO         3322    i.rt_dly_wait       RTX_CM3.lib(rt_time.o)
    0x08004232   0x00000002   PAD
    0x08004234   0x00000050   Code   RO         3113    i.rt_evt_psh        RTX_CM3.lib(rt_event.o)
    0x08004284   0x0000005c   Code   RO         3114    i.rt_evt_set        RTX_CM3.lib(rt_event.o)
    0x080042e0   0x0000003c   Code   RO         3115    i.rt_evt_wait       RTX_CM3.lib(rt_event.o)
    0x0800431c   0x0000002c   Code   RO         3388    i.rt_free_box       RTX_CM3.lib(rt_membox.o)
    0x08004348   0x00000028   Code   RO         3416    i.rt_free_mem       RTX_CM3.lib(rt_memory.o)
    0x08004370   0x00000028   Code   RO         3157    i.rt_get_first      RTX_CM3.lib(rt_list.o)
    0x08004398   0x00000008   Code   RO         2179    i.rt_id2obj         RTX_CM3.lib(rt_cmsis.o)
    0x080043a0   0x00000048   Code   RO         2937    i.rt_init_context   RTX_CM3.lib(rt_task.o)
    0x080043e8   0x0000001a   Code   RO         3417    i.rt_init_mem       RTX_CM3.lib(rt_memory.o)
    0x08004402   0x00000002   PAD
    0x08004404   0x00000018   Code   RO         3539    i.rt_init_robin     RTX_CM3.lib(rt_robin.o)
    0x0800441c   0x00000080   Code   RO         3442    i.rt_init_stack     RTX_CM3.lib(hal_cm.o)
    0x0800449c   0x00000008   Code   RO         3234    i.rt_mbx_check      RTX_CM3.lib(rt_mailbox.o)
    0x080044a4   0x0000001a   Code   RO         3235    i.rt_mbx_init       RTX_CM3.lib(rt_mailbox.o)
    0x080044be   0x00000002   PAD
    0x080044c0   0x000000f0   Code   RO         3236    i.rt_mbx_psh        RTX_CM3.lib(rt_mailbox.o)
    0x080045b0   0x000000b4   Code   RO         3238    i.rt_mbx_wait       RTX_CM3.lib(rt_mailbox.o)
    0x08004664   0x00000044   Code   RO         2180    i.rt_ms2tick        RTX_CM3.lib(rt_cmsis.o)
    0x080046a8   0x0000007c   Code   RO         3024    i.rt_pop_req        RTX_CM3.lib(rt_system.o)
    0x08004724   0x00000020   Code   RO         3025    i.rt_psh_req        RTX_CM3.lib(rt_system.o)
    0x08004744   0x0000005c   Code   RO         3159    i.rt_psq_enq        RTX_CM3.lib(rt_list.o)
    0x080047a0   0x00000048   Code   RO         3160    i.rt_put_dly        RTX_CM3.lib(rt_list.o)
    0x080047e8   0x00000036   Code   RO         3161    i.rt_put_prio       RTX_CM3.lib(rt_list.o)
    0x0800481e   0x00000002   PAD
    0x08004820   0x00000014   Code   RO         3162    i.rt_put_rdy_first  RTX_CM3.lib(rt_list.o)
    0x08004834   0x00000034   Code   RO         3163    i.rt_resort_prio    RTX_CM3.lib(rt_list.o)
    0x08004868   0x00000006   Code   RO         3443    i.rt_ret_val        RTX_CM3.lib(hal_cm.o)
    0x0800486e   0x00000008   Code   RO         3444    i.rt_ret_val2       RTX_CM3.lib(hal_cm.o)
    0x08004876   0x00000028   Code   RO         3164    i.rt_rmv_dly        RTX_CM3.lib(rt_list.o)
    0x0800489e   0x00000002   PAD
    0x080048a0   0x00000030   Code   RO         3165    i.rt_rmv_list       RTX_CM3.lib(rt_list.o)
    0x080048d0   0x0000000c   Code   RO         3282    i.rt_sem_init       RTX_CM3.lib(rt_semaphore.o)
    0x080048dc   0x00000034   Code   RO         3283    i.rt_sem_psh        RTX_CM3.lib(rt_semaphore.o)
    0x08004910   0x0000002a   Code   RO         3284    i.rt_sem_send       RTX_CM3.lib(rt_semaphore.o)
    0x0800493a   0x00000002   PAD
    0x0800493c   0x00000040   Code   RO         3285    i.rt_sem_wait       RTX_CM3.lib(rt_semaphore.o)
    0x0800497c   0x00000024   Code   RO         3027    i.rt_stk_check      RTX_CM3.lib(rt_system.o)
    0x080049a0   0x00000028   Code   RO         2938    i.rt_switch_req     RTX_CM3.lib(rt_task.o)
    0x080049c8   0x000000cc   Code   RO         2939    i.rt_sys_init       RTX_CM3.lib(rt_task.o)
    0x08004a94   0x00000078   Code   RO         2940    i.rt_sys_start      RTX_CM3.lib(rt_task.o)
    0x08004b0c   0x00000040   Code   RO         3029    i.rt_systick        RTX_CM3.lib(rt_system.o)
    0x08004b4c   0x00000012   Code   RO         2181    i.rt_tid2ptcb       RTX_CM3.lib(rt_cmsis.o)
    0x08004b5e   0x00000002   PAD
    0x08004b60   0x00000034   Code   RO         2182    i.rt_timer_insert   RTX_CM3.lib(rt_cmsis.o)
    0x08004b94   0x0000003c   Code   RO         2183    i.rt_timer_remove   RTX_CM3.lib(rt_cmsis.o)
    0x08004bd0   0x00000088   Code   RO         2941    i.rt_tsk_create     RTX_CM3.lib(rt_task.o)
    0x08004c58   0x0000017c   Code   RO         2942    i.rt_tsk_delete     RTX_CM3.lib(rt_task.o)
    0x08004dd4   0x0000007c   Code   RO         2944    i.rt_tsk_prio       RTX_CM3.lib(rt_task.o)
    0x08004e50   0x00000010   Code   RO         2945    i.rt_tsk_self       RTX_CM3.lib(rt_task.o)
    0x08004e60   0x00000012   Code   RO         2184    i.svcDelay          RTX_CM3.lib(rt_cmsis.o)
    0x08004e72   0x00000002   PAD
    0x08004e74   0x00000070   Code   RO         2185    i.svcKernelInitialize  RTX_CM3.lib(rt_cmsis.o)
    0x08004ee4   0x00000048   Code   RO         2187    i.svcKernelStart    RTX_CM3.lib(rt_cmsis.o)
    0x08004f2c   0x00000024   Code   RO         2190    i.svcMessageCreate  RTX_CM3.lib(rt_cmsis.o)
    0x08004f50   0x0000003a   Code   RO         2191    i.svcMessageGet     RTX_CM3.lib(rt_cmsis.o)
    0x08004f8a   0x00000024   Code   RO         2198    i.svcSemaphoreCreate  RTX_CM3.lib(rt_cmsis.o)
    0x08004fae   0x00000028   Code   RO         2200    i.svcSemaphoreRelease  RTX_CM3.lib(rt_cmsis.o)
    0x08004fd6   0x00000032   Code   RO         2201    i.svcSemaphoreWait  RTX_CM3.lib(rt_cmsis.o)
    0x08005008   0x00000024   Code   RO         2203    i.svcSignalSet      RTX_CM3.lib(rt_cmsis.o)
    0x0800502c   0x00000054   Code   RO         2204    i.svcSignalWait     RTX_CM3.lib(rt_cmsis.o)
    0x08005080   0x0000006c   Code   RO         2205    i.svcThreadCreate   RTX_CM3.lib(rt_cmsis.o)
    0x080050ec   0x0000001c   Code   RO         2206    i.svcThreadGetId    RTX_CM3.lib(rt_cmsis.o)
    0x08005108   0x00000038   Code   RO         2209    i.svcThreadTerminate  RTX_CM3.lib(rt_cmsis.o)
    0x08005140   0x00000018   Code   RO         2211    i.svcTimerCall      RTX_CM3.lib(rt_cmsis.o)
    0x08005158   0x00000038   Code   RO         2212    i.svcTimerCreate    RTX_CM3.lib(rt_cmsis.o)
    0x08005190   0x00000064   Code   RO         2214    i.svcTimerStart     RTX_CM3.lib(rt_cmsis.o)
    0x080051f4   0x00000024   Code   RO         2215    i.svcTimerStop      RTX_CM3.lib(rt_cmsis.o)
    0x08005218   0x00000028   Code   RO          123    i.switch_sr_status  keyboard.o
    0x08005240   0x0000005c   Code   RO         2220    i.sysTimerTick      RTX_CM3.lib(rt_cmsis.o)
    0x0800529c   0x00000080   Data   RO          124    .constdata          keyboard.o
    0x0800531c   0x00000068   Data   RO          256    .constdata          rtx_conf_cm.o
    0x08005384   0x00000070   Data   RO          318    .constdata          usbd_stm32f10x.o
    0x080053f4   0x000001ff   Data   RO         1791    .constdata          usbd_config_0.o
    0x080055f3   0x00000001   PAD
    0x080055f4   0x00000020   Data   RO         2904    .constdata          USB_CM3_L.lib(usbd_lib_hid.o)
    0x08005614   0x00000004   Data   RO         3490    .constdata          USB_CM3_L.lib(usb_lib_ver.o)
    0x08005618   0x00000020   Data   RO         3601    Region$$Table       anon$$obj.o


    Execution Region ER_RW (Base: 0x20000000, Size: 0x00000118, Max: 0xffffffff, ABSOLUTE)

    Base Addr    Size         Type   Attr      Idx    E Section Name        Object

    0x20000000   0x00000003   Data   RW          174    .data               led.o
    0x20000003   0x00000001   PAD
    0x20000004   0x00000010   Data   RW          257    .data               rtx_conf_cm.o
    0x20000014   0x00000020   Data   RW          319    .data               usbd_stm32f10x.o
    0x20000034   0x00000014   Data   RW         1694    .data               system_stm32f10x.o
    0x20000048   0x000000a0   Data   RW         1792    .data               usbd_config_0.o
    0x200000e8   0x00000008   Data   RW         2223    .data               RTX_CM3.lib(rt_cmsis.o)
    0x200000f0   0x00000008   Data   RW         2784    .data               USB_CM3_L.lib(usbd_lib_core.o)
    0x200000f8   0x00000008   Data   RW         2947    .data               RTX_CM3.lib(rt_task.o)
    0x20000100   0x00000008   Data   RW         3032    .data               RTX_CM3.lib(rt_system.o)
    0x20000108   0x00000004   Data   RW         3326    .data               RTX_CM3.lib(rt_time.o)
    0x2000010c   0x00000001   Data   RW         3445    .data               RTX_CM3.lib(hal_cm.o)
    0x2000010d   0x00000003   PAD
    0x20000110   0x00000008   Data   RW         3540    .data               RTX_CM3.lib(rt_robin.o)


    Execution Region ER_ZI (Base: 0x20000118, Size: 0x00000fb0, Max: 0xffffffff, ABSOLUTE)

    Base Addr    Size         Type   Attr      Idx    E Section Name        Object

    0x20000118   0x000008a8   Zero   RW          255    .bss                rtx_conf_cm.o
    0x200009c0   0x00000168   Zero   RW          317    .bss                usbd_stm32f10x.o
    0x20000b28   0x00000138   Zero   RW         1790    .bss                usbd_config_0.o
    0x20000c60   0x00000034   Zero   RW         2946    .bss                RTX_CM3.lib(rt_task.o)
    0x20000c94   0x00000030   Zero   RW         3166    .bss                RTX_CM3.lib(rt_list.o)
    0x20000cc4   0x00000004   PAD
    0x20000cc8   0x00000400   Zero   RW         1680    STACK               startup_stm32f10x_md.o


==============================================================================

Image component sizes


      Code (inc. data)   RO Data    RW Data    ZI Data      Debug   Object Name

       210         30          0          0          0       7259   dma_stm32f10x.o
       588         66          0          0          0       5558   gpio_stm32f10x.o
       508         38        128          0          0       3071   keyboard.o
       264         38          0          3          0       1897   led.o
        82          0          0          0          0     237149   main.o
        62          6        104         16       2216       7432   rtx_conf_cm.o
        36          8        236          0       1024        776   startup_stm32f10x_md.o
       294          0          0          0          0       3801   stm32f10x_gpio.o
        32          6          0          0          0        605   stm32f10x_rcc.o
       492         50          0         20          0       2677   system_stm32f10x.o
       874         58        511        160        312      48682   usbd_config_0.o
      3156        326        112         32        360      52462   usbd_stm32f10x.o
        16          0          0          0          0        378   usbhid.o

    ----------------------------------------------------------------------
      6652        626       1124        232       3912     371747   Object Totals
         0          0         32          0          0          0   (incl. Generated)
        38          0          1          1          0          0   (incl. Padding)

    ----------------------------------------------------------------------

      Code (inc. data)   RO Data    RW Data    ZI Data      Debug   Library Member Name

       238         24          0          1          0       3312   hal_cm.o
       304         36          0          0          0        768   hal_cm3.o
      1958        210          0          8          0      45482   rt_cmsis.o
       272         18          0          0          0       2650   rt_event.o
       530         34          0          0         48       8253   rt_list.o
       554         10          0          0          0       3949   rt_mailbox.o
       140          0          0          0          0       1925   rt_membox.o
       128          0          0          0          0       2307   rt_memory.o
        96         22          0          8          0       1158   rt_robin.o
       186         10          0          0          0       2902   rt_semaphore.o
       298         52          0          8          0       6223   rt_system.o
      1216        174          0          8         52       9649   rt_task.o
         6          0          0          4          0        652   rt_time.o
         4          4          0          0          0        208   svc_table.o
         0          0          4          0          0          0   usb_lib_ver.o
      3638        216          0          8          0       1584   usbd_lib_core.o
       276         54          0          0          0        324   usbd_lib_core_device.o
       732         70          0          0          0        280   usbd_lib_core_hid.o
      1548        150          0          0          0       1244   usbd_lib_drv.o
      1842        182         32          0          0       1340   usbd_lib_hid.o
         0          0          0          0          0          0   entry.o
         0          0          0          0          0          0   entry10a.o
         0          0          0          0          0          0   entry11a.o
         8          4          0          0          0          0   entry2.o
         4          0          0          0          0          0   entry5.o
         0          0          0          0          0          0   entry7b.o
         0          0          0          0          0          0   entry8b.o
        30          0          0          0          0          0   handlers.o
        36          8          0          0          0         68   init.o
        30          0          0          0          0         68   llshl.o
        32          0          0          0          0         68   llushr.o
        36          0          0          0          0        108   memseta.o
        98          0          0          0          0         92   uldiv.o

    ----------------------------------------------------------------------
     14260       1278         36         48        104      94614   Library Totals
        20          0          0          3          4          0   (incl. Padding)

    ----------------------------------------------------------------------

      Code (inc. data)   RO Data    RW Data    ZI Data      Debug   Library Name

      5930        594          0         37        100      89438   RTX_CM3.lib
      8036        672         36          8          0       4772   USB_CM3_L.lib
       274         12          0          0          0        404   mc_w.l

    ----------------------------------------------------------------------
     14260       1278         36         48        104      94614   Library Totals

    ----------------------------------------------------------------------

==============================================================================


      Code (inc. data)   RO Data    RW Data    ZI Data      Debug   

     20912       1904       1160        280       4016     452681   Grand Totals
     20912       1904       1160        280       4016     452681   ELF Image Totals
     20912       1904       1160        280          0          0   ROM Totals

==============================================================================

    Total RO  Size (Code + RO Data)                22072 (  21.55kB)
    Total RW  Size (RW Data + ZI Data)              4296 (   4.20kB)
    Total ROM Size (Code + RO Data + RW Data)      22352 (  21.83kB)

==============================================================================

